[17:50:02.598] === TEST START === profile: default
[17:50:11.943] $ (knock every 2s) 
[17:50:12.331] ubi0: scanning is finished
[17:50:12.335] ubi0: attached mtd19 (name "rootfs", size 100 MiB)
[17:50:12.340] ubi0: PEB size: 262144 bytes (256 KiB), LEB size: 253952 bytes
[17:50:12.344] ubi0: min./max. I/O unit sizes: 4096/4096, sub-page size 4096
[17:50:12.348] ubi0: VID header offset: 4096 (aligned 4096), data offset: 8192
[17:50:12.352] ubi0: good PEBs: 400, bad PEBs: 0, corrupted PEBs: 0
[17:50:12.357] ubi0: user volume: 1, internal volumes: 1, max. volumes count: 128
[17:50:12.362] ubi0: max/mean erase counter: 2/0, WL threshold: 4096, image sequence number: 2015018471
[17:50:12.366] ubi0: available PEBs: 0, total reserved PEBs: 400, PEBs reserved for bad PEB handling: 40
[17:50:12.370] ubi0: background thread "ubi_bgt0d" started, PID 1078
[17:50:12.374] gdm_mux_init
[17:50:12.377] clk: Not disabling unused clocks
[17:50:12.381] em_mode=0x00000c00:
[17:50:12.384] b[0]=REBOOT_ON_LINUX_CRASH(off)
[17:50:12.388] b[1]=REBOOT_ON_APP_CRASH(off)
[17:50:12.391] b[8]=REBOOT_ON_MODEM_CRASH(off)
[17:50:12.395] b[9]=REBOOT_ON_MODEM_WDT(off)
[17:50:12.398] b[10]=RELOAD_ON_MODEM_CRASH(ON)
[17:50:12.402] b[11]=RELOAD_ON_MODEM_WDT(ON)
[17:50:12.453] b[16]=RUN_CRASH_SH(off)
[17:50:12.458] hw_wd_start(15000/20000)
[17:50:12.462] md wd started: to=3000 du=10000
[17:50:12.465] PM: genpd: Not disabling unused power domains
[17:50:12.469] c00: gdm_irq_set_type: cpu=0 hwirq=97 type=4
[17:50:12.472] c00: set_affinity: irq=44(UART RX) cpu=0
[17:50:12.476] c00: gdm_irq_set_type: cpu=0 hwirq=96 type=4
[17:50:12.480] c00: set_affinity: irq=45(UART TX) cpu=0
[17:50:12.482] uart port[0] fc=0 cr=0000002b
[17:50:12.486] UBIFS (ubi0:0): Mounting in unauthenticated mode
[17:50:12.489] UBIFS (ubi0:0): recovery needed
[17:50:12.492] UBIFS (ubi0:0): recovery deferred
[17:50:12.496] UBIFS (ubi0:0): UBIFS: mounted UBI device 0, volume 0, name "rootfs", R/O mode
[17:50:12.500] UBIFS (ubi0:0): LEB size: 253952 bytes (248 KiB), min./max. I/O unit sizes: 4096 bytes/4096 bytes
[17:50:12.503] UBIFS (ubi0:0): FS size: 87867392 bytes (83 MiB, 346 LEBs), max 384 LEBs, journal size 9404416 bytes (8 MiB, 38 LEBs)
[17:50:12.506] UBIFS (ubi0:0): reserved for root: 0 bytes (0 KiB)
[17:50:12.510] UBIFS (ubi0:0): media format: w4/r0 (latest is w5/r0), UUID C6D979DA-F702-4818-9778-CBF9606FDB8E, small LPT model
[17:50:12.514] VFS: Mounted root (ubifs filesystem) readonly on device 0:16.
[17:50:12.517] devtmpfs: mounted
[17:50:12.520] Freeing unused kernel memory: 1728K
[17:50:12.524] Run /sbin/init as init process
[17:50:12.527]   with arguments:
[17:50:12.531]     /sbin/init
[17:50:12.535]   with environment:
[17:50:12.539]     HOME=/
[17:50:12.987]     TERM=linux
[17:50:12.992]     attty=ttyS1
[17:50:12.996]     sbl_ver=1.2.0
[17:50:12.999]     bl_ver=1.2.0
[17:50:13.003] Welcome to
[17:50:13.006]   G C T   L T E   M O D E M
[17:50:13.009] modprobe: module board not found in modules.dep
[17:50:13.012] backtrace info:
[17:50:13.015]   LIBC=uClibc
[17:50:13.018]   __SSP_ALL__
[17:50:13.022]   guard=0xefbeaddeefbeadde
[17:50:13.025]   inited=1
[17:50:13.028]   stack_corr_nr=0
[17:50:13.113]   load_nr=0
[17:50:13.118]   unload_nr=0
[17:50:13.122]   malloc_flags=0x0
[17:50:13.126] [NV] NV flash Device : NAND FLASH 
[17:50:13.130] [NV] nv_log mask: 0x0->0x3
[17:50:13.133] [NV] NVM_VER=3.0
[17:50:13.136] [NV] +nv_reload ucfg
[17:50:13.139] [NV] NR1NV(9) map(0x0 0x200000)
[17:50:13.142] [NV] [SEL-NV] NR1NV(9) hdr[0]: max_nv_size(0x96e24)
[17:50:13.222] [NV]   hchk=0x7af20757(0x7af20757-ok) magic=0xcafebabe(ok) hsize=0x40 ts=0xc
[17:50:13.227] [NV]   dchk=0xe75e31fb(0xe75e31fb-ok) dsize=0x96de4(ok)
[17:50:13.231] [NV] [SEL-NV] NR1NV(9) hdr[1]: max_nv_size(0x96e24)
[17:50:13.235] [NV]   hchk=0x7b260758(0x7b260758-ok) magic=0xcafebabe(ok) hsize=0x40 ts=0xd
[17:50:13.266] [NV]   dchk=0xe75e31fb(0xe75e31fb-ok) dsize=0x96de4(ok)
[17:50:13.271] [NV] NR1NV(9): active=1 map(0x0-0x200000) ts=0xd sz=0x96e24
[17:50:13.275] [NV] NR2NV(10) map(0x0 0x100000)
[17:50:13.279] [NV] [SEL-NV] NR2NV(10) hdr[0]: max_nv_size(0x19140)
[17:50:13.302] [NV]   hchk=0x2f8905b5(0x2f8905b5-ok) magic=0xcafebabe(ok) hsize=0x40 ts=0x4
[17:50:13.307] [NV]   dchk=0xeb592437(0xeb592437-ok) dsize=0x19100(ok)
[17:50:13.311] [NV] [SEL-NV] NR2NV(10) hdr[1]: max_nv_size(0x19140)
[17:50:13.314] [NV]   hchk=0x2bf30594(0x2bf30594-ok) magic=0xcafebabe(ok) hsize=0x40 ts=0x5
[17:50:13.339] [NV]   dchk=0x1f4024fa(0x1f4024fa-ok) dsize=0x19100(ok)
[17:50:13.343] [NV] NR2NV(10): active=1 map(0x0-0x100000) ts=0x5 sz=0x19140
[17:50:13.347] [NV] NR2NV Init active block [1]=0x100000
[17:50:13.350] [NV] CMNNV(13) map(0x0 0x100000)
[17:50:13.354] [NV] [SEL-NV] CMNNV(13) hdr[0]: max_nv_size(0x40000)
[17:50:13.377] [NV]   hchk=0x8d0007c4(0x8d0007c4-ok) magic=0xcafebabe(ok) hsize=0x40 ts=0x32
[17:50:13.381] [NV]   dchk=0xf4c70c89(0xf4c70c89-ok) dsize=0x3ffc0(ok)
[17:50:13.385] [NV] [SEL-NV] CMNNV(13) hdr[1]: max_nv_size(0x40000)
[17:50:13.389] [NV]   hchk=0x43340629(0x43340629-ok) magic=0xcafebabe(ok) hsize=0x40 ts=0x31
[17:50:13.525] [NV]   dchk=0x6880c1c(0x6880c1c-ok) dsize=0x3ffc0(ok)
[17:50:13.530] [NV] CMNNV(13): active=0 map(0x0-0x100000) ts=0x32 sz=0x40000
[17:50:13.534] [NV] CMNNV Init active block [0]=0x0
[17:50:13.538] [NV] ucfg nr1nv data read from CMNNV[1] timestamp=0xd
[17:50:13.542] [NV] NR1NV Init active block [1]=0x200000
[17:50:13.546] [NV] CMNNV2(14) map(0x0 0x100000)
[17:50:13.561] [NV] [SEL-NV] CMNNV2(14) hdr[0]: max_nv_size(0xa7c0)
[17:50:13.566] [NV] [SEL-NV] CMNNV2(14) hdr[1]: max_nv_size(0xa7c0)
[17:50:13.570] [NV] [SEL-NV-SET] CMNNV2(14) hdr[0]: max_nv_size(0xa7c0)
[17:50:13.573] [NV]   hchk=0x0(0x0-ok) magic=0x0(ng) hsize=0x0 ts=0x0
[17:50:13.577] [NV]   dchk=0x0(0x0-ok) dsize=0x0(ok)
[17:50:13.893] [NV] CMNNV2(14) : all block invalid(map 0x0-0x100000)
[17:50:13.897] [NV] -nv_reload ucfg
[17:50:13.901] [UCFG] ucfg(1.1) load xml:
[17:50:13.904] [UCFG]   var nr: conf=1037(918) fact=1037(918) perm=16(12)
[17:50:13.907] [UCFG]   def nr: conf=0 conf=0 conf=0
[17:50:13.909] Use normal log configuration
[17:50:13.912] +modprobe modem modem_bootp="product_id=0x0000, operator_id=0x0000"
[17:50:13.915] modem: loading out-of-tree module taints kernel.
[17:50:13.918] modem driver ver 1.0
[17:50:13.921]   base: 84100000
[17:50:13.924]   size: 0ff00000
[17:50:13.927]   param: 840fe000
[17:50:13.965] boot param: product_id=0x0000, operator_id=0x0000, boot_mode=0, gipc_phy_base=0x81c00018, mem_base=0x80000000, mem_size=0x20000000, compat=0x0, ipv6=1
[17:50:13.970] ---------------------
[17:50:13.974] hdr chksum  : 0x8d0007c4
[17:50:13.978] magic       : 0xcafebabe
[17:50:13.984] timstamp    : 0x00000032
[17:50:13.992] data chksum : 0xf4c70c89
[17:50:13.997] data size   : 0x0003ffc0
[17:50:14.002] ---------------------
[17:50:14.006] ---------------------
[17:50:14.011] hdr chksum  : 0x43340629
[17:50:14.016] magic       : 0xcafebabe
[17:50:14.021] timstamp    : 0x00000031
[17:50:14.025] data chksum : 0x06880c1c
[17:50:14.028] data size   : 0x0003ffc0
[17:50:14.032] ---------------------
[17:50:14.036] using block : 0, 0x0 
[17:50:14.039] map idx=0
[17:50:14.043] hdr idx: fs=0 zp=1 zpsize=9157832
[17:50:14.047] ts: fs=10 zp=8
[17:50:15.048] no such fw files!
[17:50:15.052]   /lib/firmware/tk.gz
[17:50:15.056]   /lib/firmware/tk.xz
[17:50:15.059] read from nand mtd=zp2(9159880)
[17:50:15.063] modem map info:
[17:50:15.067]   [0] pa(0000000084100000)
[17:50:15.072] ->va(ffffffc090000000)
[17:50:15.076] c00: decompress gzip(1f 8b) at ffffffc090000000... (9159880bytes)
[17:50:16.628] c00: decompress done 138404920bytes 1614ms ret=0
[17:50:16.631] modem start
[17:50:16.635] cpu_smc_powerdomain_up(pt=1, pd=0)
[17:50:16.639] c00: cpu_smc_handler: fid=c1000001 x1=1 x2=0 x3=0 x4=0
[17:50:16.642] enable cluster1-pll
[17:50:16.646] start_modem_cpu: done start=1
[17:50:16.651] -modprobe modem
[17:50:16.687] Thu Jan  1 00:00:05 UTC 1970
[17:50:16.692] cp: can't stat '/etc/sysconfig/lte/param/*': No such file or directory
[17:50:16.696] BL33 pc=0x84dae704 spsr=0x600002c5
[17:50:16.699] c10: psci_smc_handler: fid=84000000 x1=0 x2=0 x3=0 x4=0
[17:50:16.702] TK: gipc-protocol: cpu1:0 addr(v1)=0000000081c00018 magic=4054 ver(master=1.10 slave=1.11) proci=0 assertl=3
[17:50:16.706] TK: hw lock_reg:
[17:50:16.709] TK:   active=110004c0
[17:50:16.712] TK:   free  =110004c4
[17:50:16.715] TK: ipc config=00000004
[17:50:16.718] TK:   router-device
[17:50:16.721] TK: ipc init ch=0
[17:50:16.724] TK:   peer-genirq=1a111020(152)
[17:50:16.726] TK:   s-ch_enabled=0x10010001
[17:50:16.729] TK: ipc init ch=16
[17:50:16.733] TK:   peer-genirq=1a111020(152)
[17:50:16.736] TK:   s-ch_enabled=0x10010001
[17:50:16.740] TK: ipc init ch=28
[17:50:16.743] TK:   peer-genirq=1a111020(152)
[17:50:16.746] TK:   s-ch_enabled=0x10010001
[17:50:16.749] ipc modem boot done
[17:50:16.752] GDM Modem gdm7259x_bo[ard
[17:50:16.755] Boot Param] error: token=9, ret=-54
[17:50:16.758] ============================================================================
[17:50:16.761]  [0] ZEPHYR OS v4.3.0 (v4.3.0-3049-g03924c3679: 192MB)
[17:50:16.765] ----------------------------------------------------------------------------
[17:50:16.769]  - gct@CS-buildserver
[17:50:16.772]  - 2026-08-31T22:51:44
[17:50:16.775]  - gdm7259x_nsa_192mb
[17:50:16.778] ============================================================================
[17:50:16.781] [MEM] WT DRAM zero initialized 0(0KB)bytes from 000000008d700000 to 000000008d700000
[17:50:16.785] [MEM] NCH DRAM zero initialized 35348240(34519KB)bytes from 000000008d700000 to 000000008f8b5f10
[17:50:16.788] [CHIP] GDM7259X(Rev.1C)
[17:50:16.791] [CLOCK] arm(1300.000MHz) 1x(100.000MHz)
[17:50:16.795] [MEM]  total : 0x84000000 - 0x90000000 (  192 MB)
[17:50:16.799] [MEM]  .init : 0x84100000 - 0x841068a8 (   27 kB)
[17:50:16.802] [MEM]  .text : 0x84100000 - 0x85587000 (21020 kB)
[17:50:16.805] [MEM]  .data : 0x85586600 - 0x8c4fe438 (114144 kB)
[17:50:16.809] [MEM]   .bss : 0x8b20b000 - 0x8c4c7a08 (19187 kB)
[17:50:16.812] I2C3 initialized
[17:50:16.816] Modem IPC mode:
[17:50:16.819]   master_proc_idle=0
[17:50:16.822]   assert_level=3
[17:50:16.825]   sdu_prio=0
[17:50:16.829] ########################################
[17:50:16.832] ####       Board Configuration      ####
[17:50:16.835] ########################################
[17:50:16.838] Operator: [0x0000]
[17:50:16.841] Product : [0x0000]
[17:50:16.844] LTE>====================================
[17:50:16.847] IPv6 mode:[0]
[17:50:16.850] ## UE CONFIG
[17:50:16.853]  - Combined attach : [0]
[17:50:16.857]  - UE CAPABILITY
[17:50:16.860] 	> UE Category  : [0 (0/0)]
[17:50:16.863] 	> AS Rel Num   : [0]
[17:50:16.867] 	> FGI          : FDD [00000000 00000000 00000000]
[17:50:16.870] 	>              : TDD [00000000 00000000 00000000]
[17:50:16.873] 	> ROHC         : [1]
[17:50:16.877] 	> eMBMS        : [0]
[17:50:16.881] 	> TM           : [00/00/00]
[17:50:16.885] NR>=====================================
[17:50:16.888] [console] gdm_uart0 enabled
[17:50:16.891] [console] crash enabled
[17:50:16.895] [console] gdm_ipc enabled
[17:50:16.899] ----------------------------------------------------------------------------
[17:50:16.903]  NR - FW ver: 0.1.0.0
[17:50:16.906] ----------------------------------------------------------------------------
[17:50:16.910]  Pkg: 1.11.0
[17:50:16.913] ----------------------------------------------------------------------------
[17:50:16.916] ----------------------------------------------------------------------------
[17:50:16.920]  LTE - FW ver: 0.3.5.0
[17:50:16.923] ----------------------------------------------------------------------------
[17:50:16.927] nv_checksum_info: 0
[17:50:16.930] nr driver ver 1.0
[17:50:16.934]   usl
[17:50:16.937] param_mtu=1500
[17:50:16.941] ipc init ch=1
[17:50:16.944] ipc ch[1]:SDU, irb: va=ffffffc08255d018-ffffffc0825a5018 pa=83400018-83448018
[17:50:16.948] ipc ch[1]:SDU, irb_work: va=ffffffc0825dd018-ffffffc08260d038 pa=83480018-834b0038
[17:50:16.951]   irb nr: tx=4096(2080bytes) rx=8192(2080bytes)
[17:50:16.959]    irb tx: va=ffffffc08255d018-ffffffc082575018 pa=83400018-83418018
[17:50:16.962]    irb rx: va=ffffffc082575020-ffffffc0825a5020 pa=83418020-83448020
[17:50:16.966] ipc init ch=1
[17:50:16.969]   peer-genirq=1a111020( 1 5m2-)ch
[17:50:16.973] _enable d =s0-xc100na003d=0NET010:
[17:50:16.976] irb->buffer=830b50f8
[17:50:17.151]   IPC_BUF_RSVD_SIZE=184(0xb8)
[17:50:17.155]   NET_IP_ALIGN=0
[17:50:17.160] start_net.sh
[17:50:17.164] VLANEN=0
[17:50:17.168] act=1
[17:50:17.172] Run start_br.sh
[17:50:17.176] local null ip=0.0.0.0 mask=0.0.0.0 00:00:00:00:00:00 en=0
[17:50:17.179] GDM_LOCAL_DEVIF=br0
[17:50:17.183] NIF: up(lo)
[17:50:17.194] [0] br0 addr=192.168.0.1 mask=255.255.255.0 local=192.168.0.1 bcast=192.168.0.255
[17:50:17.197] netif set local br0 ip=192.168.0.1 mask=255.255.255.0 00:00:00:00:00:00 en=0
[17:50:17.201] NIF: up(br0)
[17:50:17.203] brctl: iface eth0: No such device
[17:50:17.206] ifconfig: SIOCSIFADDR: No such device
[17:50:17.209] brctl: iface usb0: No such device
[17:50:17.213] ifconfig: SIOCSIFADDR: No such device
[17:50:17.301] Setting dhcp configuration..
[17:50:17.304] Internet Systems Consortium DHCP Server 4.1-ESV-R16-P2
[17:50:17.308] Copyright 2004-2022 Internet Systems Consortium.
[17:50:17.311] All rights reserved.
[17:50:17.314] For info, please visit https://www.isc.org/software/dhcp/
[17:50:17.318] Wrote 0 leases to leases file.
[17:50:17.343] Listening on LPF/br0/32:aa:d8:59:c5:ff/192.168.0.0/24
[17:50:17.347] Sending on   LPF/br0/32:aa:d8:59:c5:ff/192.168.0.0/24
[17:50:17.350] Sending on   Socket/fallback/fallback-net
[17:50:17.354] DTS_WIFI_STATUS=okay
[17:50:17.357] DTS_WIFI_VENDOR=synaptics
[17:50:17.361] DTS_WIFI_DEVICE=syn4384
[17:50:17.365] Activating Synaptics WIFI
[17:50:17.725] /etc/sysconfig/script/start_synaptics.sh: line 4: wifi: command not found
[17:50:17.731] 0xffffffa016400810: 00000000->0000001f
[17:50:17.735] bcmdhd: unknown parameter 'conf_path' ignored
[17:50:17.739] [dhd] _dhd_module_init: in Dongle Host Driver, version 103.20.62.47(20260702-1)(20260708-1)(6792bdc)
[17:50:17.742] /home/djkim/work/sdk/7275x/wifi/syn4384_lin6_crash/component/standalone/wifi/synaptics_4384/bcmdhd.103.20.x compiled on Sep  2 2026 at 11:21:38
[17:50:17.745] [dhd] KERNEL_VERSION = 6.12.49 (64bits)
[17:50:17.750] [dhd] STATIC-MSG) dhd_init_wlan_mem : prealloc ok for index 0: 2071552(2023K)
[17:50:17.754] [dhd] ======== Get GPIO from DTS(android,bcmdhd_wlan) ========
[17:50:17.758] [dhd] dhd_wlan_init_gpio: gpio_wl_reg_on=153
[17:50:17.762] [dhd] dhd_wifi_platform_load: Enter
[17:50:17.767] [dhd] Power-up adapter 'DHD generic adapter'
[17:50:17.771] [dhd] wifi_platform_set_power = 1, delay: 200 msec
[17:50:17.936] [dhd] ======== PULL WL_REG_ON(153) HIGH! ========
[17:50:17.941] [dhd] wifi_platform_set_power = 1, sleep done: 200 msec
[17:50:17.944] [dhd] wifi_platform_bus_enumerate device present 1
[17:50:17.950] [dhd] ======== Card detection to detect PCIE card! ========
[17:50:17.955] [dhd] Synaptics or Broadcom PCI device enumerated!
[17:50:17.958] [dhd] dhd_wifi_platform_load_pcie: dhd_bus_register failed err=-1
[17:50:17.962] [dhd] unregister wifi platform drivers
[17:50:17.966] [dhd] wifi_platform_set_power = 0, delay: 10 msec
[17:50:17.970] [dhd] ======== PULL WL_REG_ON(153) LOW! ========
[17:50:17.974] [dhd] wifi_platform_set_power = 0, sleep done: 10 msec
[17:50:17.978] [dhd] wifi_platform_bus_enumerate device present 0
[17:50:17.982] [dhd] ======== Card detection to remove PCIE card! ========
[17:50:17.986] [dhd] dhd_wlan_free_gpio: gpio_free(153) for WL_REG_ON
[17:50:17.989] [dhd] _dhd_module_init: Failed to load the driver, try cnt 1
[17:50:17.993] [dhd] ======== Get GPIO from DTS(android,bcmdhd_wlan) ========
[17:50:17.996] [dhd] dhd_wlan_init_gpio: gpio_wl_reg_on=153
[17:50:18.001] [dhd] dhd_wifi_platform_load: Enter
[17:50:18.004] [dhd] Power-up adapter 'DHD generic adapter'
[17:50:18.008] [dhd] wifi_platform_set_power = 1, delay: 200 msec
[17:50:18.159] [dhd] ======== PULL WL_REG_ON(153) HIGH! ========
[17:50:18.167] [dhd] wifi_platform_set_power = 1, sleep done: 200 msec
[17:50:18.172] [dhd] wifi_platform_bus_enumerate device present 1
[17:50:18.176] [dhd] ======== Card detection to detect PCIE card! ========
[17:50:18.179] [dhd] Synaptics or Broadcom PCI device enumerated!
[17:50:18.183] [dhd] dhd_wifi_platform_load_pcie: dhd_bus_register failed err=-1
[17:50:18.188] [dhd] unregister wifi platform drivers
[17:50:18.191] [dhd] wifi_platform_set_power = 0, delay: 10 msec
[17:50:18.194] [dhd] ======== PULL WL_REG_ON(153) LOW! ========
[17:50:18.197] [dhd] wifi_platform_set_power = 0, sleep done: 10 msec
[17:50:18.201] [dhd] wifi_platform_bus_enumerate device present 0
[17:50:18.204] [dhd] ======== Card detection to remove PCIE card! ========
[17:50:18.207] [dhd] dhd_wlan_free_gpio: gpio_free(153) for WL_REG_ON
[17:50:18.211] [dhd] _dhd_module_init: Failed to load the driver, try cnt 0
[17:50:18.214] [dhd] _dhd_module_init: Failed to load driver max retry reached**
[17:50:18.217] [dhd] STATIC-MSG) dhd_static_buf_exit : Enter
[17:50:18.221] [dhd] _dhd_module_init: Exit err=-1
[17:50:18.224] bcmdhd: unknown parameter 'conf_path' ignored
[17:50:18.228] [dhd] _dhd_module_init: in Dongle Host Driver, version 103.20.62.47(20260702-1)(20260708-1)(6792bdc)
[17:50:18.231] /home/djkim/work/sdk/7275x/wifi/syn4384_lin6_crash/component/standalone/wifi/synaptics_4384/bcmdhd.103.20.x compiled on Sep  2 2026 at 11:21:38
[17:50:18.235] [dhd] KERNEL_VERSION = 6.12.49 (64bits)
[17:50:18.239] [dhd] STATIC-MSG) dhd_init_wlan_mem : prealloc ok for index 0: 2071552(2023K)
[17:50:18.242] [dhd] ======== Get GPIO from DTS(android,bcmdhd_wlan) ========
[17:50:18.245] [dhd] dhd_wlan_init_gpio: gpio_wl_reg_on=153
[17:50:18.250] [dhd] dhd_wifi_platform_load: Enter
[17:50:18.254] [dhd] Power-up adapter 'DHD generic adapter'
[17:50:18.416] [dhd] wifi_platform_set_power = 1, delay: 200 msec
[17:50:18.451] [dhd] ======== PULL WL_REG_ON(153) HIGH! ========
[17:50:18.455] [dhd] wifi_platform_set_power = 1, sleep done: 200 msec
[17:50:18.459] [dhd] wifi_platform_bus_enumerate device present 1
[17:50:18.464] [dhd] ======== Card detection to detect PCIE card! ========
[17:50:18.469] [dhd] Synaptics or Broadcom PCI device enumerated!
[17:50:18.472] [dhd] dhd_wifi_platform_load_pcie: dhd_bus_register failed err=-1
[17:50:18.476] [dhd] unregister wifi platform drivers
[17:50:18.479] [dhd] wifi_platform_set_power = 0, delay: 10 msec
[17:50:18.483] [dhd] ======== PULL WL_REG_ON(153) LOW! ========
[17:50:18.487] [dhd] wifi_platform_set_power = 0, sleep done: 10 msec
[17:50:18.490] [dhd] wifi_platform_bus_enumerate device present 0
[17:50:18.494] [dhd] ======== Card detection to remove PCIE card! ========
[17:50:18.498] [dhd] dhd_wlan_free_gpio: gpio_free(153) for WL_REG_ON
[17:50:18.502] [dhd] _dhd_module_init: Failed to load the driver, try cnt 1
[17:50:18.505] [dhd] ======== Get GPIO from DTS(android,bcmdhd_wlan) ========
[17:50:18.509] [dhd] dhd_wlan_init_gpio: gpio_wl_reg_on=153
[17:50:18.513] [dhd] dhd_wifi_platform_load: Enter
[17:50:18.516] [dhd] Power-up adapter 'DHD generic adapter'
[17:50:18.639] [dhd] wifi_platform_set_power = 1, delay: 200 msec
[17:50:18.644] [dhd] ======== PULL WL_REG_ON(153) HIGH! ========
[17:50:18.648] [dhd] wifi_platform_set_power = 1, sleep done: 200 msec
[17:50:18.652] [dhd] wifi_platform_bus_enumerate device present 1
[17:50:18.656] [dhd] ======== Card detection to detect PCIE card! ========
[17:50:18.660] [dhd] Synaptics or Broadcom PCI device enumerated!
[17:50:18.664] [dhd] dhd_wifi_platform_load_pcie: dhd_bus_register failed err=-1
[17:50:18.669] [dhd] unregister wifi platform drivers
[17:50:18.672] [dhd] wifi_platform_set_power = 0, delay: 10 msec
[17:50:18.676] [dhd] ======== PULL WL_REG_ON(153) LOW! ========
[17:50:18.679] [dhd] wifi_platform_set_power = 0, sleep done: 10 msec
[17:50:18.682] [dhd] wifi_platform_bus_enumerate device present 0
[17:50:18.686] [dhd] ======== Card detection to remove PCIE card! ========
[17:50:18.689] [dhd] dhd_wlan_free_gpio: gpio_free(153) for WL_REG_ON
[17:50:18.692] [dhd] _dhd_module_init: Failed to load the driver, try cnt 0
[17:50:18.695] [dhd] _dhd_module_init: Failed to load driver max retry reached**
[17:50:18.698] [dhd] STATIC-MSG) dhd_static_buf_exit : Enter
[17:50:18.701] [dhd] _dhd_module_init: Exit err=-1
[17:50:18.704] insmod: can't insert '/lib/modules/6.12.49/updates/bcmdhd.ko': Operation not permitted
[17:50:18.891] Could not read interface wlan0 flags: No such device
[17:50:18.895] nl80211: Driver does not support authentication/association or connect commands
[17:50:18.899] nl80211: deinit ifname=wlan0 disabled_11b_rates=0
[17:50:18.903] Could not read interface wlan0 flags: No such device
[17:50:18.987] nl80211 driver initialization failed.
[17:50:18.991] wlan0: interface state UNINITIALIZED->DISABLED
[17:50:18.995] wlan0: AP-DISABLED 
[17:50:18.999] wlan0: CTRL-EVENT-TERMINATING 
[17:50:19.002] hostapd_free_hapd_data: Interface wlan0 wasn't started
[17:50:19.005] ifconfig: SIOCSIFADDR: No such device
[17:50:19.008] Loading simple NAT configuration..
[17:50:19.249] INTF=br0, WANINTF=nr0pdu3
[17:50:19.254] register ip_conntrack_cb
[17:50:19.258] <message>[NV] CRIT(cotra:1380): file=nv_7275x.c(304) cmn2_nv_read
[17:50:19.262] [NV] [cotra] invalid CMN2_PORT(id=1) magic
[17:50:19.266] [NV] +nv_write [cotra] CMN2_PORT(36) data=0x416010 part=36 size=0xa09
[17:50:19.318] [NV] cotra CMNNV2 Write Skip (3:CMN2_PORT, 0x0, 2569)
[17:50:19.322] [NV] -nv_write [cotra] CMN2_PORT(36) data=0x416010 part=36 size=0xa09
[17:50:19.326] Fail to Check DMZ Setting. Please, restart Command</message>
[17:50:19.390] 1970-01-01 00:00:08: (../../src/configfile.c.387) Warning: please add "mod_authn_file" to server.modules list in lighttpd.conf.  A future release of lighttpd 1.4.x will not automatically load mod_authn_file and lighttpd will fail to start up since your lighttpd.conf uses auth.backend = "htpasswd".
[17:50:19.398] Run usb_configfs.sh
[17:50:19.422] usbeth ENABLE=1, mode=0, serial cfg: gs0=0 gs1=0 dm0=0 dm1=0
[17:50:19.451] configfs-gadget.g1 gadget.0: HOST MAC 00:0a:3b:ff:ff:02
[17:50:19.458] configfs-gadget.g1 gadget.0: MAC 00:0a:3b:ff:ff:01
[17:50:19.466] set hostif=usb0 cnt=0
[17:50:19.471] net_mode=0
[17:50:19.478] udc: gadget start
[17:50:19.486] c00: gdm_irq_set_type: cpu=0 hwirq=208 type=4
[17:50:19.584] c00: set_affinity: no online irq=50(DWC3) cpu=2
[17:50:19.594] USB gadget configured: ETH=rndis.usb0, ACM count=0, UDC=13500000.dwc3
[17:50:19.603] IPV6Q LOG(00000004):
[17:50:19.609] ipv6q_enabled=0
[17:50:19.615] NET EMUL LOG(00000000):
[17:50:19.622]  NULL
[17:50:19.627] net_emul_mask=00000000
[17:50:19.634] net.core.rmem_max = 16777216
[17:50:19.689] net.core.wmem_max = 16777216
[17:50:19.695] net.ipv4.tcp_rmem = 4096 131072 16777216
[17:50:19.701] net.ipv4.tcp_wmem = 4096 131072 16777216
[17:50:19.706] net.ipv4.tcp_moderate_rcvbuf = 1
[17:50:19.712] mrd: mrd_lplog_start 
[17:50:19.718] [mrd_lplog] listening on 0.0.0.0:1011 (id=0, idx=0)
[17:50:19.723] [mrd_lplog] listening on 0.0.0.0:1012 (id=1, idx=1)
[17:50:19.729] [mrd_lplog] listening on 0.0.0.0:1013 (id=2, idx=2)
[17:50:19.734] [mrd_lplog] listening on 0.0.0.0:1014 (id=3, idx=3)
[17:50:19.737] [mrd_lplog] listening on 0.0.0.0:1015 (id=4, idx=4)
[17:50:19.741] [mrd_lplog] listening on 0.0.0.0:1016 (id=5, idx=5)
[17:50:19.745] [mrd_lplog] listening on 0.0.0.0:1017 (id=6, idx=6)
[17:50:19.751] [mrd_lplog] listening on 0.0.0.0:1018 (id=7, idx=7)
[17:50:19.757] [mrd_lplog] listening on 0.0.0.0:1019 (id=8, idx=8)
[17:50:19.762] [mrd_lplog] LP_LOG_ID_ULP0 telnet port:1011
[17:50:19.771] [mrd_lplog] LP_LOG_ID_ULP1 telnet port:1012
[17:50:19.779] [mrd_lplog] LP_LOG_ID_ULP2 telnet port:1013
[17:50:19.784] [mrd_lplog] LP_LOG_ID_ULP3 telnet port:1014
[17:50:19.787] [mrd_lplog] LP_LOG_ID_DLP0 telnet port:1015
[17:50:19.790] [mrd_lplog] LP_LOG_ID_DLP1 telnet port:1016
[17:50:19.793] [mrd_lplog] LP_LOG_ID_DLP2 telnet port:1017
[17:50:19.796] [mrd_lplog] LP_LOG_ID_DLP3 telnet port:1018
[17:50:19.799] [mrd_lplog] LP_LOG_ID_SLP  telnet port:1019
[17:50:19.803] mrd: nrd started
[17:50:19.806] Open shared map and Init mutex in mrd_main!!
[17:50:19.810] mrd: ***************************************
[17:50:19.812] mrd: *          NR DAEMON START           *
[17:50:19.816] mrd: ***************************************
[17:50:19.819] mrd: operator_id=0
[17:50:19.822] lowd open nr=1
[17:50:19.912] gif_open mrd 1/0
[17:50:19.920] [mrd] bentry delayed copy: b336(4)
[17:50:19.946] udc: connect: conn=1 discon=0 rtc=00062492
[17:50:19.971] Disable GPS Module ...
[17:50:19.983] RNDIS multi_pkt_tx_size: host=16384 nv=0 actual=16384 nr=10
[17:50:19.990] Not Used
[17:50:19.994] br0: port 1(usb0) entered blocking state
[17:50:20.005] br0: port 1(usb0) entered disabled state
[17:50:20.014] configfs-gadget.g1 gadget.0 usb0: entered allmulticast mode
[17:50:20.023] configfs-gadget.g1 gadget.0 usb0: entered promiscuous mode
[17:50:20.029] eth_open
[17:50:20.040] eth_start
[17:50:20.053] NIF: up(usb0)
[17:50:20.062] gif_mmap va=0x7faf974000 pa=0x9627a000 sz=8192
[17:50:20.067] usb0 set host mac: 00:0a:3b:ff:ff:02
[17:50:20.080] mrd: TID list initialized.
[17:50:20.087] mrd: T-ID Feature Activation is Done.
[17:50:20.095] mrautocm: ucfg_retry : 0
[17:50:20.103] mrautocm: [LTE UCFG] cfun(0), manual(0)
[17:50:20.108] mrautocm: NR Search(Core:0, Selection Mode: 0, cellTypeMode: 0, Roam: 0)
[17:50:20.112] mrautocm: RAT (LTE NV: 0, NR NV: 0)
[17:50:20.116] mrautocm: [PLMN LTE] Core(0), Mode(0), CellType(0), Roam(0), List Num(0)
[17:50:20.119] mrautocm: [PLMN LTE] searchMode(0), MCC[0]=0, MCC[1]=0, MCC[2]=0
[17:50:20.123] mrautocm: [PLMN NR] Core(0), Mode(0), CellType(0), Roam(0), List Num(4)
[17:50:20.125] mrautocm: [PLMN NR] searchMode(0), MCC[0]=0, MCC[1]=0, MCC[2]=0
[17:50:20.129] mrautocm: [PLMN NR][MRU] Count(5)
[17:50:20.133] mrautocm: [PLMN NR][ARFCN](1/1), Band(26), ARFCN(172370)
[17:50:20.136] mrautocm: [PLMN NR][Band](1/1), Band(26)
[17:50:20.140] mrautocm: [PLMN NR][ARFCN Range](1/1), Band(26) ARFCN(from: 171800 to: 178800)
[17:50:20.144] mrautocm: CORE NET (LTE NV: 0, NR NV: 0)
[17:50:20.149] mrautocm: LTE PDN[1] Enable(1), Connect Order(1) Label(ims), Type(2), APN(IMS) PCO()
[17:50:20.153] mrautocm: LTE PDN[2] Enable(1), Connect Order(0) Label(admin), Type(2), APN(VZWADMIN) PCO()
[17:50:20.157] mrautocm: LTE PDN[3] Enable(1), Connect Order(2) Label(internet), Type(2), APN(V5GA01INTERNET) PCO()
[17:50:20.160] mrautocm: LTE PDN[4] Enable(1), Connect Order(0) Label(app), Type(2), APN(VZWAPP) PCO()
[17:50:20.164] mrautocm: LTE PDN[5] Enable(1), Connect Order(0) Label(emergency), Type(2), APN() PCO()
[17:50:20.169] mrautocm: LTE PDN[6] Enable(0), Connect Order(0) Label(enterprise), Type(2), APN(VZWCLASS6) PCO()
[17:50:20.173] mrautocm: LTE PDN[7] Enable(0), Connect Order(0) Label(b2b), Type(0), APN(VZWCLASS7) PCO()
[17:50:20.175] mrautocm: LTE PDN[8] Enable(0), Connect Order(0) Label(reserved3), Type(0), APN() PCO()
[17:50:20.179] mrautocm: NR PDU[1] Enable(0), Connect Order(0) Label(ims), Type(3), DNN(), PCO(), S-NSSAI(len:0 sst:00 sd:000000 mapped_sst:00 mapped_sd:000000)
[17:50:20.186] mrautocm: NR PDU[2] Enable(0), Connect Order(0) Label(admin), Type(3), DNN(), PCO(), S-NSSAI(len:0 sst:00 sd:000000 mapped_sst:00 mapped_sd:000000)
[17:50:20.195] mrautocm: NR PDU[3] Enable(1), Connect Order(1) Label(internet), Type(1), DNN(), PCO(), S-NSSAI(len:0 sst:00 sd:000000 mapped_sst:00 mapped_sd:000000)
[17:50:20.205] mrautocm: NR PDU[4] Enable(0), Connect Order(0) Label(app), Type(3), DNN(), PCO(), S-NSSAI(len:0 sst:00 sd:000000 mapped_sst:00 mapped_sd:000000)
[17:50:20.219] mrautocm: NR PDU[5] Enable(0), Connect Order(0) Label(emergency), Type(3), DNN(), PCO(), S-NSSAI(len:0 sst:00 sd:000000 mapped_sst:00 mapped_sd:000000)
[17:50:20.242] mrautocm: NR PDU[6] Enable(0), Connect Order(0) Label(enterprise), Type(3), DNN(), PCO(), S-NSSAI(len:0 sst:00 sd:000000 mapped_sst:00 mapped_sd:000000)
[17:50:20.267] mrautocm: NR PDU[7] Enable(0), Connect Order(0) Label(b2b), Type(3), DNN(), PCO(), S-NSSAI(len:0 sst:00 sd:000000 mapped_sst:00 mapped_sd:000000)
[17:50:20.292] mrautocm: NR PDU[8] Enable(0), Connect Order(0) Label(reserved), Type(3), DNN(), PCO(), S-NSSAI(len:0 sst:00 sd:000000 mapped_sst:00 mapped_sd:000000)
[17:50:20.331] mrautocm: [mrcm_ucfg_get_overheat] Overheat is disable. 
[17:50:20.363] mrautocm: [mrcm_process_temperature_set] Executing command: kern temp uintv 0
[17:50:20.406] gif_to_ipc: delayed req 3335(2044)
[17:50:20.453] gif_to_ipc: delayed req 3335(2044)
[17:50:20.486] gif_to_ipc: delayed req 3335(2044)
[17:50:20.517] enabled=1
[17:50:20.551] interval_sec=1(sec)
[17:50:20.580] user_interval_ticks=0/0(sec)
[17:50:20.616] log_enabled=0
[17:50:20.641] mrd: get_lted_keep_alive_setting, lted_kgif_to_ipc: delayed req 3335(2044)
[17:50:20.669] gif_to_ipc: delayed req 3335(2044)
[17:50:20.691] eep_alive setting (enable=0, expired_time=0, max_retry_val=0)
[17:50:20.715] mrd: [SERVER] new connection request
[17:50:20.739] mrd: lted_srv_alloc_client id=0
[17:50:20.766] mrautocm: [IMS] Enable(0)
[17:50:20.791] mrautocm: [EAP] PDU auth bypass pdu1 (0)
[17:50:20.817] mrautocm: [EAP] PDU auth bypass pdu2 (0)
[17:50:20.861] mrautocm: [EAP] PDU auth bypass pdu3 (0)
[17:50:20.896] mrautocm: [EAP] PDU auth bypass pdu4 (0)
[17:50:20.931] mrautocm: [EAP] PDU auth bypass pdu5 (0)
[17:50:20.963] mrautocm: [EAP] PDU auth bypass pdu6 (0)
[17:50:20.987] mrautocm: [EAP] PDU auth bypass pdu7 (0)
[17:50:21.010] mrautocm: [EAP] PDU auth bypass pdu8 (0)
[17:50:21.028] mrd: [SERVER] assigns gif_to_ipc: delayed req 3335(2044)
[17:50:21.045] client index 0 proc=mratcm(1455)
[17:50:21.059] mrd: [SERVER] new connection request
[17:50:21.073] mrd: lted_srv_alloc_client id=1
[17:50:21.084] mrd: [SERVER] assigns client index 1 proc=mrbip(1472)
[17:50:21.092] mrd: [SERVER] new connection request
[17:50:21.099] mrd: lted_srv_alloc_client id=2
[17:50:21.106] mrbip: lted_client_init_ex success (id: 1, client_identity : 0x00000000, pid (1472-mrbip) 
[17:50:21.112] mrbip: Wait LTE PS INIT..
[17:50:21.120] mrd: gif_to_ipc: delayed req 3335(2044)
[17:50:21.124] [SERVER] assigns client index 2 proc=cli(1512)
[17:50:21.128] mrd: [SERVER] new connection request
[17:50:21.131] mrd: lted_srv_alloc_client id=3
[17:50:21.135] mrd: [SERVER] assgif_to_ipc: delayed req 3335(2044)
[17:50:21.138] igns client index 3 proc=mrcm(1513)
[17:50:21.142] mrautocm: lted_client_init_ex sgif_to_ipc: delayed req 3335(2044)
[17:50:21.145] uccess (id: 3, client_identity : 0x00000040, pid (1513-mrcm) 
[17:50:21.149] gif_to_ipc: delayed req 3335(2044)
[17:50:21.152] gif_to_ipc: delayed req 3335(2044)
[17:50:21.155] DM> DM> DM> DM> mrd: clearing start - eps_id = 0xffef
[17:50:21.158] mrd: clearing done
[17:50:21.165] $ shell
[17:50:22.174] ess(/etc/sysconfig/script/lte_scr/rf/x_6)=-1
[17:50:22.179] mrd: NR  DEVICE INSERT(DEV_IDX(1))
[17:50:22.186] [NV_HCI] nv checksum is valid(0xc83f56f5/0xc83f56f5)
[17:50:22.194] [NVM] READ Head N_INFO         (7243,10,5a) - Status(0)
[17:50:22.198] [NVM] READ Head N_BCFG         (7243,10,5b) - Status(0)
[17:50:22.203] [NVM] READ Head N_RFCAL        (7243,18,48) - Status(0)
[17:50:22.207] [NVM] READ Head N_TCCAL        (7243,10,2b) - Status(0)
[17:50:22.217] [NVM] READ Head N_NETWORK      (0000,00,00) - Status(0)
[17:50:22.222] [NVM] Default NV Memory Write(4)
[17:50:22.230] [NVM] NV NETWORK DUMP
[17:50:22.240] [NVM] READ Head N_SAFE         (7243,10,31) - Status(0)
[17:50:22.249] [V_SIM]ProcNvBcfgData/gstVsimEnData:0
[17:50:22.255] default tdm log level=2 (NV:2)
[17:50:22.261] [MRM] [CHK]MRM: NVM_INIT_CMPL_IND 
[17:50:22.270] [CHK]UMM: NVM_INIT_CMPL_IND 
[17:50:22.280] [UMM_ERR] [V_SIM]eVSIM_Enabled::5 
[17:50:22.288] [UMM_ERR] (UMM_MODE_EMUL)/Virtual SIM :5 
[17:50:22.293] [UMM_ERR] [V_SIM]UMM_Update_AllCacheItems_forUSIM, eVSIM: :5 
[17:50:22.301] [MRM_UMM][UMM][UMM_UICC_ACT_IND] nMsgSize:24 
[17:50:22.305] [UMM_ERR] [V_SIM]Enter UMM_ACTIVE state  
[17:50:22.309]  LTE L1 initialize...
[17:50:22.312] l1_modem_init(restart=0,init=0)
[17:50:22.315] mrd: NR force_dhcp == 0
[17:50:22.319] mrd: Don't start DHCP procedure for IPv6/NAS mode. pdn_ip_type = 0, ip_alloc = 0
[17:50:22.322] mrd: clearing start - eps_id = 0xfeff
[17:50:22.326] mrd: clearing done
[17:50:22.329] c10: cpu_smc_handler: fid=c1000030 x1=0 x2=0 x3=0 x4=0
[17:50:22.331] c10: OIC_TZPROT: 00000000->ffffffff
[17:50:22.334]  =====   RF NV3  ====== 
[17:50:22.337] [CSI] INIT: STI=10239
[17:50:22.341] [rxm_meas_init] Disable Measuremnt
[17:50:22.344] [RXM_DM_InitDebugOption] INIT (1)
[17:50:22.347] [L1C] INIT2(RFFE=65542)
[17:50:22.351] l1_bb_ctrl(0)
[17:50:22.358] [NAS_CACHE] Access Control Class: 0x0001
[17:50:22.362] [NAS_CACHE] UE Operation Mode: 0x80 Length of MNC: 3
[17:50:22.365] [NAS_CACHE] NOT Available the UAC Access Identities Configuration EF
[17:50:22.369] [NAS_CACHE] Higher Priority PLMN search period (28800 Sec)
[17:50:22.373] Equivalent HPLMN 0: 0x00f110 
[17:50:22.376] Equivalent HPLMN 1: 0x130184 
[17:50:22.380] [NAS_CACHE] SUCI calculation is to be performed by the ME
[17:50:22.384] [NAS_CACHE] NOT Available Subscription identifier privacy support
[17:50:22.397] [NAS_CACHE] NOT Available the 5GS Operator PLMN List EF
[17:50:22.405] [NAS_CACHE] NOT Available the Routing Indicator EF
[17:50:22.448] [NAS_CACHE] [ERR] Read Failed for PNN EF <IN cacheReadEFPNN 5203>
[17:50:22.455] [NAS_CACHE] [ERR] Read Failed for OPL EF <IN cacheReadEFOPL 5227>
[17:50:22.464] [NAS_CACHE] NOT Available the Operator controlled signal threshold per access technology EF
[17:50:22.470] [NAS_CACHE] Requested the File Count: 29
[17:50:22.473] [FSM] [H] Cell DB:halfBank 317, blockFree 634, blockNo 634, blockSz 252
[17:50:22.476] L1_BandInfoNV: B1 B2 B3 B4 B5 B6 B7 B8 B10 B12 B13 B14 B17 B18 B19 B20 B25 B26 B28 B29 B30 B34 B38 B39 B40 B41 B42 B43 B48 B52 B66 B71 B77(x) B78(x)
[17:50:22.481] [L3API][H]  user FreqTable's init'd: 856AD8F8
[17:50:22.486] [IMC] [H]Supported Band: B1 B2 B3 B4 B5 B6 B7 B8 B10 B12 B13 B14 B17 B18 B19 B20 B25 B26 B28 B29 B30 B34 B38 B39 B40 B41 B42 B43 B48 B52 B66 B71
[17:50:22.491] [L3API] 	Max Layer: B71:4/1 B66:4/1
[17:50:22.498] [L3API] 	Max Layer: B52:4/2 B48:4/2 B43:4/2 B42:4/2 B41:4/1 B40:4/1 B39:4/1 B38:4/1 B34:4/1 B30:4/1
[17:50:22.504] [L3API][H] 	B29: not support UL
[17:50:22.513] [L3API] 	Max Layer: B29:4/0 B28:4/1 B26:4/1 B25:4/1 B20:4/1 B19:4/1 B18:4/1 B17:4/1 B14:4/1 B13:4/1
[17:50:22.519] [L3API] 	Max Layer: B12:4/1 B10:4/1 B8:4/1 B7:4/1 B6:4/1 B5:4/1 B4:4/1 B3:4/1 B2:4/1 B1:4/1
[17:50:22.525] [L3API][H] Init BC List - mode:0, count:32
[17:50:22.532] [L3API][H]  BandPair Count: 32 (640)
[17:50:22.540] [L3API][H]  MakeMimoBandComb:(B1:0x14)
[17:50:22.545] [L3API][H]  MakeMimoBandComb:(B2:0x14)(B3:0x14)(B4:0x14)(B5:0x14)(B6:0x14)(B7:0x14)(B8:0x14)(B10:0x14)(B12:0x14)([L3API][H]  MakeMimoBandComb:(B14:0x14)(B17:0x14)(B18:0x14)(B19:0x14)(B20:0x14)(B25:0x14)(B26:0x14)(B28:0x14)(B29[L3API][H]  MakeMimoBandComb:(B34:0x14)(B38:0x14)(B39:0x14)(B40:0x14)(B41:0x14)(B42:0x24)(B43:0x24)(B48:0x24)(B52[L3API][H]  MakeMimoBandComb:(B71:0x14)
[17:50:22.564] [L3API][E]  RRC_UE_EUTRA_Capability_v9a0_IEs is NULL
[17:50:22.585] [L3API][H] Set PHY Capability Parameters
[17:50:22.598] [L3API][H] 	multiClusterPUSCH_WithinCC (1)
[17:50:22.618] [L3API][H]  Support  B1 B2 B3 B4 B[NV] +nv_write [mrd] SAFE(5) data=0x7faf8c4010 offs=0x139a8 size=0x1
[17:50:22.638] 5 B6 B7 B8 B10 B12 B13 B14 B17 B18 B19 B20 B25 B26 B28 B29 B30 B34 B38 B39 B40 [L3API][H] Set modifiedMPR_Behavior_r10 : 60 00 00 00 (32)
[17:50:22.655] [L3API][H] 	freqBandRetrieval (1)
[17:50:22.673] [L3API] 	Set dl_256QAM_r12: 1
[17:50:22.692] [L3API] 	Set ul_64QAM_r12 1
[17:50:22.713] [L3API][H]  set_db_capability_r12_rf : DL256-1, UL64-1 (32)
[17:50:22.741] [L3API][H]  set_db_capability_r13_rf : MaxCCs-1, ReducedINCComb-1, SkipFallbackComb-1
[17:50:22.766] [L3API][H] Default BCL cnt 32
[17:50:22.781] [L3API][H] 	[0] - 1(1) *
[17:50:22.802] [L3API][H] 	[1] - 1(2) *
[17:50:22.822] [L3API][H] 	[2] - 1(3) *
[17:50:22.843] [L3API][H] 	[3] - 1(4) *
[17:50:22.866] [L3API][H] 	[4] - 1(5) *
[17:50:22.886] [L3API][H] 	[5] - 1(6) *
[17:50:22.904] [L3API][H] 	[6] - 1(7) *
[17:50:22.923] [L3API][H] 	[7] - 1(8) *
[17:50:22.939] [L3API][H] 	[8] - 1(10) *
[17:50:22.955] [L3API][H] 	[9] - 1(12) *
[17:50:22.966] [L3API][H] 	[10] - 1(13) *
[17:50:22.981] [L3API][H] 	[11] - 1(14) *
[17:50:22.997] [L3API][H] 	[12] - 1(17) *
[17:50:23.012] [L3API][H] 	[13] - 1(18) *
[17:50:23.028] [L3API][H] 	[14] - 1(19) *
[17:50:23.045] [L3API][H] 	[15] - 1(20) *
[17:50:23.061] [L3API][H] 	[16] - 1(25) *
[17:50:23.079] [L3API][H] 	[17] - 1(26) *
[17:50:23.099] [L3API][H] 	[18] - 1(28) *
[17:50:23.122] [L3API][H] 	[19] - 1(29) :DB 64
[17:50:23.144] [L3API][H] 	[20] - 1(30) *
[17:50:23.158] [L3API][H] 	[21] - 1(34) *
[17:50:23.170] [L3API][H] 	[22] - 1(38) *
[17:50:23.181] [L3API][H] 	[23] - 1(39) *
[17:50:23.192] [L3API][H] 	[24] - 1(40) *
[17:50:23.203] [L3API][H] 	[25] - 1(41) *
[17:50:23.216] [L3API][H] 	[26] - 1(42) *
[17:50:23.225] [L3API][H] 	[27] - 1(43) *
[17:50:23.232] [L3API][H] 	[28] - 1(48) *
[17:50:23.241] [L3API][H] 	[29] - 1(52) *
[17:50:23.249] [L3API][H] 	[30] - 1(66) *
[17:50:23.256] [L3API][H] 	[31] - 1(71) *
[17:50:23.262] [L3API][H] Set modifiedMPR_Behavior_r10 : 60 00 00 00 (32)
[17:50:23.269] [L3API][H]  Making band combination list (31)
[17:50:23.275] [L3API][H]  supportedBandCombination_r10 malloc - 0x856AE758 (1984 * 31)
[17:50:23.283] [L3API] Set BC: 1(1), 0(0)
[17:50:23.292] [L3API] Set BC: 1(2), 0(0)
[17:50:23.301] [L3API] Set BC: 1(3), 0(0)
[17:50:23.307] [L3API] Set BC: 1(4), 0(0)
[17:50:23.315] [L3API] Set BC: 1(5), 0(0)
[17:50:23.321] [L3API] Set BC: 1(6), 0(0)
[17:50:23.327] [L3API] Set BC: 1(7), 0(0)
[17:50:23.333] [L3API] Set BC: 1(8), 0(0)
[17:50:23.339] [L3API] Set BC: 1(10), 0(0)
[17:50:23.344] [L3API] Set BC: 1(12), 0(0)
[17:50:23.352] [L3API] Set BC: 1(13), 0(0)
[17:50:23.357] [L3API] Set BC: 1(14), 0(0)
[17:50:23.361] [L3API] Set BC: 1(17), 0(0)
[17:50:23.367] [L3API] Set BC: 1(18), 0(0)
[17:50:23.372] [L3API] Set BC: 1(19), 0(0)
[17:50:23.377] [L3API] Set BC: 1(20), 0(0)
[17:50:23.384] [L3API] Set BC: 1(25), 0(0)
[17:50:23.388] [L3API] Set BC: 1(26), 0(0)
[17:50:23.392] [L3API] Set BC: 1(28), 0(0)
[17:50:23.396] [L3API] Set BC: 1(30), 0(0)
[17:50:23.402] [L3API] Set BC: 1(34), 0(0)
[17:50:23.450] [L3API] Set BC: 1(38), 0(0)
[17:50:23.454] [L3API] Set BC: 1(39), 0(0)
[17:50:23.458] [L3API] Set BC: 1(40), 0(0)
[17:50:23.463] [L3API] Set BC: 1(41), 0(0)
[17:50:23.467] [L3API] Set BC: 1(42), 0(0)
[17:50:23.471] [L3API] Set BC: 1(43), 0(0)
[17:50:23.474] [L3API] Set BC: 1(48), 0(0)
[17:50:23.477] [L3API] Set BC: 1(52), 0(0)
[17:50:23.481] [L3API] Set BC: 1(66), 0(0)
[17:50:23.484] [L3API] Set BC: 1(71), 0(0)
[17:50:23.486] [L3API][H]  Set SupportedBandCombination R10 (31 of 31)
[17:50:23.490] [L3API][H]  Set maxLayersMIMO_Indication_r12
[17:50:23.494] [L3API][H] Enable UL MIMO
[17:50:23.497] [L3API][H] TDD UL MIMO
[17:50:23.501] [L3API][H] Disable CA
[17:50:23.504] [L3API][H] Set modifiedMPR_Behavior_r10 : 60 00 00 00 (32)
[17:50:23.507] [L3API][H] Bit 13 : disabled
[17:50:23.510] [L3API][H] Bit 18 : disabled
[17:50:23.514] [L3API][H] Bit 13 : disabled
[17:50:23.517] [L3API][H] Bit 18 : disabled
[17:50:23.520] [L3API][H]  SetFgi: 1E9805FE 00000000 0000C1FF / 1E9805FE 00000000 0000C1FF
[17:50:23.524] [L3API][H]  SetFgi: FDD/TDD configured
[17:50:23.527] [L3API][H] Bit 13 : disabled
[17:50:23.531] [L3API][H] Bit 18 : disabled
[17:50:23.534] [L3API][H]  Set FGI Common (1E9805FE 00000000 0000C1FF)
[17:50:23.538] [L3API][H]  Set FGI FDD only (00000000 00000000 00000000)
[17:50:23.542] [L3API][H]  Set FGI TDD only (00000000 00000000 00000000)
[17:50:23.545] [L3API][H] Bit 13 : disabled
[17:50:23.548] [L3API][H] Bit 18 : disabled
[17:50:23.552] [L3API][H] Bit 13 : [NV] [LTE_NV] mrd Write Skip id=5(SAFE)
[17:50:23.555] [NV] -nv_write [mrd] SAFE(5) data=0x7faf8c4010 offs=0x139a8 size=0x1
[17:50:23.559] disabled
[17:50:23.562] [L3API][H] Bit 18 : disabled
[17:50:23.565] [L3API][H]  SetFgi: 1E9805FE 00000000 0000C1FF / 1E9805FE 00000000 0000C1FF
[17:50:23.568] [L3API][H]  SetFgi: FDD/TDD configured
[17:50:23.572] [L3API][H] Bit 13 : disabled
[17:50:23.575] [L3API][H] Bit 18 : disabled
[17:50:23.579] [L3API][H]  Set FGI Common (1E9805FE 00000000 0000C1FF)
[17:50:23.582] [L3API][H]  Set FGI FDD only (00000000 00000000 00000000)
[17:50:23.586] [L3API][H]  Set FGI TDD only (00000000 00000000 00000000)
[17:50:23.589] [L3API][H] BandNR: 0 (NR list not ready)
[17:50:23.593] [L3API][H]  set v1540:0  No NR supported band
[17:50:23.596] [L3API][H]  Set ul_RRC_Segmentation_r16
[17:50:23.600] [L3API][H] reset all default bcl
[17:50:23.603] [L3API][H]  default supportedBandCombination_v10i0 - 0x856BD7A8
[17:50:23.606] [L3API][H]  default supportedBandCombination_r10 - 0x856AE758
[17:50:23.609] [L3API][H] eutra seed: RunSrc=CFG
[17:50:23.612] [FSM] [L3>S][FSM_IMC_WaitInitialize__NASRRC_RRC_INITIALIZE_REQ] NASRRC_RRC_INITIALIZE_CNF
[17:50:23.616] [NL3] [H] Cell DB:halfBank 209, blockFree 418, blockNo 418, blockSz 764
[17:50:23.619] [32mNR_DB_SERV_CELL_DDCT(34) : 8780
[17:50:23.622] [0mL1_NrBandInfoNV:34
[17:50:23.626] filtering:
[17:50:23.629] [N3API]  user FreqTable's init'd: 856C8FD8
[17:50:23.633] [N3API] [CAPA-MEM][op-pre] pInfo=00000000 SBL(own=0 alloc=00000000) BCL.trkmrd: UICC Activation done : driver open fail(-1)
[17:50:23.637] =0 FS.trk=0
[17:50:23.643] [N3API] [CAPA-MEM][cfg-cache] reset: empty
[17:50:23.648] [OTA RX:10240] 31:NRCAPA [2486]->
[17:50:23.654] E1A23000 47465A03 1F8D8387 20000160 93170001 83F0D802 6EFF8204 41020174
[17:50:23.658] 48005005 810A6260 04800000 86400035 68300018 01E81C79 0E7C0000 82FFE3F8
[17:50:23.663] FE3FF8FE 3F854408 000EDD00 01000100 01D00010 00100000 0140A626 01480000
[17:50:23.669] 08640003 56830001 801E81C7 90E7C000 082FFE3F 8FE3FF8F E3F85440 8000EDD8
[17:50:23.674] 00180018 001D8001 80018000 00140A62 60248000 00864000 35683000 1801E81C
[17:50:23.680] 790E7C00 0082DF03 C0DE0380 54008000 140A6260 34800000 86400035 68300018
[17:50:23.684] 01E81C79 0E7C0000 82FFE3F8 FE3FF8FE 3F854408 000EDC80 00800080 01C80008
[17:50:23.689] 00080000 0140A626 03C80000 08640003 56830001 801E81C7 90E7C000 082DE038
[17:50:23.694] 0DE03805 44080007 9C800080 00800001 40A62609 C8000008 64000356 83000180
[17:50:23.699] 1E81C790 E7C00008 2DE0380D E0380540 08000140 A6260CC8 00000864 00035683
[17:50:23.705] 0001801E 81C790E7 C000082D F83E0DE0 38054008 000140A6 260DC800 00086400
[17:50:23.709] 03568300 01801E81 C790E7C0 00082DF8 3E0DF83E 05400800 0140A636 mrd: 
[17:50:23.715] UICC INDICATION(DEV_IDX(1))
[17:50:23.720] mrd: UICC ACTIVATED INDICATION
[17:50:23.724] mrautocm: [mrcm_ind_uicc_ind]
[17:50:23.727] mrautocm: UICC ACTIVATED INDICATION
[17:50:23.732] mrd: 
[17:50:23.735] INITIALIZATION PROTOCOL STACK RESPONSE(DEV_IDX(1))
[17:50:23.739] mrd: Result : 0
[17:50:23.745] mrd: WTD: LAPI_NotiArm1Reset : Hold[0]
[17:50:23.749] 12C80000
[17:50:23.755] 08640003 56830001 801E81C7 90E7C000 082BFF0F C3F0FFC3 F0FC1500 20000502
[17:50:23.759] 98D84F20 00002190 000D5A0C 0006007A 071E439F 000020AF FE3FEFFB FF8FFBFE
[17:50:23.764] 54408000 ACE40024 000E4002 40000014 0E636140 84800000 86400035 68300018
[17:50:23.769] 01E81C79 0E7C0000 82BFF8FF BFEFFE3F EFF95142 0003B760 00E000E0 0076000E
[17:50:23.774] 000E0000 01000200 00005029 89883200 00021900 00D5A0C0 006007A0 71E439F0
[17:50:23.779] 00020BFF 0FC3F0FF C3F0FC15 1020003B 76000600 06000760 00600060 00000502
[17:50:23.785] 98988D20 00002190 000D5A0C 0006007A 071E439F 000020B7 E0F83780 E0151020
[17:50:23.789] 002B6200 02000620 00200000 05029898 95200000 2190000D 5A0C0006 007A071E
[17:50:23.794] 439F0000 20BFF8FE 3F8FFE3F 8FE15002 00005029 89897200 00021900 00D5A0C0
[17:50:23.798] 006007A0 71E439F0 00020A40 09001500 20000503 98D89901 20000021 90000D5A
[17:50:23.802] 0C000600 7A071E43 9F000020 AEFE3FEF FBBF8FFB FE545080 00ACE000 20000E00
[17:50:23.806] 02000000 40008000 00140A63 626C8000 00864000 35683000 1801E81C 790E7C00
[17:50:23.810] 0082BBF8 FFBFEEFE 3FEFF951 420002B3 80008000 38000800 00010002 00000050
[17:50:23.813] 1E800E00 00000000 38040000 0000E020 00001003 80C00000 000E0380 00020038
[17:50:23.816] 2600000C 00E0C800 00200383 60000100 0E128000 0508384E 00001820 E1400000
[17:50:23.819] 60038820 0001400E 23000004 08389800 001820E2 68000061 07800001 C0200000
[17:50:23.823] E5EC41E0 00007010 00003963 10780000 1C060000 0E5CC41E 00000701 C0000387
[17:50:23.826] 10780000 1C130000 0E58C41E 00000706 C0000387 10780000 18250004 0220E000
[17:50:23.830] 0E128000 090441E0 0000709C 00003973 10780000 1C280000 0E1C41E0 00006118
[17:50:23.833] 00100883 8000388C 00002411 07800001 84A00041 63107800 00184B00 040220F0
[17:50:23.836] 00003898 00001CB1 883C0000 0E268000 072FE20F 00800380 800001C1 10780400
[17:50:23.839] 1C060000 0E5CC41E 01000701 C0000397 31078040 01C13000 00E58C41 E0100070
[17:50:23.843] 6C000039 7F107804 001C2500 000E0883 C02000E1 38000072 F620F008 00385000
[17:50:23.847] 001CBF88 3C02000C 23000201 10700407 11800004 8220F008 00309400 082C620F
[17:50:23.850] 00800389 800001CB 9883C020 00E26800 0072E620 F0100038 0C00001C B1883C04
[17:50:23.853] mrd: ucfg Scramble (0)
[17:50:23.857] mrdLTE LOG(000001c4): NOTI WARN2 WARN3 ERR
[17:50:23.860] : NRAPI_DeviceCfgSetReq Scramble (0)
[17:50:23.863] mrd: SET SCRAMBLE LOG : DISABLE
[17:50:23.866] 000C1280 02011070 08070940 00048220 F0100038 4E00001C 11078080 01C28000
[17:50:23.869] 00E0883C 04000E26 0000072C 620F0100 0389A000 01CB9883 C06000E0 38000070
[17:50:23.872] 441E0300 0704C000 03943107 80C001C1 B00000E0 883C0600 0C128002 0110700C
[17:50:23.875] 07094000 048220F0 1800384E 00001C11 0780C001 82800040 220E0180 E1400000
[17:50:23.878] 90441E03 00061180 01058C41 C0301C46 00001258 C41E0300 06128001 058C41E0
[17:50:23.881] 3000612C 00100883 C06000E2 60000072 C620F018 00389A00 001CB988 3C07000C
[17:50:23.884] 12800201 10700E07 09400004 8220F01C 00384E00 001CB188 3C07000E 14000007
[17:50:23.888] 2E620F01 C0038980 0001C110 780E001C 4D00000E 5CC41E09 80060940 01008838
[17:50:23.891] 130384A0 00024110 78260018 27000402 20E04C0E 13800009 0441E098 0060A000
[17:50:23.894] 10088381 30385000 00241107 82600184 C0004022 0E04C0E2 60000090 441E0980
[17:50:23.898] 07134000 03963107 836001C2 700000E5 CC41E0D8 0070A000 00397310 78360018
[17:50:23.900] 4A00040B 883C1B00 0C258002 01107836 001C4C00 000E5CC4 1E0D8007 13400003
[17:50:23.903] 97310784 A0018270 0040220E 0940E138 00009044 1E128006 11800100 88382503
[17:50:23.906] 88C00002 4110784A 00184A00 040220F0 94003096 00080441 E1280061 30001008
[17:50:23.909] 83825038 98000024 110784A0 01C4D000 00E5CC41 E1380070 A0000039 7310784E
[17:50:23.913] 00184600 040220E0 9C0E2300 00090441 E1380061 28001008 83C27000 C2580020
[17:50:23.916] 110784E0 01C4C000 00E0883C 27000E26 8000072E 620F0A00 0388C000 01CB9883
[17:50:23.920] C28000C2 50002011 07850001 84B00040 220F0A00 03898000 01CB9883 C28000E2
[17:50:23.923] 68000072 E620F118 00389800 001CB188 3C46000E 26800007 2C620E12 80E26800
[17:50:23.927] 0092C620 F1300030 9A00082C 620E1300 E2680000 92C620F0 00003000 00080441
[17:50:23.930] E0100060 0800101C 41E03000 60180010 0883C280 00C14000 207E20F1 1800308C
[17:50:23.933] 00080441 E2600061 3000101C 41E26800 61340010 2E2070A0 208050B8 81C4C082
[17:50:23.936] 0141C40E 2684100A 0E5A4000 0404C4F4 00000000 00000000 00023011 8000008C
[17:50:23.940] 04608020 08020080 20080200 80200802 00802008 02008020 08020080 20080200
[17:50:23.943] 80200802 00802008 02008020 08020080 20080200 80200802 00802008 02008020
[17:50:23.947] 08020080 20080200 80200802 00802008 02008020 08020080 20080200 80200802
[17:50:23.950] 00802008 02008020 08020080 20080200 80200802 00802008 02008020 08020080
[17:50:23.954] 20080200 0000036C 7A000000 00000000 mrd: cm_set_smsCfgWriteReq()
[17:50:23.957] mrd: cm_set_RaDeploymentReq()
[17:50:23.961] mrd: get_load_capa_pdu_uper_file(1) - isFirstChunk=1
[17:50:23.964] mrd: read_rrc_capa_pdu_chunk(/var/nr/param/capa/UE_MRDC_Capability.uper) - (0~10224)/fileSize(12134)
[17:50:23.968] 81 01 41 ED 88 2C 08 03 80 40 00 00 01 10 58 20 ....
[17:50:23.971] mrd: cm_set_NRUERadioCapaReq()
[17:50:23.974] mrd: get_load_capa_pdu_uper_file(1) - isFirstChunk=0
[17:50:23.978] mrd: read_rrc_capa_pdu_chunk(/var/nr/param/capa/UE_MRDC_Capability.uper) - (10224~12134)/fileSize(12134)
[17:50:23.981] 03 80 00 01 C0 60 00 01 60 88 6C 08 01 8900004000 02040000 00000000 00000000
[17:50:23.984] 00000000 00000000 00000000 00000000 00000000 00000000 00000000 00000000
[17:50:23.988] 00000000 00000000 00000000 00000000 00000000 00000000 00000000 00000000
[17:50:23.991] 00000000 00000000 00000000 00000000 00000000 07EFFFFF C6600007 00050382
[17:50:23.995] 80381804 200C03C0 D0000000 00000000 04000000 04000000 03000000 02000000
[17:50:23.999] 01400000 00C00000 00700000 00400000 00240000 00140000 000B0000 00060000
[17:50:24.002] 000340D6 4ED60ED6 8ED648D6 08D64AD6 0AD646D6 06D64CD6 0CD68CD6 54D694D0
[17:50:24.005] 30100000 6DB6D040 0005B6DB 41000026 DB6D0400 00DB6DB4 1000046D B6D04000
[17:50:24.009] 15B6DB41 000066DB 6D040001 DB6DB410 00086DB6 D0400025 B6DB4100 00A6DB6D
[17:50:24.012] 040002DB 6DB41000 0C6DB6D0 3149EAA8 3D5547AA A475540E AA92D550 5AAA4D55
[17:50:24.015] 41AAAA35 552AAAA9 55548EA0 14005002 00600801 40180300 18040090 0A014006
[17:50:24.019] 01802403 80500180 80090120 14006018 03403807 00280A01 10160260 30050014
[17:50:24.022] 0680B802 00501C03 02020200 68080801 A1010100 34040400 00808080 00020200
[17:50:24.025] 68004040 0D1AA030 401032F6 70000000 014A2000 0420
[17:50:24.028] [N3API] init_BCL param - 122
[17:50:24.032] [N3API] RF bit_mask : a2 00 00 00 00
[17:50:24.036] [N3API] [CAPA-MEM][post-decode] pInfo=00000000 SBL(own=0 alloc=00000000) BCL.trk=0 FS.trk=0
[17:50:24.039] [N3API] nr pdu filter hw=26 sbl 17->15 bcl 122->108
[17:50:24.043] [N3API] [CAPA-MEM][DB-set] pInfo=856c9dd8 SBL(own=0 alloc=00000000) BCL.trk=0 FS.trk=0
[17:50:24.047] [N3API]   SBL.val=85795858 cnt=15 BCL.main=857ab578 cnt=108 ABLF(dec=0/00000000/0 own=0/00000000)
[17:50:24.050] [N3API]   FS outer: decode-graph (B), trk=0
[17:50:24.054] [L3API][H] Set BandNR[15]:  1, 3, 5, 7, 8, 20, 26, 28, 38, 40, 41, 66, 71, 77, 78,
[17:50:24.057] [L3API][H] BandNR: 0 (NR list not ready)
[17:50:24.061] [L3API][H]  set v1540:15  n1 n3 n5 n7 n8 n20 n26 n28 n38 n40 n41 n66 n71 n77 n78
[17:50:24.064] [N3API]  EUTRA band[32]:
[17:50:24.067] [N3API] 	 B1 B2 B3 B4 B5 B6 B7 B8 B10 B12 B13 B14 B17 B18 B19 B20
[17:50:24.070] [N3API] 	 B25 B26 B28 B29 B30 B34 B38 B39 B40 B41 B42 B43 B48 B52 B66 B71
[17:50:24.074] [N3API] 
[17:50:24.077] Set bit-mask: 856CB4E4(000000E0) - 0 00000010
[17:50:24.081] [N3API] [MPR][PC] band:n38 pc:1 v1610:0 isPc1dot5:0 mpr_present:0 mpr_val:0x00
[17:50:24.084] [N3API] [MPR][PC] done band:n38 mpr_present:0 mpr_val:0x00
[17:50:24.087] [N3API] [MPR][PC] band:n40 pc:1 v1610:0 isPc1dot5:0 mpr_present:0 mpr_val:0x00
[17:50:24.090] [N3API] [MPR][PC] done band:n40 mpr_present:0 mpr_val:0x00
[17:50:24.094] [N3API] [MPR][PC] band:n41 pc:1 v1610:1 isPc1dot5:1 mpr_present:1 mpr_val:0x10
[17:50:24.097] [N3API] [MPR][PC] set n41 modifiedMPR_Behaviour=0x10
[17:50:24.101] [N3API] [MPR][PC] done band:n41 mpr_present:1 mpr_val:0x10
[17:50:24.104] [N3API] [MPR][PC] band:n77 pc:1 v1610:1 isPc1dot5:1 mpr_present:1 mpr_val:0x80
[17:50:24.107] [N3API] [MPR][PC] set n77 modifiedMPR_Behaviour=0x80
[17:50:24.111] [N3API] [MPR][PC] done band:n77 mpr_present:1 mpr_val:0x80
[17:50:24.113] [N3API] [MPR][PC] band:n78 pc:1 v1610:1 isPc1dot5:1 mpr_present:0 mpr_val:0x00
[17:50:24.117] [N3API] [MPR][PC] set n78 modifiedMPR_Behaviour=0x80
[17:50:24.120] [N3API] [MPR][PC] done band:n78 mpr_present:1 mpr_val:0x80
[17:50:24.124] [N3API] === reset UE Capa PDU
[17:50:24.127] [N3API] [CAPA-MEM][reset-done] pInfo=856c9dd8 SBL(own=0 alloc=00000000) BCL.trk=0 FS.trk=0
[17:50:24.131] [N3API]   SBL.val=85795858 cnt=15 BCL.main=857ab578 cnt=108 ABLF(dec=0/00000000/0 own=0/00000000)
[17:50:24.134] [N3API]   FS outer: decode-graph (B), trk=0
[17:50:24.137] [N3API] [CAPA-MEM][op-post] pInfo=856c9dd8 SBL(own=0 alloc=00000000) BCL.trk=0 FS.trk=0
[17:50:24.141] [N3API]   SBL.val=85795858 cnt=15 BCL.main=857ab578 cnt=108 ABLF(dec=0/00000000/0 own=0/00000000)
[17:50:24.144] [N3API]   FS outer: decode-graph (B), trk=0
[17:50:24.148] [NL3:   0][>S][nrrc_send_NNASRRC_RRC_INITIALIZE_CNF] NNASRRC_RRC_INITIALIZE_CNF
[17:50:24.151] [NAS_NSM] nsmSetPduAuthControlByUpperEnabled()
[17:50:24.154] [NAS_NSM] 	 flag(1)
[17:50:24.157] [NAS_INSIG] EPLMN|NASRRC_RRC_INITIALIZE_CNF(18)|PLMN_NULL(0)
[17:50:24.160] [NAS_INSIG] NPLMN|NNASRRC_RRC_INITIALIZE_CNF(18)|PLMN_NULL(0)
[17:50:24.164] [NAS_INSIG] CACHE|NASNVM_READ_CNF(8)|CACHE_WAIT_FOR_CACHE_INIT(0)
[17:50:24.167] [NAS_INSIG] CACHE|NASNVM_READ_CNF(8)|CACHE_WAIT_FOR_CACHE_INIT(0)
[17:50:24.170] [NAS_INSIG] CACHE|NASNVM_READ_CNF(8)|CACHE_WAIT_FOR_CACHE_INIT(0)
[17:50:24.174] [NAS_CACHE] [WAR] Invalid 5GSLOCI in the NV (0xffffff)!!!
[17:50:24.177] [NAS_INSIG] CACHE|NASNVM_READ_CNF(8)|CACHE_WAIT_FOR_CACHE_INIT(0)
[17:50:24.180] [NAS_INSIG] CACHE|NASNVM_READ_CNF(8)|CACHE_WAIT_FOR_CACHE_INIT(0)
[17:50:24.183] [NAS_INSIG] CACHE|NASNVM_READ_CNF(8)|CACHE_WAIT_FOR_CACHE_INIT(0)
[17:50:24.187] [NAS_INSIG] CACHE|NASNVM_READ_CNF(8)|CACHE_WAIT_FOR_CACHE_INIT(0)
[17:50:24.190] [NAS_INSIG] CACHE|NASNVM_READ_CNF(8)|CACHE_WAIT_FOR_CACHE_INIT(0)
[17:50:24.193] [NAS_INSIG] CACHE|NASNVM_READ_CNF(8)|CACHE_WAIT_FOR_CACHE_INIT(0)
[17:50:24.195] [NAS_INSIG] CACHE|NASNVM_READ_CNF(8)|CACHE_WAIT_FOR_CACHE_INIT(0)
[17:50:24.198] [NAS_CACHE] Read UTC Time: 0
[17:50:24.201] [NAS_INSIG] CACHE|NASNVM_READ_CNF(8)|CACHE_WAIT_FOR_CACHE_INIT(0)
[17:50:24.204] [NAS_INSIG] CACHE|NASNVM_READ_CNF(8)|CACHE_WAIT_FOR_CACHE_INIT(0)
[17:50:24.207] [NAS_INSIG] CACHE|NASNVM_READ_CNF(8)|CACHE_WAIT_FOR_CACHE_INIT(0)
[17:50:24.210] [NAS_INSIG] CACHE|NASNVM_READ_CNF(8)|CACHE_WAIT_FOR_CACHE_INIT(0)
[17:50:24.214] [NAS_CACHE] [ERR] Invalid IMEI: 0x000000000000000000 <IN cacheReadNVMCnf 528>
[17:50:24.217] [NAS_INSIG] CACHE|NASNVM_READ_CNF(8)|CACHE_WAIT_FOR_CACHE_INIT(0)
[17:50:24.221] [NAS_CACHE] [ERR] Invalid IMEI2: 0x000000000000000000 <IN cacheReadNVMCnf 550>
[17:50:24.224] [NAS_INSIG] CACHE|NASNVM_READ_CNF(8)|CACHE_WAIT_FOR_CACHE_INIT(0)
[17:50:24.228] [NAS_INSIG] CACHE|NASNVM_READ_CNF(8)|CACHE_WAIT_FOR_CACHE_INIT(0)
[17:50:24.231] [NAS_INSIG] CACHE|NASNVM_READ_CNF(8)|CACHE_WAIT_FOR_CACHE_INIT(0)
[17:50:24.235] [NAS_CACHE] Read T3245 lte:0 nr: 0
[17:50:24.238] [NAS_INSIG] CACHE|NASNVM_READ_CNF(8)|CACHE_WAIT_FOR_CACHE_INIT(0)
[17:50:24.241] [NAS_INSIG] CACHE|NASNVM_READ_CNF(8)|CACHE_WAIT_FOR_CACHE_INIT(0)
[17:50:24.245] [NAS_INSIG] CACHE|NASNVM_READ_CNF(8)|CACHE_WAIT_FOR_CACHE_INIT(0)
[17:50:24.248] [NAS_INSIG] CACHE|NASNVM_READ_CNF(8)|CACHE_WAIT_FOR_CACHE_INIT(0)
[17:50:24.251] [NAS_INSIG] CACHE|NASNVM_READ_CNF(8)|CACHE_WAIT_FOR_CACHE_INIT(0)
[17:50:24.254] [NAS_INSIG] CACHE|NASNVM_READ_CNF(8)|CACHE_WAIT_FOR_CACHE_INIT(0)
[17:50:24.258] [NAS_INSIG] CACHE|NASNVM_READ_CNF(8)|CACHE_WAIT_FOR_CACHE_INIT(0)
[17:50:24.261] [NAS_INSIG] CACHE|NASNVM_READ_CNF(8)|CACHE_WAIT_FOR_CACHE_INIT(0)
[17:50:24.264] [NAS_INSIG] CACHE|NASNVM_READ_CNF(8)|CACHE_WAIT_FOR_CACHE_INIT(0)
[17:50:24.268] [NAS_INSIG] CACHE|NASNVM_READ_CNF(8)|CACHE_WAIT_FOR_CACHE_INIT(0)
[17:50:24.271] [NAS_INSIG] CACHE|NASNVM_READ_CNF(8)|CACHE_WAIT_FOR_CACHE_INIT(0)
[17:50:24.273] [NAS_CACHE] ICCID Matched: No USIM change detected
[17:50:24.277] [NAS_CACHE] State Change (CACHE_WAIT_FOR_CACHE_INIT => CACHE_VALID_USIM)
[17:50:24.280] [NAS_INSIG] EMM|EMM_INT_USIM_INSERTED_IND(2)|EMM_NULL(0)
[17:50:24.284] [FSM] [ERR]EHPLMN list cnt:2
[17:50:24.287] [FSM] EHPLMN :[0] F110
[17:50:24.290] [FSM] EHPLMN :[1] 130184
[17:50:24.293] [L3API][H] Init CSG DB: 0
[17:50:24.297] [FSM] [L3>S][RRC_send_NASRRC_USIM_INSERTED_CNF] NASRRC_USIM_INSERTED_CNF
[17:50:24.301] [NAS_INSIG] EPLMN|EPLMN_USIM_INSERTED_IND(5)|PLMN_NULL(0)
[17:50:24.304] [NAS_EPLMN] PLMN_PERIODIC_HPLMN_SEARCH_TIMER Timer value Changed: 28800000 ms
[17:50:24.308] [NAS_EPLMN] State Change (PLMN_NULL => PLMN_IDLE)
[17:50:24.311] [NAS_INSIG] NMM|NMM_INT_USIM_INSERTED_IND(3)|NMM_NULL(0)
[17:50:24.315] [NL3:   0]<- NNASRRC_USIM_INSERTED_REQ
[17:50:24.318] [NL3:   0]EHPLMN :[0] F110
[17:50:24.322] [NL3:   0]EHPLMN :[1] 130184
[17:50:24.325] [NL3:   0][>S][NRRC_Read_NVM_DRX] NVM_READ_REQ
[17:50:24.328] [NL3:   0][>S][NRRC_Read_NVM_User_DRX] NVM_READ_REQ
[17:50:24.332] [NAS_INSIG] NPLMN|NPLMN_USIM_INSERTED_IND(5)|PLMN_NULL(0)
[17:50:24.335] [NAS_NPLMN] PLMN_PERIODIC_HPLMN_SEARCH_TIMER Timer value Changed: 28800000 ms
[17:50:24.338] [NAS_NPLMN] State Change (PLMN_NULL => PLMN_IDLE)
[17:50:24.341] [NAS_INSIG] EMM|NASRRC_USIM_INSERTED_CNF(45)|EMM_NULL(0)
[17:50:24.344] [NAS_EMM] FSM_EMM_NULL__NASRRC_USIM_INSERTED_CNF
[17:50:24.348] [FSM] [L3<-][RMCI][0] NASRRC_COUNT_UPDATE_IND
[17:50:24.351] [RMC] [H] NAS count:0
[17:50:24.354] NAS_MsgHandler, messageType(0x360014)
[17:50:24.357] [NL3:   0][<-][NL3USI][2][3] NVM_READ_CNF
[17:50:24.360] [N3USI] NV name : LDRX_NV
[17:50:24.364] [N3USI] NV DRX not used: 0
[17:50:24.367] [NL3:   0][<-][NL3USI][2][3] NVM_READ_CNF
[17:50:24.370] [N3USI] NV name : NDRX_NV
[17:50:24.374] [N3USI] NV User DRX not used :0
[17:50:24.378] [NL3:   0][>S][FSM_NL3USI_Read__NVM_READ_CNF] NNASRRC_USIM_INSERTED_CNF
[17:50:24.381] [NAS_INSIG] NMM|NASRRC_USIM_INSERTED_CNF(44)|NMM_NULL(0)
[17:50:24.385] [NAS_NMM] FSM_NMM_NULL__NASRRC_USIM_INSERTED_CNF
[17:50:24.387] [NAS_INSIG] NSM_CONNECTION_MANAGEMENT|NMMNSM_UICC_USIM_CACHE_END_IND(22)|NSM_CONNECTION_MANAGEMENT(0)
[17:50:24.390] L1 initialize...
[17:50:24.394] nr_slp_shmem : 28500000
[17:50:24.398] nr_dlp_shmem[0] : 20500000
[17:50:24.401] nr_dlp_shmem[1] : 21500000
[17:50:24.451] nr_dlp_shmem[2] : 22500000
[17:50:24.454] nr_dlp_shmem[3] : 23500000
[17:50:24.459] nr_dlp_shmem[4] : 24500000
[17:50:24.462] nr_dlp_shmem[5] : 25500000
[17:50:24.465] nr_dlp_shmem[6] : 26500000
[17:50:24.468] nr_dlp_shmem[7] : 27500000
[17:50:24.471] nr_ulp_shmem[0] : 20d00000
[17:50:24.475] nr_ulp_shmem[1] : 21d00000
[17:50:24.478] nr_ulp_shmem[2] : 22d00000
[17:50:24.481] nr_ulp_shmem[3] : 23d00000
[17:50:24.485]  =====   RF NV3  ====== 
[17:50:24.489]  RFD_GetAdcMetalfix() nv_bcfg cmn_ext_rfconfig 0x0030 bit#3(0 metal fix, 1 no fix) adc_metal_fix 1
[17:50:24.492] [MRM] Read MRM Mode: 0
[17:50:24.495] [MRM] NOT Enabled MRM FSM: 0
[17:50:24.502] $ ifconfig
[17:50:24.507] M] 0x6c Connected assigned ConnId: 0x1
[17:50:24.510] [SMS] ENAS SMS INIT REQ rxed
[17:50:24.513] [MRM] 0x55 Connected assigned ConnId: 0x2
[17:50:24.517] [ATM] ATMManager_RegisterUMM(evt:35, nPortId:0)...
[17:50:24.520] SMSMGR : bSmsFormat(3GPP)
[17:50:24.524] [SMS] SMSMGR : UICC FILE INFO rxed(FID = 0x0)
[17:50:24.527] DM> [MRM] Disable Scrumble Log
[17:50:24.529] [NAS_INSIG] CACHE|NAS_PROTOCOL_CONFIG_WRITE_REQ(3)|CACHE_VALID_USIM(1)
[17:50:24.533] [NAS_CACHE] Scrumble Log: 0
[17:50:24.536] [MRM] 5G NR SA: 1 NSA: 0 LTE SA: 0
[17:50:24.540] [MRM] Set NR SA Mode for RRC: 1
[17:50:24.543] [L3API][H] Set BandNR[15]:  n1 n3 n5 n7 n8 n20 n26 n28 n38 n40 n41 n66 n71 n77 n78
[17:50:24.548] [MRM] Set Endc Enable for RRC: 0
[17:50:24.551] [L3API][H] 	Set EN-DC Enable:0
[17:50:24.554] [L3API][H]  set v1540:15  n1 n3 n5 n7 n8 n20 n26 n28 n38 n40 n41 n66 n71 n77 n78
[17:50:24.558] [MRM] Set LTE Only Mode for RRC: 1
[17:50:24.561] [L3API][H] Enable UL MIMO
[17:50:24.564] [L3API][H] TDD UL MIMO
[17:50:24.568] [L3API][H] Disable CA
[17:50:24.571] [L3API][H] Bit 13 : disabled
[17:50:24.575] [L3API][H] Bit 18 : disabled
[17:50:24.578] [L3API][H] Bit 13 : disabled
[17:50:24.582] [L3API][H] Bit 18 : disabled
[17:50:24.586] [L3API][H]  SetFgi: 1E9805FE 00000000 0000C1FF / 1E9805FE 00000000 0000C1FF
[17:50:24.589] [L3API][H]  SetFgi: FDD/TDD configured
[17:50:24.593] [L3API][H] Bit 13 : disabled
[17:50:24.596] [L3API][H] Bit 18 : disabled
[17:50:24.600] [L3API][H]  Set FGI Common (1E9805FE 00000000 0000C1FF)
[17:50:24.603] [L3API][H]  Set FGI FDD only (00000000 00000000 00000000)
[17:50:24.607] [L3API][H]  Set FGI TDD only (00000000 00000000 00000000)
[17:50:24.610] [L3API][H] 	[Y]Set interRAT_BandList(0) in BCL(31)
[17:50:24.614] [NAS_INSIG] CACHE|NAS_PROTOCOL_CONFIG_WRITE_REQ(3)|CACHE_VALID_USIM(1)
[17:50:24.617] [NAS_CACHE] 5G NR SA: 1 5G NR NSA: 0 LTE SA: 0
[17:50:24.620] [MRM] Set UE MRDC Capability PDU - mode: 1 length: 10224
[17:50:24.624] [N3API]  mrdcCapaPdu mode:1, size:10224
[17:50:24.627] [N3API][E] mrdcCapaPdu: too big PDU size:10224
[17:50:24.631] [N3API]  mrdcCapaPdu mode:3, size:10224
[17:50:24.634] [N3API] MRDC reset: load default into DB (hasPdu:0)
[17:50:24.637] [N3API] del default MRDC Capa DB
[17:50:24.640] [N3API] MRDC update: gen BCL 128 from gMrdcSupportedBcTable[128] (sbl e:32 n:15 nrBcl:108 skipFb:0)
[17:50:24.644] [N3API] MRDC tbl[0] e:1+3 n:1+78
[17:50:24.647] [N3API] [0]tbl0-4,0  MRDC tbl[1] e:1+7 n:1+78
[17:50:24.651] [N3API] [1]tbl1-4,0  MRDC tbl[2] e:1+28 n:1+78
[17:50:24.654] [N3API] [2]tbl2-4,0  MRDC tbl[3] e:1+40 n:1+78
[17:50:24.657] [N3API] [3]tbl3-4,0  MRDC tbl[4] e:3+7 n:1+78
[17:50:24.661] [N3API] MRDC: [4]tbl4-4,0  
[17:50:24.666] [N3API] MRDC tbl[5] e:3+28 n:1+78
[17:50:24.671] [N3API] [5]tbl5-4,0  MRDC tbl[6] e:3+40 n:1+78
[17:50:24.674] [N3API] [6]tbl6-4,0  MRDC tbl[7] e:7+28 n:1+78
[17:50:24.677] [N3API] [7]tbl7-4,0  MRDC tbl[8] e:7+40 n:1+78
[17:50:24.680] [N3API] [8]tbl8-4,0  MRDC tbl[9] e:28+40 n:1+78
[17:50:24.684] [N3API] MRDC: [9]tbl9-4,0  
[17:50:24.688] [N3API] MRDC tbl[10] e:1+3+7 n:1+78
[17:50:24.691] [N3API] [10]tbl10-5,1  MRDC tbl[11] e:1+3+28 n:1+78
[17:50:24.695] [N3API] [11]tbl11-5,1  MRDC tbl[12] e:1+3+40 n:1+78
[17:50:24.698] [N3API] [12]tbl12-5,1  MRDC tbl[13] e:1+7+28 n:1+78
[17:50:24.701] [N3API] [13]tbl13-5,1  MRDC tbl[14] e:1+7+40 n:1+78
[17:50:24.705] [N3API] MRDC: [14]tbl14-5,1  
[17:50:24.708] [N3API] MRDC tbl[15] e:1+28+40 n:1+78
[17:50:24.711] [N3API] [15]tbl15-5,1  MRDC tbl[16] e:3+7+28 n:1+78
[17:50:24.714] [N3API] [16]tbl16-5,1  MRDC tbl[17] e:3+7+40 n:1+78
[17:50:24.718] [N3API] [17]tbl17-5,1  MRDC tbl[18] e:3+28+40 n:1+78
[17:50:24.721] [N3API] [18]tbl18-5,1  MRDC tbl[19] e:7+28+40 n:1+78
[17:50:24.724] [N3API] MRDC: [19]tbl19-5,1  
[17:50:24.729] [N3API] MRDC tbl[20] e:1+3 n:5+78
[17:50:24.733] [N3API] [20]tbl20-4,0  MRDC tbl[21] e:1+7 n:5+78
[17:50:24.736] [N3API] [21]tbl21-4,0  MRDC tbl[22] e:1+28 n:5+78
[17:50:24.742] [N3API] [22]tbl22-4,0  MRDC tbl[23] e:1+40 n:5+78
[17:50:24.745] [N3API] [23]tbl23-4,0  MRDC tbl[24] e:3+7 n:5+78
[17:50:24.749] [N3API] MRDC: [24]tbl24-4,0  
[17:50:24.753] [N3API] MRDC tbl[25] e:3+28 n:5+78
[17:50:24.756] [N3API] [25]tbl25-4,0  MRDC tbl[26] e:3+40 n:5+78
[17:50:24.762] [N3API] [26]tbl26-4,0  MRDC tbl[27] e:7+28 n:5+78
[17:50:24.766] [N3API] [27]tbl27-4,0  MRDC tbl[28] e:7+40 n:5+78
[17:50:24.769] [N3API] [28]tbl28-4,0  MRDC tbl[29] e:28+40 n:5+78
[17:50:24.773] [N3API] MRDC: [29]tbl29-4,0  
[17:50:24.777] [N3API] MRDC tbl[30] e:1+3+7 n:5+78
[17:50:24.780] [N3API] [30]tbl30-5,1  MRDC tbl[31] e:1+3+28 n:5+78
[17:50:24.784] [N3API] [31]tbl31-5,1  MRDC tbl[32] e:1+3+40 n:5+78
[17:50:24.788] [N3API] [32]tbl32-5,1  MRDC tbl[33] e:1+7+28 n:5+78
[17:50:24.791] [N3API] [33]tbl33-5,1  MRDC tbl[34] e:1+7+40 n:5+78
[17:50:24.795] [N3API] MRDC: [34]tbl34-5,1  
[17:50:24.798] [N3API] MRDC tbl[35] e:1+28+40 n:5+78
[17:50:24.802] [N3API] [35]tbl35-5,1  MRDC tbl[36] e:3+7+28 n:5+78
[17:50:24.806] [N3API] [36]tbl36-5,1  MRDC tbl[37] e:3+7+40 n:5+78
[17:50:24.809] [N3API] [37]tbl37-5,1  MRDC tbl[38] e:3+28+40 n:5+78
[17:50:24.812] [N3API] [38]tbl38-5,1  MRDC tbl[39] e:7+28+40 n:5+78
[17:50:24.815] [N3API] MRDC: [39]tbl39-5,1  
[17:50:24.818] [N3API] MRDC tbl[40] e:1+3 n:1+40
[17:50:24.821] [N3API] [40]tbl40-4,0  MRDC tbl[41] e:1+7 n:1+40
[17:50:24.825] [N3API] [41]tbl41-4,0  MRDC tbl[42] e:1+28 n:1+40
[17:50:24.828] [N3API] [42]tbl42-4,0  MRDC tbl[43] e:1+40 n:1+40
[17:50:24.831] [N3API] [43]tbl43-4,0  MRDC tbl[44] e:3+7 n:1+40
[17:50:24.835] [N3API] MRDC: [44]tbl44-4,0  
[17:50:24.838] [N3API] MRDC tbl[45] e:3+28 n:1+40
[17:50:24.842] [N3API] [45]tbl45-4,0  MRDC tbl[46] e:3+40 n:1+40
[17:50:24.845] [N3API] [46]tbl46-4,0  MRDC tbl[47] e:7+28 n:1+40
[17:50:24.849] [N3API] [47]tbl47-4,0  MRDC tbl[48] e:7+40 n:1+40
[17:50:24.852] [N3API] [48]tbl48-4,0  MRDC tbl[49] e:28+40 n:1+40
[17:50:24.855] [N3API] MRDC: [49]tbl49-4,0  
[17:50:24.859] [N3API] MRDC tbl[50] e:1+3+7 n:1+40
[17:50:24.862] [N3API] [50]tbl50-5,1  MRDC tbl[51] e:1+3+28 n:1+40
[17:50:24.866] [N3API] [51]tbl51-5,1  MRDC tbl[52] e:1+3+40 n:1+40
[17:50:24.869] [N3API] [52]tbl52-5,1  MRDC tbl[53] e:1+7+28 n:1+40
[17:50:24.872] [N3API] [53]tbl53-5,1  MRDC tbl[54] e:1+7+40 n:1+40
[17:50:24.875] [N3API] MRDC: [54]tbl54-5,1  
[17:50:24.878] [N3API] MRDC tbl[55] e:1+28+40 n:1+40
[17:50:24.881] [N3API] [55]tbl55-5,1  MRDC tbl[56] e:3+7+28 n:1+40
[17:50:24.884] [N3API] [56]tbl56-5,1  MRDC tbl[57] e:3+7+40 n:1+40
[17:50:24.887] [N3API] [57]tbl57-5,1  MRDC tbl[58] e:3+28+40 n:1+40
[17:50:24.890] [N3API] [58]tbl58-5,1  MRDC tbl[59] e:7+28+40 n:1+40
[17:50:24.893] [N3API] MRDC: [59]tbl59-5,1  
[17:50:24.900] [N3API] MRDC tbl[60] e:1+3 n:5+40
[17:50:24.911] [N3API] [60]tbl60-4,0  MRDC tbl[61] e:1+7 n:5+40
[17:50:24.924] [N3API] [61]tbl61-4,0  MRDC tbl[62] e:1+28 n:5+40
[17:50:24.931] [N3API] [62]tbl62-4,0  MRDC tbl[63] e:1+40 n:5+40
[17:50:24.940] [N3API] [63]tbl63-4,0  MRDC tbl[64] e:3+7 n:5+40
[17:50:24.944] [N3API] MRDC: [64]tbl64-4,0  
[17:50:24.947] [N3API] MRDC tbl[65] e:3+28 n:5+78
[17:50:24.950] [N3API] [65]tbl65-4,0  MRDC tbl[66] e:3+40 n:5+40
[17:50:24.953] [N3API] [66]tbl66-4,0  MRDC tbl[67] e:7+28 n:5+40
[17:50:24.956] [N3API] [67]tbl67-4,0  MRDC tbl[68] e:7+40 n:5+40
[17:50:24.959] [N3API] [68]tbl68-4,0  MRDC tbl[69] e:28+40 n:5+40
[17:50:24.962] [N3API] MRDC: [69]tbl69-4,0  
[17:50:24.965] [N3API] MRDC tbl[70] e:1+3+7 n:5+40
[17:50:24.968] [N3API] [70]tbl70-5,1  MRDC tbl[71] e:1+3+28 n:5+40
[17:50:24.971] [N3API] [71]tbl71-5,1  MRDC tbl[72] e:1+3+40 n:5+40
[17:50:24.973] [N3API] [72]tbl72-5,1  MRDC tbl[73] e:1+7+28 n:5+40
[17:50:24.976] [N3API] [73]tbl73-5,1  MRDC tbl[74] e:1+7+40 n:5+40
[17:50:24.979] [N3API] MRDC: [74]tbl74-5,1  
[17:50:24.982] [N3API] MRDC tbl[75] e:1+28+40 n:5+40
[17:50:24.984] [N3API] [75]tbl75-5,1  MRDC tbl[76] e:3+7+28 n:5+40
[17:50:24.987] [N3API] [76]tbl76-5,1  MRDC tbl[77] e:3+7+40 n:5+40
[17:50:24.990] [N3API] [77]tbl77-5,1  MRDC tbl[78] e:3+28+40 n:5+40
[17:50:24.993] [N3API] [78]tbl78-5,1  MRDC tbl[79] e:7+28+40 n:5+40
[17:50:24.997] [N3API] MRDC: [79]tbl79-5,1  
[17:50:25.000] [N3API] MRDC tbl[80] e:1+3 n:78
[17:50:25.002] [N3API] [80]tbl80-3,2  MRDC tbl[81] e:1+7 n:78
[17:50:25.006] [N3API] [81]tbl81-3,2  MRDC tbl[82] e:1+28 n:78
[17:50:25.008] [N3API] [82]tbl82-3,2  MRDC tbl[83] e:1+40 n:78
[17:50:25.011] [N3API] [83]tbl83-3,2  MRDC tbl[84] e:3+7 n:78
[17:50:25.014] [N3AVLAN: all hmac cleared
[17:50:25.017] PI] MRDC: br0: port 1(usb0) entered blocking state
[17:50:25.020] br0: port 1(usb0) entered forwarding state
[17:50:25.023] [84]tbl84-3,2  
[17:50:25.026] [N3API] MRDC tbl[85] e:3+28 n:78
[17:50:25.029] [N3API] [85]tbl85-3,2  MRDC tbl[86] e:3+40 n:78
[17:50:25.031] [N3API] [86]tbl86-3,2  MRDC tbl[87] e:7+28 n:78
[17:50:25.034] [N3API] [87]tbl87-3,2  MRDC tbl[88] e:7+40 n:78
[17:50:25.037] [N3API] [88]tbl88-3,2  MRDC tbl[89] e:28+40 n:78
[17:50:25.039] [N3API] MRDC: [89]tbl89-3,2  
[17:50:25.042] [N3API] MRDC tbl[90] e:1+3+7 n:78
[17:50:25.046] [N3API] [90]tbl90-4,3  MRDC tbl[91] e:1+3+28 n:78
[17:50:25.049] [N3API] [91]tbl91-4,3  MRDC tbl[92] e:1+3+40 n:78
[17:50:25.052] [N3API] [92]tbl92-4,3  MRDC tbl[93] e:1+7+28 n:78
[17:50:25.055] [N3API] [93]tbl93-4,3  MRDC tbl[94] e:1+7+40 n:78
[17:50:25.058] [N3API] MRDC: [94]tbl94-4,3  
[17:50:25.061] [N3API] MRDC tbl[95] e:1+28+40 n:78
[17:50:25.064] [N3API] [95]tbl95-4,3  MRDC tbl[96] e:3+7+28 n:78
[17:50:25.067] [N3API] [96]tbl96-4,3  MRDC tbl[97] e:3+7+40 n:78
[17:50:25.070] [N3API] [97]tbl97-4,3  MRDC tbl[98] e:3+28+40 n:78
[17:50:25.073] [N3API] [98]tbl98-4,3  MRDC tbl[99] e:7+28+40 n:78
[17:50:25.077] [N3API] MRDC: [99]tbl99-4,3  
[17:50:25.080] [N3API] MRDC tbl[100] e:1+3+7+28 n:78
[17:50:25.083] [N3API] [100]tbl100-5,4  MRDC tbl[101] e:1+3+7+40 n:78
[17:50:25.086] [N3API] [101]tbl101-5,4  MRDC tbl[102] e:1+7+28+40 n:78
[17:50:25.089] [N3API] [102]tbl102-5,4  MRDC tbl[103] e:3+7+28+40 n:78
[17:50:25.092] [N3API] [103]tbl103-5,4  MRDC tbl[104] e:1+3 n:40
[17:50:25.096] [N3API] MRDC: [104]tbl104-3,2  
[17:50:25.099] [N3API] MRDC tbl[105] e:1+7 n:40
[17:50:25.102] [N3API] [105]tbl105-3,2  MRDC tbl[106] e:1+28 n:40
[17:50:25.105] [N3API] [106]tbl106-3,2  MRDC tbl[107] e:1+40 n:40
[17:50:25.108] [N3API] [107]tbl107-3,2  MRDC tbl[108] e:3+7 n:40
[17:50:25.111] [N3API] [108]tbl108-3,2  MRDC tbl[109] e:3+28 n:40
[17:50:25.114] [N3API] MRDC: [109]tbl109-3,2  
[17:50:25.117] [N3API] MRDC tbl[110] e:3+40 n:40
[17:50:25.120] [N3API] [110]tbl110-3,2  MRDC tbl[111] e:7+28 n:40
[17:50:25.123] [N3API] [111]tbl111-3,2  MRDC tbl[112] e:7+40 n:40
[17:50:25.126] [N3API] [112]tbl112-3,2  MRDC tbl[113] e:28+40 n:40
[17:50:25.129] [N3API] [113]tbl113-3,2  MRDC tbl[114] e:1+3+7 n:40
[17:50:25.133] [N3API] MRDC: [114]tbl114-4,3  
[17:50:25.137] [N3API] MRDC tbl[115] e:1+3+28 n:40
[17:50:25.140] [N3API] [115]tbl115-4,3  MRDC tbl[116] e:1+3+40 n:40
[17:50:25.144] [N3API] [116]tbl116-4,3  MRDC tbl[117] e:1+7+28 n:40
[17:50:25.147] [N3API] [117]tbl117-4,3  MRDC tbl[118] e:1+7+40 n:40
[17:50:25.149] [N3API] [118]tbl118-4,3  MRDC tbl[119] e:1+28+40 n:40
[17:50:25.152] [N3API] MRDC: [119]tbl119-4,3  
[17:50:25.156] [N3API] MRDC tbl[120] e:3+7+28 n:40
[17:50:25.158] [N3API] [120]tbl120-4,3  MRDC tbl[121] e:3+7+40 n:40
[17:50:25.162] [N3API] [121]tbl121-4,3  MRDC tbl[122] e:3+28+40 n:40
[17:50:25.165] [N3API] [122]tbl122-4,3  MRDC tbl[123] e:7+28+40 n:40
[17:50:25.168] [N3API] [123]tbl123-4,3  MRDC tbl[124] e:1+3+7+28 n:40
[17:50:25.171] [N3API] MRDC: [124]tbl124-5,4  
[17:50:25.174] [N3API] MRDC tbl[125] e:1+3+7+40 n:40
[17:50:25.178] [N3API] [125]tbl125-5,4  MRDC tbl[126] e:1+7+28+40 n:40
[17:50:25.180] [N3API] [126]tbl126-5,4  MRDC tbl[127] e:3+7+28+40 n:40
[17:50:25.183] [N3API] MRDC: [127]tbl127-5,4  
[17:50:25.186] [N3API] MRDC BCL:128, FSCL:5
[17:50:25.189] [ASN]  [OSS DB] enc PDU sz: 1873
[17:50:25.193] [OTA DB] 29:MRDC [1873]
[17:50:25.196] [N3API] MRDC update: reset UE capability DB
[17:50:25.198]  80 70 ....
[17:50:25.202] mrd: cm_set_NRUERadioCapaReq()
[17:50:25.205] mrd: get_load_capa_pdu_uper_file(0) - isFirstChunk=1
[17:50:25.209] mrd: read_rrc_capa_pdu_chunk(/var/nr/param/capa/UE_NR_Capability.uper) - (0~1686)/fileSize(1686)
[17:50:25.212] E1 A2 30 00 47 46 5A 03 1F 8D 83 85 20 00 16 09 ....
[17:50:25.215] mrd: cm_set_NRUERadioCapaReq()
[17:50:25.219] mrd: get_load_capa_pdu_uper_file(2) - isFirstChunk=1
[17:50:25.222] mrd: read_rrc_capa_pdu_chunk(/var/nr/param/capa/UE_EUTRA_Capability.uper) - (0~1853)/fileSize(1853)
[17:50:25.225] [MRM] Set UE MRDC Capability PDU - mode: 2 length: 1910
[17:50:25.228] [N3API]  mrdcCapaPdu mode:2, size:1910
[17:50:25.231] E0 19 80 57 00 10 30 81 43 07 12 44 91 33 26 CF ....
[17:50:25.234] mrd: cm_set_LTEUERadioCapaReq()
[17:50:25.238] [MRM] Set UE NR Capability PDU - mode: 1 length: 1686
[17:50:25.241] [N3API]  ueCapaPdu mode:1, size:1686
[17:50:25.244] [N3API]  ueCapaPdu mode:3, size:1686
[17:50:25.248] [N3API] [CAPA-MEM][op-pre] pInfo=856c9dd8 SBL(own=0 alloc=00000000) BCL.trk=0 FS.trk=0
[17:50:25.251] [N3API]   SBL.val=85795858 cnt=15 BCL.main=857ab578 cnt=108 ABLF(dec=0/00000000/0 own=0/00000000)
[17:50:25.254] [N3API]   FS outer: decode-graph (B), trk=0
[17:50:25.257] [N3API] [CAPA-MEM][pre-ASNFreePdu] pInfo=856c9dd8 SBL(own=0 alloc=00000000) BCL.trk=0 FS.trk=0
[17:50:25.261] [N3API]   SBL.val=85795858 cnt=15 BCL.main=857ab578 cnt=108 ABLF(dec=0/00000000/0 own=0/00000000)
[17:50:25.264] [N3API]   FS outer: decode-graph (B), trk=0
[17:50:25.268] [N3API] L3_NR_FREE_BCL: supportedBandCombinationList, num: 108
[17:50:25.271] [N3API] BCL: free dec 857ab578 (detach untrk)
[17:50:25.274] [N3API] L3_NR_FREE_BCL: supportedBandCombinationList_v1540, num: 108
[17:50:25.278] [N3API] BCL: free dec 857b3358 (detach untrk)
[17:50:25.281] [N3API] L3_NR_FREE_BCL: supportedBandCombinationList_v1610, num: 108
[17:50:25.284] [N3API] BCL: free dec 85815258 (detach untrk)
[17:50:25.287] [N3API] [CAPA-MEM][post-ASNFreePdu] pInfo=856c9dd8 SBL(own=0 alloc=00000000) BCL.trk=0 FS.trk=0
[17:50:25.289] [N3API]   SBL.val=85795858 cnt=15 BCL.main=00000000 cnt=0 ABLF(dec=0/00000000/0 own=0/00000000)
[17:50:25.293] [N3API]   FS outer: decode-graph (B), trk=0
[17:50:25.296] [N3API] [CAPA-MEM][cfg-cache] reset: empty
[17:50:25.301] [OTA RX:10240] 31:NRCAPA [1686]->
[17:50:25.306] E1A23000 47465A03 1F8D8385 20001609 31700018 3F0B804D DFF04088 20402E89
[17:50:25.311] 000A00B0 1F4C4C00 90000010 88006AD0 60003003 D038F21C F8000105 FFC7F1FC
[17:50:25.314] 7FF1FC7F 0708100E DD000100 010001D0 00100010 00000140 A6260148 00000844
[17:50:25.320] 00356830 001801E8 1C790E7C 000082FF E3F8FE3F F8FE3F83 8408076E C000C000
[17:50:25.325] C000EC00 0C000C00 0000A053 13012400 00042200 1AB41800 0C00F40E 3C873E00
[17:50:25.330] 00416F81 E06F01C0 1C004005 0298980D 20000021 1000D5A0 C0006007 A071E439
[17:50:25.337] F000020B FF8FE3F8 FFE3F8FE 0E10201D B9000100 01000390 00100010 00000281
[17:50:25.341] 4C4C0790 00001088 006AD060 003003D0 38F21CF8 000105BC 0701BC07 00708100
[17:50:25.344] 79C80008 00080000 140A6260 6C800000 84400356 83000180 1E81C790 E7C00008
[17:50:25.348] 2D80200D 80200380 0800A053 1304E400 00042200 1AB41800 0C00F40E 3C873E00
[17:50:25.351] 00416F01 C06F01C0 1C004005 02989833 20000021 1000D5A0 C0006007 A071E439
[17:50:25.355] F000020B 7E0F8378 0E00E002 002814C4 C1B90000 01088006 AD060003 003D038F
[17:50:25.358] 21CF8000 105BF07C 1BF07C07 00100140 A63612C8 00000844 00356830 001801E8
[17:50:25.362] 1C790E7C 000082BF F0FC3F0F FC3F0FC0 E0020028 14C6C279 00000108 8006AD06
[17:50:25.366] 0003003D 038F21CF 80001057 FF1FF7FD FFC7FDFF 1C20402B 39000900 03900090
[17:50:25.369] 00000503 98D85021 20000021 1000D5A0 C0006007 A071E439 F000020A FFE3FEFF
[17:50:25.373] BFF8FFBF E3850807 6EC001C0 01C000EC 001C001C 00000200 04000000 A0130212
[17:50:25.376] A0000000 88006AD0 60003003 D038F21C F8000105 FFC7F1FC E6362640 48000008
[17:50:25.379] 44003568 30001801 E81C790E 7C000082 BBF8FFBF EEFE3FEF F8E14201 59C00040
[17:50:25.382] 001C0004 00000080 01000000 2814C6C4 D9000001 088006AD 06000300 3D038F21
[17:50:25.384] CF800010 577F1FF7 FDDFC7FD FF1C2840 2B380008 00038000 80000010 00200000
[17:50:25.388] 05029888 A7200000 211000D5 A0C00060 07A071E4 39F00002 0BFF8FE3 F8380080
[17:50:25.391] 0A010801 C0000000 00070080 0000001C 04000002 00701800 000001C0 70000040
[17:50:25.394] 07034000 01801C13 00000800 70640000 1001C1B0 0000A107 09400003 001C2700
[17:50:25.397] 000E1070 9C000040 41C28000 01010713 00000404 1C4D0000 1000F134 0028A600
[17:50:25.400] 09007800 001C0400 001400F0 0000384E 00002C01 E0000071 34000058 03C04000
[17:50:25.404] E1380000 C0078080 01C4D000 01801700 00038080 01827000 6805C000 00C0201C
[17:50:25.451] 2700001C 0160000E 02000709 C0000780 5C00000E 02000613 4001A017 00000300
[17:50:25.455] 80713400 00700580 00380800 1C4D0000 1E017000 00384E00 184D0008 005C0000
[17:50:25.459] 0C1381C4 D0000220 160000E1 38007134 00009005 C04000E1 38006134 00260170
[17:50:25.462] 1000304E 07134000 0A005804 0384E001 C4D00002 A3A40017 44200000 00000000
[17:50:25.466] 00000023 011808C0 4602mrd3011 82008020 08020080 40040040 04004004 00400400
[17:50:25.469] 40040040 04000FC2 10000000 00000000 00000010 20400000 00000000 00000000
[17:50:25.472] 00000000 00007EFF FFFC4600 07000503 82803818 04200C03 C0F00000 00000000
[17:50:25.474] 00040000 00040000 00030000 00020000 00014000 0000C000 00007000 00004000
[17:50:25.477] 00002400 00001400 00000B00 00000600 00000340 000001C0 000000F0 3D93B583
[17:50:25.480] B5A3B592 35823592 B582B590 B580B591 B581B593 358335A3 359535A5 34100000
[17:50:25.483] 00000000 10000008 00000300 00010000 00500000 18000007 00000200 00009000
[17:50:25.486] 00280000 0B000003 000000D0 00003800 000F0000 04010127 820F051E 091C1038
[17:50:25.489] 24304060 9341068A 4D5141AA 2A35412A 829514AA A283D454 AA80A801 40080180
[17:50:25.493] 20050060 0C006010 02402805 00180600 900E0140 06020034 04807001 80A00901
[17:50:25.496] 60140060 30044068 0900280C 01501A02 E0380600 140780D8 02005020 03800A03
[17:50:25.499] C07C0101 08100221 0501E03E 00808408 01105000 00600001 40000308 28010030
[17:50:25.502] 0400A00C 01818040 0900A014 20A00400 C0100280 30060A03 C06C0100 281001C1
[17:50:25.505] 03008012 01402828 0F01B004 00A04007 08140080 18020050 0600C0C0 20048050
[17:50:25.509] 0A0A03C0 04010008 10000205 00200600 80140180 30300800 20140002 80F01B00
[17:50:25.513] 400A0400 70814008 00802001 0060000C 02004805 00A0A03C 06C01002 81001C20
[17:50:25.515] 50020060 08014018 03050020 06008014 01803050 1E002008 00408000 10280100
[17:50:25.518] 300400A0 0C018280 F0010040 02040000 28010030 0400A00C 01881400 80080200
[17:50:25.521] 10060001 40780D80 20050200 38140080 18020050 0600C406 01002402 80505002
[17:50:25.525] 00600801 40180305 01E00200 80040800 01018040 0900A014 14078008 02001020
[17:50:25.529] 00014008 01802005 00600C40 60100040 28000501 E0360080 140800E0 50020060
[17:50:25.532] 08014018 031AA030 401032F6 70000000 014A2000 0420
[17:50:25.535] [N3API] init_BCL param - 33
[17:50:25.538] [N3API] RF bit_mask : a2 00 00 00 00
[17:50:25.542] [N3API] [CAPA-MEM][post-decode] pInfo=00000000 SBL(own=0 alloc=00000000) BCL.trk=0 FS.trk=0
[17:50:25.545] [N3API] nr pdu filter hw=26 sbl 16->14 bcl 33->32
[17:50:25.548] [N3API] [CAPA-MEM][DB-set] pInfo=856c9dd8 SBL(own=0 alloc=00000000) BCL.trk=0 FS.trk=0
[17:50:25.551] [N3API]   SBL.val=85599458 cnt=14 BCL.main=85594428 cnt=32 ABLF(dec=0/00000000/0 own=0/00000000)
[17:50:25.555] [N3API]   FS outer: decode-graph (B), trk=0
[17:50:25.559] [L3API][H] Enable UL MIMO
[17:50:25.562] [L3API][H] TDD UL MIMO
[17:50:25.565] [L3API][H] Disable CA
[17:50:25.569] [L3API][H] Bit 13 : disabled
[17:50:25.572] [L3API][H] Bit 18 : disabled
[17:50:25.575] [L3API][H] Bit 13 : disabled
[17:50:25.578] [L3API][H] Bit 18 : disabled
[17:50:25.582] [L3API][H]  SetFgi: 1E9805FE 00000000 0000C1FF / 1E9805FE 00000000 0000C1FF
[17:50:25.585] [L3API][H]  SetFgi: FDD/TDD configured
[17:50:25.588] [L3API][H] Bit 13 : disabled
[17:50:25.592] [L3API][H] Bit 18 : disabled
[17:50:25.594] [L3API][H]  Set FGI Common (1E9805FE 00000000 0000C1FF)
[17:50:25.598] [L3API][H]  Set FGI FDD only (00000000 00000000 00000000)
[17:50:25.601] [L3API][H]  Set FGI TDD only (00000000 00000000 00000000)
[17:50:25.605] [L3API][H] 	[Y]Set interRAT_BandList(0) in BCL(31)
[17:50:25.608] [N3API]  EUTRA band[32]:
[17:50:25.612] [N3API] 	 B1 B2 B3 B4 B5 B6 B7 B8 B10 B12 B13 B14 B17 B18 B19 B20
[17:50:25.615] [N3API] 	 B25 B26 B28 B29 B30 B34 B38 B39 B40 B41 B42 B43 B48 B52 B66 B71
[17:50:25.618] [N3API] 
[17:50:25.622] Set bit-mask: 856CB4E4(000000E0) - 0 00000010
[17:50:25.625] [N3API] [MPR][PC] band:n38 pc:1 v1610:0 isPc1dot5:0 mpr_present:0 mpr_val:0x00
[17:50:25.628] [N3API] [MPR][PC] done band:n38 mpr_present:0 mpr_val:0x00
[17:50:25.632] [N3API] [MPR][PC] band:n40 pc:1 v1610:0 isPc1dot5:0 mpr_present:0 mpr_val:0x00
[17:50:25.635] [N3API] [MPR][PC] done band:n40 mpr_present:0 mpr_val:0x00
[17:50:25.638] [N3API] [MPR][PC] band:n41 pc:1 v1610:1 isPc1dot5:1 mpr_present:1 mpr_val:0x10
[17:50:25.642] [N3API] [MPR][PC] set n41 modifiedMPR_Behaviour=0x10
[17:50:25.645] [N3API] [MPR][PC] done band:n41 mpr_present:1 mpr_val:0x10
[17:50:25.649] [N3API] [MPR][PC] band:n77 pc:1 v1610:1 isPc1dot5:1 mpr_present:1 mpr_val:0x80
[17:50:25.653] [N3API] [MPR][PC] set n77 modifiedMPR_Behaviour=0x80
[17:50:25.656] [N3API] [MPR][PC] done band:n77 mpr_present:1 mpr_val:0x80
[17:50:25.660] [N3API] [MPR][PC] band:n78 pc:1 v1610:1 isPc1dot5:1 mpr_present:0 mpr_val:0x00
[17:50:25.663] [N3API] [MPR][PC] set n78 modifiedMPR_Behaviour=0x80
[17:50:25.666] [N3API] [MPR][PC] done band:n78 mpr_present:1 mpr_val:0x80
[17:50:25.669] [N3API] === reset UE Capa PDU
[17:50:25.672] [N3API] [CAPA-MEM][reset-done] pInfo=856c9dd8 SBL(own=0 alloc=00000000) BCL.trk=0 FS.trk=0
[17:50:25.676] [N3API]   SBL.val=85599458 cnt=14 BCL.main=85594428 cnt=32 ABLF(dec=0/00000000/0 own=0/00000000)
[17:50:25.679] [N3API]   FS outer: decode-graph (B), trk=0
[17:50:25.683] [N3API] [CAPA-MEM][op-post] pInfo=856c9dd8 SBL(own=0 alloc=00000000) BCL.trk=0 FS.trk=0
[17:50:25.686] [N3API]   SBL.val=85599458 cnt=14 BCL.main=85594428 cnt=32 ABLF(dec=0/00000000/0 own=0/00000000)
[17:50:25.690] [N3API]   FS outer: decode-graph (B), trk=0
[17:50:25.693] [MRM] Set UE EUTRA Capability PDU - mode: 1 length: 1853
[17:50:25.697] [L3API][H]  eutraCapaPdu mode:1, size:1853
[17:50:25.700] [L3API][H]  eutraCapaPdu mode:3, size:1853
[17:50:25.703] [L3API][H] eutra reset: hasPdu:1 RunSrc=CFG
[17:50:25.707] [OTA RX][0] 30:UECAPA [1853]->
[17:50:25.710] E0198057 00103081 43071244 913326CF A54EA14A A5EFDFBF 7E5EBFFF FFF83D7F
[17:50:25.713] FFFFF07A FFFFFFE0 F5FFFFFF C1EBFFFF FF83D7FF FFFF07AF FFFFFE0F 5FFFFFFC
[17:50:25.717] 1EBFFFFF F83D7FFF FFF07AFF FFFFE0F5 FFFFFFC1 EBFFFFFF 83D7FFFF FF07AFFF
[17:50:25.720] FFFE0F5F FFFFFC1E BFFFFFF8 3D7FFFFF F07AFFFF FFE0F5FF FFFFC1EB FFFFFF83
[17:50:25.723] D7FFFFFF 07AFFFFF FE0F5FFF FFFC1FF8 3FE26800 E6DE039E 40000000 1FEB8000
[17:50:25.727] 04060D0A 8597F000 00005F78 01801801 80180180 18018018 01801801 80180180
[17:50:25.730] 18018018 01801801 80180180 18018018 018210C0 0C108600 60843003 04218018
[17:50:25.733] 210C00C1 08600608 43003042 18018210 C00C1086 00608430 03042180 18210C00
[17:50:25.737] C1086006 08430030 42180182 10C00C10 86006084 30030421 8018210C 00C10860
[17:50:25.740] 06084300 30421801 8210C00C 10860060 84300304 21801821 0C00C108 60060843
[17:50:25.743] 00304218 018210C0 0C108600 60843003 04218018 210C00C1 08600608 43003042
[17:50:25.747] 18018210 C00C1086 00608430 03042180 18210C00 C1086006 08430030 4212D3E2
[17:50:25.750] 82EE0600 00208184 00082061 80020818 80008206 28002081 8C000820 63800208
[17:50:25.752] 19200082 06880020 81A40008 20698002 081B2000 8206D800 2081BE00 08207280
[17:50:25.755] 02081CE0 00820740 002081D2 00082075 0002081D E0008207 F8002081 FE000820
[17:50:25.758] 7F800208 1FE00082 06000024 83800008 2801040C 20004907 08001050 82081860
[17:50:25.762] 00920E18 0020A184 10310001 141C4000 41440820 62800248 38A00082 8A1040C6
[17:50:25.766] 00049071 80010518 20818E00 08A0E380 020A3841 03240012 41C90004 14908206
[17:50:25.768] 88002483 A200082A 21040D20 00490748 00105482 081A6000 920E9800 20A98410
[17:50:25.771] 36400124 1D900041 5908206D 8002483B 600082B6 1040DF00 049077C0 01057C20
[17:50:25.775] 81CA0009 20F28002 0B284103 9C001241 E7000416 70820740 002483D0 00082D01
[17:50:25.778] 040E9000 4907A400 105A4208 1D400092 0F500020 B504103B C001241E F000416F
[17:50:25.781] 08207F80 02483FE0 0082FE10 40FF0004 907FC001 05FC2081 FE000920 FF80020B
[17:50:25.784] F84103FC 001241FF 000417F0 82060008 24838000 08380000 82061008 24838400
[17:50:25.788] 08384000 82061808 24838600 08386000 82062004 22838800 08388000 82062808
[17:50:25.791] 24838A00 0838A000 82063008 24838C00 0838C000 82063804 22838E00 0838E000
[17:50:25.795] 82064808 24839200 08392000 82068808 2483A200 083A2000 82069008 2483A400
[17:50:25.798] 083A4000 82069808 2483A600 083A6000 8206C808 2483B200 083B2000 8206D808
[17:50:25.801] 2483B600 083B6000 8206F808 2483BE00 083BE000 82072808 2483CA00 083CA000
[17:50:25.804] 82073808 2483CE00 083CE000 82074008 2483D000 083D0000 82074808 2483D200
[17:50:25.808] 083D2000 82075008 2483D400 083D4000 82077808 2483DE00 083DE000 8207F808
[17:50:25.812] 2483FE00 083FE000 8207F808 2483FE00 083FE000 8207F808 2483FE00 083FE000
[17:50:25.815] 8207F808 2483FE00 083FE000 83DEBFFF FFF8397F FFFFF2FF FFFFE5FF FFFFCBFF
[17:50:25.819] FFFF97FF FFFF2FFF FFFE5FFF FFFCBFFF FFF97FFF FFF2FFFF FFE5FFFF FFCBFFFF
[17:50:25.822] FF97FFFF FF2FFFFF FE5FFFFF FCBFFFFF F97FFFFF F2FFFFFF E5FFFFFF CBFFFFFF
[17:50:25.826] 97FFFFFF 2FFFFFFE 5FFFFFFC BFFFFFF9 7FFFFFF2 FFFFFFE5 FFFFFFCB FFFFFF97
[17:50:25.829] FFFFFF2F FFFFFE5F FFFFFCBF FFFFF97F FFFFF2FF FFFFE5FF FFFFCBFF FFFF97FF
[17:50:25.832] FFFF2FFF FFFE5FFF FFFCBFFF FFF97FFF FFF2FFFF FFE5FFFF FFCBFFFF FF97FFFF
[17:50:25.836] FF2FFFFF FE5FFFFF FCBFFFFF F97FFFFF F2FFFFFF E5FFFFFF CBFFFFFF 97FFFFFF
[17:50:25.839] 2FFFFFFE 5FFFFFFC BFFFFFF9 7FFFFFF2 FFFFFFE5 FFFFFFCB FFFFFF97 FFFFFF2F
[17:50:25.843] FFFFFE5F FFFFFCBF FFFFF97F FFFFF2FF FFFFE5FF FFFFCBFF FFFF97FF FFFF2FFF
[17:50:25.848] FFFE5FFF FFFCBFFF FFF97FFF FFF2FFFF FFE5FFFF FFCBFFFF FF97FFFF FF2FFFFF
[17:50:25.852] FE5FFFFF FCBFFFFF F97FFFFF F2FFFFFF E5FFFFFF CBFFFFFF 97FFFFFF 2FFFFFFE
[17:50:25.856] 5FFFFFFC BFFFFFF9 7FFFFFF2 FFFFFFE5 FFFFFFCB FFFFFF97 FFFFFF2F FFFFFE5F
[17:50:25.860] FFFFFCBF FFFFF97F FFFFF2FF FFFFE5FF FFFFCBFF FFFF97FF FFFF2FFF FFFE5FFF
[17:50:25.863] FFFCBFFF FFF97FFF FFF2FFFF FFE5FFFF FFCBFFFF FF97FFFF FF2FFFFF FE5FFFFF
[17:50:25.866] FCBFFFFF F97FFFFF F2FFFFFF E5FFFFFF CBFFFFFF 97FFFFFF 2FFFFFFE 5FFFFFFD
[17:50:25.870] FFC80002 D083B800 0000FF80 000001FE 00000007 F8000000 03FE0000 000FFC00
[17:50:25.873] 00000000 0FF00000 003FC000 0000FFC0 000003FC 0000000F F0000000 00003FE0
[17:50:25.876] 0000007F 80000001 FE000000 00FF8000 0003FF00 00000000 03FC0000 000FF000
[17:50:25.880] 00003FF0 000000FF 00000003 FC000000 00007EE0 00000000 00000000 00000000
[17:50:25.883] 00000000 00000000 202020C0 21402160 00800020 00080002 00008000 20000800
[17:50:25.887] 02000080 00200008 00020000 80002000 08000200 00800020 00080002 002020A0
[17:50:25.890] 28080830 28320C02 140A1485 00858285 A1600080 00200008 00020000 80002000
[17:50:25.894] 08000200 00800020 00080002 00008000 20000800 02000080 00200008 00020020
[17:50:25.898] 20A02808 08302832 0C02140A 14850085 8285A172 8401E32D 300C2FFF FFFFDFFF
[17:50:25.901] F59B9420 08E00452 40000800 00412E68 022605EF 05001040 00100008 00000C10
[17:50:25.905] 41040043 94008000 82087220 01000021 830C0113 02F41022 00004080 64
[17:50:25.908] [L3API][H] pdu filter hw sbl 24->21 bcl10 120->105 add 0->0 red 0->0
[17:50:25.912] [L3API][H]  supportedBandCombination_v10i0 free - 0x856BD7A8
[17:50:25.914] [L3API][H]  supportedBandCombination_r10 free - 0x856AE758
[17:50:25.917] [L3API][H] eutra RunSrc:CFG->PDU
[17:50:25.920] [L3API][H] eutra reset: skip cfg overlay (OSS_DECODE)
[17:50:25.923] [L3API][H] eutra reset: cfg ca_mode=0 (NON_CA=0)
[17:50:25.928] [L3API][H] eutra reset: NON_CA - strip CA from run DB
[17:50:25.931] [L3API][H] eutra keep Non-CA BCL (ca_mode=0) r10 105->21 add 0->0 red 0->0
[17:50:25.934] [L3API][H] eutra reset: DB from PDU (sz=1853) RunSrc=PDU (no overlay)
[17:50:25.937] : ca_band_combination_list()
[17:50:25.940] mrd: CA user_version : 0
[17:50:25.943] mrd: CA Band combination List file_ver:0, ucfg_user_ver:0
[17:50:25.946] mrd: /var/nr/param/capa/rrc_ca_combination_list_mode_none.bin : version match
[17:50:25.949] mrd: File(/var/nr/param/capa/rrc_ca_combination_list_working.bin) size : 330
[17:50:25.952] mrd: Create New CA Band Combination List File(/var/nr/param/capa/rrc_ca_combination_list_working.bin)
[17:50:25.954] mrd: ca disable index : 0
[17:50:25.957] mrd: Enable/Disable Enable_field among CA Band Combination List
[17:50:25.961] mrd: The Supported CA Band combination list not set.(user_ver(0)
[17:50:25.965] Modem IPC mode:
[17:50:25.969]   master_proc_idle=1
[17:50:25.972]   assert_level=3
[17:50:25.975]   sdu_prio=1
[17:50:25.979] Linux IPC mode:
[17:50:25.982]   proc_idle enabled=1(cpu=0)
[17:50:25.985]   assert_level=3(3)
[17:50:25.989]   sdu_prio=1(1)
[17:50:25.992] mrd: [mrd_db_device_info] MCC[001] MNC[012], MNC len(3), SVN(0)
[17:50:25.996] mrd: NR UICC INFORMATION INDICATION(DEV_IDX(1)
[17:50:25.998] mrd: USIM Status 1
[17:50:26.002] mrd: USIM Slot	0
[17:50:26.005] mrd: IMSI : 001012345678901
[17:50:26.009] mrd: IMEI : 123456798213141
[17:50:26.012] mrd: SV : 0
[17:50:26.016] mrd: ICCID : 89014103255041700619
[17:50:26.019] mrd: EID : 00000000000000000000000000000000
[17:50:26.023] mrautocm: [mrcm_uicc_info_ind] status from (0) to (1)
[17:50:26.026] mrd: [mrd_db_device_info] MCC[001] MNC[012], MNC len(3), SVN(0)
[17:50:26.030] mrd: NR UICC INFORMATION INDICATION(DEV_IDX(1)
[17:50:26.033] mrd: USIM Status 1
[17:50:26.037] mrd: USIM Slot	0
[17:50:26.040] mrd: IMSI : 001012345678901
[17:50:26.044] mrd: IMEI : 123456798213141
[17:50:26.047] mrd: SV : 0
[17:50:26.050] mrd: ICCID : 890141032550417[NV] +nv_write [mrd] NET(4) data=0x7faf8c4010 offs=0xc7 size=0x1
[17:50:26.054] 00619
[17:50:26.057] mrd: EID : 00000000000000000000000000000000
[17:50:26.061] mrautocm: [mrcm_uicc_info_ind] status from (0) to (1)
[17:50:26.065] mrd: DEVICE CONFIG SET RESPONSE(DEV_IDX(1) Result(0)
[17:50:26.068] mrd: [mrd_db_device_info] MCC[001] MNC[012], MNC len(3), SVN(0)
[17:50:26.071] mrd: NR UICC INFORMATION INDICATION(DEV_IDX(1)
[17:50:26.074] mrd: USIM Status 1
[17:50:26.078] mrd: USIM Slot	0
[17:50:26.081] mrd: IMSI : 001012345678901
[17:50:26.085] mrd: IMEI : 123456798213141
[17:50:26.088] mrd: SV : 0
[17:50:26.092] mrd: ICCID : 89014103255041700619
[17:50:26.095] mrd: EID : 00000000000000000000000000000000
[17:50:26.098] mrautocm: [mrcm_uicc_info_ind] status from (0) to (1)
[17:50:26.102] [NV] [LTE_NV] mrd Write Skip id=4(NET)
[17:50:26.105] [NV] -nv_write [mrd] NET(4) data=0x7faf8c4010 offs=0xc7 size=0x1
[17:50:26.109] mrd: DEVICE CONFIG SET RESPONSE(DEV_IDX(1) Result(0)
[17:50:26.112] mrd: NR RRC CAPA SET RESPONSE(DEV_IDX(1))
[17:50:26.116] mrd: Result : 0
[17:50:26.119] mrd: NR RRC CAPA SET RESPONSE(DEV_IDX(1))
[17:50:26.123] mrd: Result : 0
[17:50:26.126] mrd: NR RRC CAPA SET RESPONSE(DEV_IDX(1))
[17:50:26.129] mrd: Result : 0
[17:50:26.132] mrd: LTE RRC CAPA SET RESPONSE(DEV_IDX(1))
[17:50:26.135] mrd: Result : [NV] +nv_write [mrd] NET(4) data=0x7faf8c4010 offs=0xc9 size=0x1
[17:50:26.139] 0
[17:50:26.142] [NV] [LTE_NV] mrd Write Skip id=4(NET)
[17:50:26.146] [NV] -nv_write [mrd] NET(4) data=0x7faf8c4010 offs=0xc9 size=0x1
[17:50:26.149] mrd: SMS STORAGE CONFIG WRITE RESPONSE
[17:50:26.153] shell
[17:50:26.156] # mrd: ONLINE REQUEST ret=110
[17:50:26.159] mrd: run_lte_scr nr=0
[17:50:26.163] mrd: run_cm_online_request_thread() - init_complete
[17:50:26.166] mrd: [online_request]Watchdog First start
[17:50:26.170] mrbip: LTE PS INIT Completed
[17:50:26.173] mrbip: Start
[17:50:26.176] mrautocm: MRAPI_UiccIdReadReq midType (0)
[17:50:26.179] mrautocm: [MRAPI_UiccIdReadReq]
[17:50:26.182] mrd: [SERVER] new connection request
[17:50:26.186] mrd: lted_srv_alloc_client id=4
[17:50:26.190] mrd: [SERVER] assigns client index 4 proc=mratcm(1455)
[17:50:26.193] c00: gdm_irq_set_type: cpu=0 hwirq=99 type=4
[17:50:26.196] c00: set_affinity: irq=46(UART RX) cpu=0
[17:50:26.200] c00: gdm_irq_set_type: cpu=0 hwirq=98 type=4
[17:50:26.203] c00: set_affinity: irq=47(UART TX) cpu=0
[17:50:26.206] uart port[1] fc=0 cr=0000002b
[17:50:26.210] highd open nr=1
[17:50:26.213] gif_open mratcm 1/0
[17:50:26.217] mrd: [mrd_db_device_info] MCC[001] MNC[012], MNC len(3), SVN(0)
[17:50:26.220] mrd: NR UICC INFORMATION INDICATION(DEV_IDX(1)
[17:50:26.223] mrd: USIM Status 1
[17:50:26.227] mrd: USIM Slot	0
[17:50:26.231] mrd: IMSI : 001012345678901
[17:50:26.234] mrd: IMEI : 123456798213141
[17:50:26.237] mrd: SV : 0
[17:50:26.240] mrd: ICCID : 89014103255041700619
[17:50:26.244] mrd: EID : 00000000000000000000000000000000
[17:50:26.247] mrautocm: [mrcm_uicc_info_ind] status from (0) to (1)
[17:50:26.250] mrautocm: [MRAPI_S_GET_UsimOperator]
[17:50:26.253] mrautocm: [mrcm_uicc_info_ind] USIM Operator From (E_USIM_OPER_UNKNOWN) To(E_USIM_OPER_UNKNOWN)
[17:50:26.256] ifconfig
[17:50:26.259] br0       Link encap:Ethernet  HWaddr 00:0A:3B:FF:FF:01  
[17:50:26.262]           inet addr:192.168.0.1  Bcast:192.168.0.255  Mask:255.255.255.0
[17:50:26.266]           inet6 addr: fe80::30aa:d8ff:fe59:c5ff/64 Scope:Link
[17:50:26.269]           UP BROADCAST RUNNING MULTICAST  MTU:1500  Metric:1
[17:50:26.273]           RX packets:80 errors:0 dropped:0 overruns:0 frame:0
[17:50:26.276]           TX packets:36 errors:0 dropped:0 overruns:0 carrier:0
[17:50:26.280]           collisions:0 txqueuelen:1000 
[17:50:26.283]           RX bytes:15451 (15.0 KiB)  TX bytes:3163 (3.0 KiB)
[17:50:26.286] lo        Link encap:Local Loopback  
[17:50:26.290]           inet addr:127.0.0.1  Mask:255.0.0.0
[17:50:26.293]           inet6 addr: ::1/128 Scope:Host
[17:50:26.296]           UP LOOPBACK RUNNING  MTU:65536  Metric:1
[17:50:26.298]           RX packets:0 errors:0 dropped:0 overruns:0 frame:0
[17:50:26.302]           TX packets:0 errors:0 dropped:0 overruns:0 carrier:0
[17:50:26.305]           collisions:0 txqueuelen:1000 
[17:50:26.308]           RX bytes:0 (0.0 B)  TX bytes:0 (0.0 B)
[17:50:26.312] usb0      Link encap:Ethernet  HWaddr 00:0A:3B:FF:FF:01  
[17:50:26.315]           inet6 addr: fe80::20a:3bff:feff:ff01/64 Scope:Link
[17:50:26.318]           UP BROADCAST RUNNING MULTICAST  MTU:1500  Metric:1
[17:50:26.322]           RX packets:89 errors:0 dropped:0 overruns:0 frame:0
[17:50:26.325]           TX packets:31 errors:0 dropped:0 overruns:0 carrier:0
[17:50:26.329]           collisions:0 txqueuelen:1000 
[17:50:27.332]           RX bytes:19620 (19.1 KiB)  TX bytes:4520 (4.4 KiB)
[17:50:28.652] $ ping 192.168.0.1
[17:50:29.663] ping 192.168.0.1
[17:50:29.667] PING 192.168.0.1 (192.168.0.1): 56 data bytes
[17:50:29.671] 64 bytes from 192.168.0.1: seq=0 ttl=64 time=0.098 ms
[17:50:30.665] 64 bytes from 192.168.0.1: seq=1 ttl=64 time=0.091 ms
[17:50:30.669] i2c 2-0047: deferred probe pending: (reason unknown)
[17:50:31.682] 64 bytes from 192.168.0.1: seq=2 ttl=64 time=0.083 ms
[17:50:31.687] 64 bytes from 192.168.0.1: seq=3 ttl=64 time=0.047 ms
[17:50:31.995] $ (ctrl) Ctrl+C
[17:50:33.012] ^C
[17:50:33.016] --- 192.168.0.1 ping statistics ---
[17:50:33.019] 4 packets transmitted, 4 packets received, 0% packet loss
[17:50:33.023] round-trip min/avg/max = 0.047/0.079/0.098 ms
[17:50:34.334] $ ifconfig
[17:50:34.346] ifconfig
[17:50:34.351] br0       Link encap:Ethernet  HWaddr 00:0A:3B:FF:FF:01  
[17:50:34.355]           inet addr:192.168.0.1  Bcast:192.168.0.255  Mask:255.255.255.0
[17:50:34.359]           inet6 addr: fe80::30aa:d8ff:fe59:c5ff/64 Scope:Link
[17:50:34.363]           UP BROADCAST RUNNING MULTICAST  MTU:1500  Metric:1
[17:50:34.366]           RX packets:152 errors:0 dropped:0 overruns:0 frame:0
[17:50:34.370]           TX packets:65 errors:0 dropped:0 overruns:0 carrier:0
[17:50:34.373]           collisions:0 txqueuelen:1000 
[17:50:34.376]           RX bytes:21027 (20.5 KiB)  TX bytes:5386 (5.2 KiB)
[17:50:34.380] lo        Link encap:Local Loopback  
[17:50:34.384]           inet addr:127.0.0.1  Mask:255.0.0.0
[17:50:34.387]           inet6 addr: ::1/128 Scope:Host
[17:50:34.390]           UP LOOPBACK RUNNING  MTU:65536  Metric:1
[17:50:34.394]           RX packets:8 errors:0 dropped:0 overruns:0 frame:0
[17:50:34.398]           TX packets:8 errors:0 dropped:0 overruns:0 carrier:0
[17:50:34.401]           collisions:0 txqueuelen:1000 
[17:50:34.447]           RX bytes:672 (672.0 B)  TX bytes:672 (672.0 B)
[17:50:34.452] usb0      Link encap:Ethernet  HWaddr 00:0A:3B:FF:FF:01  
[17:50:34.455]           inet6 addr: fe80::20a:3bff:feff:ff01/64 Scope:Link
[17:50:34.459]           UP BROADCAST RUNNING MULTICAST  MTU:1500  Metric:1
[17:50:34.463]           RX packets:165 errors:0 dropped:4 overruns:0 frame:0
[17:50:34.466]           TX packets:58 errors:0 dropped:0 overruns:0 carrier:0
[17:50:34.469]           collisions:0 txqueuelen:1000 
[17:50:35.482]           RX bytes:25372 (24.7 KiB)  TX bytes:8276 (8.0 KiB)
[17:50:36.783] $ lspci
[17:50:37.798] lspci
[17:50:39.100] $ cat /proc/interrupt
[17:50:40.115] cat /proc/interrupt
[17:50:40.119] cat: can't open '/proc/interrupt': No such file or directory
[17:50:45.896] === TEST STOP ===
