[17:48:08.305] === TEST START === profile: default
[17:48:18.585] $ (knock every 2s) 
[17:48:18.751] backtrace info:
[17:48:18.756]   LIBC=uClibc
[17:48:18.761]   __SSP_ALL__
[17:48:18.768]   guard=0xefbeaddeefbeadde
[17:48:18.774]   inited=1
[17:48:18.778]   stack_corr_nr=0
[17:48:18.781]   load_nr=0
[17:48:18.785]   unload_nr=0
[17:48:18.788]   malloc_flags=0x0
[17:48:18.792] [NV] NV flash Device : NAND FLASH 
[17:48:18.797] [NV] nv_log mask: 0x0->0x3
[17:48:18.801] [NV] NVM_VER=3.0
[17:48:18.955] [NV] +nv_reload ucfg
[17:48:18.960] [NV] NR1NV(9) map(0x0 0x200000)
[17:48:18.968] [NV] [SEL-NV] NR1NV(9) hdr[0]: max_nv_size(0x96e24)
[17:48:18.974] [NV]   hchk=0x7af20757(0x7af20757-ok) magic=0xcafebabe(ok) hsize=0x40 ts=0xc
[17:48:18.980] [NV]   dchk=0xe75e31fb(0xe75e31fb-ok) dsize=0x96de4(ok)
[17:48:19.006] [NV] [SEL-NV] NR1NV(9) hdr[1]: max_nv_size(0x96e24)
[17:48:19.011] [NV]   hchk=0x7b260758(0x7b260758-ok) magic=0xcafebabe(ok) hsize=0x40 ts=0xd
[17:48:19.021] [NV]   dchk=0xe75e31fb(0xe75e31fb-ok) dsize=0x96de4(ok)
[17:48:19.032] [NV] NR1NV(9): active=1 map(0x0-0x200000) ts=0xd sz=0x96e24
[17:48:19.036] [NV] NR2NV(10) map(0x0 0x100000)
[17:48:19.044] [NV] [SEL-NV] NR2NV(10) hdr[0]: max_nv_size(0x19140)
[17:48:19.050] [NV]   hchk=0x2f8905b5(0x2f8905b5-ok) magic=0xcafebabe(ok) hsize=0x40 ts=0x4
[17:48:19.063] [NV]   dchk=0xeb592437(0xeb592437-ok) dsize=0x19100(ok)
[17:48:19.068] [NV] [SEL-NV] NR2NV(10) hdr[1]: max_nv_size(0x19140)
[17:48:19.073] [NV]   hchk=0x2bf30594(0x2bf30594-ok) magic=0xcafebabe(ok) hsize=0x40 ts=0x5
[17:48:19.079] [NV]   dchk=0x1f4024fa(0x1f4024fa-ok) dsize=0x19100(ok)
[17:48:19.087] [NV] NR2NV(10): active=1 map(0x0-0x100000) ts=0x5 sz=0x19140
[17:48:19.096] [NV] NR2NV Init active block [1]=0x100000
[17:48:19.119] [NV] CMNNV(13) map(0x0 0x100000)
[17:48:19.123] [NV] [SEL-NV] CMNNV(13) hdr[0]: max_nv_size(0x40000)
[17:48:19.131] [NV]   hchk=0x8d0007c4(0x8d0007c4-ok) magic=0xcafebabe(ok) hsize=0x40 ts=0x32
[17:48:19.142] [NV]   dchk=0xf4c70c89(0xf4c70c89-ok) dsize=0x3ffc0(ok)
[17:48:19.147] [NV] [SEL-NV] CMNNV(13) hdr[1]: max_nv_size(0x40000)
[17:48:19.224] [NV]   hchk=0x43340629(0x43340629-ok) magic=0xcafebabe(ok) hsize=0x40 ts=0x31
[17:48:19.233] [NV]   dchk=0x6880c1c(0x6880c1c-ok) dsize=0x3ffc0(ok)
[17:48:19.236] [NV] CMNNV(13): active=0 map(0x0-0x100000) ts=0x32 sz=0x40000
[17:48:19.240] [NV] CMNNV Init active block [0]=0x0
[17:48:19.304] [NV] ucfg nr1nv data read from CMNNV[1] timestamp=0xd
[17:48:19.310] [NV] NR1NV Init active block [1]=0x200000
[17:48:19.314] [NV] CMNNV2(14) map(0x0 0x100000)
[17:48:19.318] [NV] [SEL-NV] CMNNV2(14) hdr[0]: max_nv_size(0xa7c0)
[17:48:19.323] [NV] [SEL-NV] CMNNV2(14) hdr[1]: max_nv_size(0xa7c0)
[17:48:19.505] [NV] [SEL-NV-SET] CMNNV2(14) hdr[0]: max_nv_size(0xa7c0)
[17:48:19.511] [NV]   hchk=0x0(0x0-ok) magic=0x0(ng) hsize=0x0 ts=0x0
[17:48:19.514] [NV]   dchk=0x0(0x0-ok) dsize=0x0(ok)
[17:48:19.518] [NV] CMNNV2(14) : all block invalid(map 0x0-0x100000)
[17:48:19.521] [NV] -nv_reload ucfg
[17:48:19.526] [UCFG] ucfg(1.1) load xml:
[17:48:19.644] [UCFG]   var nr: conf=1037(918) fact=1037(918) perm=16(12)
[17:48:19.650] [UCFG]   def nr: conf=0 conf=0 conf=0
[17:48:19.654] Use normal log configuration
[17:48:19.657] +modprobe modem modem_bootp="product_id=0x0000, operator_id=0x0000"
[17:48:19.662] modem: loading out-of-tree module taints kernel.
[17:48:19.667] modem driver ver 1.0
[17:48:19.670]   base: 84100000
[17:48:19.675]   size: 0ff00000
[17:48:19.678]   param: 840fe000
[17:48:19.681] boot param: product_id=0x0000, operator_id=0x0000, boot_mode=0, gipc_phy_base=0x81c00018, mem_base=0x80000000, mem_size=0x20000000, compat=0x0, ipv6=1
[17:48:19.691] ---------------------
[17:48:19.694] hdr chksum  : 0x8d0007c4
[17:48:19.698] magic       : 0xcafebabe
[17:48:19.707] timstamp    : 0x00000032
[17:48:19.711] data chksum : 0xf4c70c89
[17:48:19.715] data size   : 0x0003ffc0
[17:48:19.719] ---------------------
[17:48:19.722] ---------------------
[17:48:19.725] hdr chksum  : 0x43340629
[17:48:19.729] magic       : 0xcafebabe
[17:48:19.732] timstamp    : 0x00000031
[17:48:19.735] data chksum : 0x06880c1c
[17:48:19.738] data size   : 0x0003ffc0
[17:48:20.726] ---------------------
[17:48:20.731] using block : 0, 0x0 
[17:48:20.736] map idx=0
[17:48:20.740] hdr idx: fs=0 zp=1 zpsize=9157832
[17:48:20.744] ts: fs=10 zp=8
[17:48:20.747] no such fw files!
[17:48:20.751]   /lib/firmware/tk.gz
[17:48:20.755]   /lib/firmware/tk.xz
[17:48:20.758] read from nand mtd=zp2(9159880)
[17:48:20.761] modem map info:
[17:48:20.764]   [0] pa(0000000084100000)
[17:48:21.763] ->va(ffffffc090000000)
[17:48:21.768] c00: decompress gzip(1f 8b) at ffffffc090000000... (9159880bytes)
[17:48:22.369] c00: decompress done 138404920bytes 1614ms ret=0
[17:48:22.372] modem start
[17:48:22.375] cpu_smc_powerdomain_up(pt=1, pd=0)
[17:48:22.379] c00: cpu_smc_handler: fid=c1000001 x1=1 x2=0 x3=0 x4=0
[17:48:22.383] enable cluster1-pll
[17:48:22.387] start_modem_cpu: done start=1
[17:48:22.390] -modprobe modem
[17:48:22.393] Thu Jan  1 00:00:05 UTC 1970
[17:48:22.428] cp: can't stat '/etc/sysconfig/lte/param/*': No such file or directory
[17:48:22.452] BL33 pc=0x84dae704 spsr=0x600002c5
[17:48:22.456] c10: psci_smc_handler: fid=84000000 x1=0 x2=0 x3=0 x4=0
[17:48:22.466] TK: gipc-protocol: cpu1:0 addr(v1)=0000000081c00018 magic=4054 ver(master=1.10 slave=1.11) proci=0 assertl=3
[17:48:22.474] TK: hw lock_reg:
[17:48:22.478] TK:   active=110004c0
[17:48:22.481] TK:   free  =110004c4
[17:48:22.484] TK: ipc config=00000004
[17:48:22.488] TK:   router-device
[17:48:22.491] TK: ipc init ch=0
[17:48:22.495] TK:   peer-genirq=1a111020(152)
[17:48:22.499] TK:   s-ch_enabled=0x10010001
[17:48:22.502] TK: ipc init ch=16
[17:48:22.505] TK:   peer-genirq=1a111020(152)
[17:48:22.508] TK:   s-ch_enabled=0x10010001
[17:48:22.511] TK: ipc init ch=28
[17:48:22.514] TK:   peer-genirq=1a111020(152)
[17:48:22.517] TK:   s-ch_enabled=0x10010001
[17:48:22.521] ipc modem boot done
[17:48:22.524] GDM Modem gdm7259x_board
[17:48:22.526] [Boot Param] error: token=9, ret=-54
[17:48:22.530] ============================================================================
[17:48:22.536]  [0] ZEPHYR OS v4.3.0 (v4.3.0-3049-g03924c3679: 192MB)
[17:48:22.540] ----------------------------------------------------------------------------
[17:48:22.545]  - gct@CS-buildserver
[17:48:22.548]  - 2026-08-31T22:51:44
[17:48:22.550]  - gdm7259x_nsa_192mb
[17:48:22.553] ============================================================================
[17:48:22.559] [MEM] WT DRAM zero initialized 0(0KB)bytes from 000000008d700000 to 000000008d700000
[17:48:22.564] [MEM] NCH DRAM zero initialized 35348240(34519KB)bytes from 000000008d700000 to 000000008f8b5f10
[17:48:22.569] [CHIP] GDM7259X(Rev.1C)
[17:48:22.573] [CLOCK] arm(1300.000MHz) 1x(100.000MHz)
[17:48:22.576] [MEM]  total : 0x84000000 - 0x90000000 (  192 MB)
[17:48:22.581] [MEM]  .init : 0x84100000 - 0x841068a8 (   27 kB)
[17:48:22.586] [MEM]  .text : 0x84100000 - 0x85587000 (21020 kB)
[17:48:22.591] [MEM]  .data : 0x85586600 - 0x8c4fe438 (114144 kB)
[17:48:22.598] [MEM]   .bss : 0x8b20b000 - 0x8c4c7a08 (19187 kB)
[17:48:22.601] I2C3 initialized
[17:48:22.604] Modem IPC mode:
[17:48:22.608]   master_proc_idle=0
[17:48:22.611]   assert_level=3
[17:48:22.615]   sdu_prio=0
[17:48:22.619] ########################################
[17:48:22.625] ####       Board Configuration      ####
[17:48:22.630] ########################################
[17:48:22.634] Operator: [0x0000]
[17:48:22.637] Product : [0x0000]
[17:48:22.641] LTE>====================================
[17:48:22.644] IPv6 mode:[0]
[17:48:22.647] ## UE CONFIG
[17:48:22.650]  - Combined attach : [0]
[17:48:22.653]  - UE CAPABILITY
[17:48:22.657] 	> UE Category  : [0 (0/0)]
[17:48:22.661] 	> AS Rel Num   : [0]
[17:48:22.665] 	> FGI          : FDD [00000000 00000000 00000000]
[17:48:22.668] 	>              : TDD [00000000 00000000 00000000]
[17:48:22.671] 	> ROHC         : [1]
[17:48:22.674] 	> eMBMS        : [0]
[17:48:22.677] 	> TM           : [00/00/00]
[17:48:22.680] NR>=====================================
[17:48:22.685] [console] gdm_uart0 enabled
[17:48:22.688] [console] crash enabled
[17:48:22.692] [console] gdm_ipc enabled
[17:48:22.695] ----------------------------------------------------------------------------
[17:48:22.701]  NR - FW ver: 0.1.0.0
[17:48:22.704] ----------------------------------------------------------------------------
[17:48:22.709]  Pkg: 1.11.0
[17:48:22.712] ----------------------------------------------------------------------------
[17:48:22.717] ----------------------------------------------------------------------------
[17:48:22.722]  LTE - FW ver: 0.3.5.0
[17:48:22.726] ----------------------------------------------------------------------------
[17:48:22.731] nv_checksum_info: 0
[17:48:22.734] nr driver ver 1.0
[17:48:22.737]   usl
[17:48:22.740] param_mtu=1500
[17:48:22.742] ipc init ch=1
[17:48:22.746] ipc ch[1]:SDU, irb: va=ffffffc082559018-ffffffc0825a1018 pa=83400018-83448018
[17:48:22.751] ipc ch[1]:SDU, irb_work: va=ffffffc0825d9018-ffffffc082609038 pa=83480018-834b0038
[17:48:22.756]   irb nr: tx=4096(2080bytes) rx=8192(2080bytes)
[17:48:22.759]    irb tx: va=ffffffc082559018-ffffffc082571018 pa=83400018-83418018
[17:48:22.764]    irb rx: va=ffffffc082571020-ffffffc0825a1020 pa=83418020-83448020
[17:48:22.768] ipc init ch=1
[17:48:22.772]   peer-genirq=1a111020(15 2 )m-
[17:48:22.776] ch_enabl e ds=-0cxh10na000d=0NE001L:3
[17:48:22.780] irb->buffer=83dcd0f8
[17:48:22.893]   IPC_BUF_RSVD_SIZE=184(0xb8)
[17:48:22.897]   NET_IP_ALIGN=0
[17:48:22.902] start_net.sh
[17:48:22.906] VLANEN=0
[17:48:22.909] act=1
[17:48:22.912] Run start_br.sh
[17:48:22.915] local null ip=0.0.0.0 mask=0.0.0.0 00:00:00:00:00:00 en=0
[17:48:22.920] GDM_LOCAL_DEVIF=br0
[17:48:22.923] NIF: up(lo)
[17:48:22.937] [0] br0 addr=192.168.0.1 mask=255.255.255.0 local=192.168.0.1 bcast=192.168.0.255
[17:48:22.944] netif set local br0 ip=192.168.0.1 mask=255.255.255.0 00:00:00:00:00:00 en=0
[17:48:22.948] NIF: up(br0)
[17:48:22.951] brctl: iface eth0: No such device
[17:48:22.954] ifconfig: SIOCSIFADDR: No such device
[17:48:22.958] brctl: iface usb0: No such device
[17:48:22.962] ifconfig: SIOCSIFADDR: No such device
[17:48:23.043] Setting dhcp configuration..
[17:48:23.048] Internet Systems Consortium DHCP Server 4.1-ESV-R16-P2
[17:48:23.052] Copyright 2004-2022 Internet Systems Consortium.
[17:48:23.056] All rights reserved.
[17:48:23.059] For info, please visit https://www.isc.org/software/dhcp/
[17:48:23.063] Wrote 0 leases to leases file.
[17:48:23.086] Listening on LPF/br0/c2:a8:5b:12:61:5c/192.168.0.0/24
[17:48:23.092] Sending on   LPF/br0/c2:a8:5b:12:61:5c/192.168.0.0/24
[17:48:23.096] Sending on   Socket/fallback/fallback-net
[17:48:23.100] DTS_WIFI_STATUS=okay
[17:48:23.104] DTS_WIFI_VENDOR=synaptics
[17:48:23.107] DTS_WIFI_DEVICE=syn4384
[17:48:23.111] Activating Synaptics WIFI
[17:48:23.468] /etc/sysconfig/script/start_synaptics.sh: line 4: wifi: command not found
[17:48:23.482] 0xffffffa016400810: 00000000->0000001f
[17:48:23.488] bcmdhd: unknown parameter 'conf_path' ignored
[17:48:23.492] [dhd] _dhd_module_init: in Dongle Host Driver, version 103.20.62.47(20260702-1)(20260708-1)(6792bdc)
[17:48:23.498] /home/djkim/work/sdk/7275x/wifi/syn4384_lin6_crash/component/standalone/wifi/synaptics_4384/bcmdhd.103.20.x compiled on Sep  2 2026 at 11:21:38
[17:48:23.507] [dhd] KERNEL_VERSION = 6.12.49 (64bits)
[17:48:23.511] [dhd] STATIC-MSG) dhd_init_wlan_mem : prealloc ok for index 0: 2071552(2023K)
[17:48:23.515] [dhd] ======== Get GPIO from DTS(android,bcmdhd_wlan) ========
[17:48:23.519] [dhd] dhd_wlan_init_gpio: gpio_wl_reg_on=153
[17:48:23.526] [dhd] dhd_wifi_platform_load: Enter
[17:48:23.532] [dhd] Power-up adapter 'DHD generic adapter'
[17:48:23.537] [dhd] wifi_platform_set_power = 1, delay: 200 msec
[17:48:23.678] [dhd] ======== PULL WL_REG_ON(153) HIGH! ========
[17:48:23.686] [dhd] wifi_platform_set_power = 1, sleep done: 200 msec
[17:48:23.691] [dhd] wifi_platform_bus_enumerate device present 1
[17:48:23.698] [dhd] ======== Card detection to detect PCIE card! ========
[17:48:23.702] [dhd] Synaptics or Broadcom PCI device enumerated!
[17:48:23.706] [dhd] dhd_wifi_platform_load_pcie: dhd_bus_register failed err=-1
[17:48:23.714] [dhd] unregister wifi platform drivers
[17:48:23.720] [dhd] wifi_platform_set_power = 0, delay: 10 msec
[17:48:23.724] [dhd] ======== PULL WL_REG_ON(153) LOW! ========
[17:48:23.731] [dhd] wifi_platform_set_power = 0, sleep done: 10 msec
[17:48:23.738] [dhd] wifi_platform_bus_enumerate device present 0
[17:48:23.741] [dhd] ======== Card detection to remove PCIE card! ========
[17:48:23.749] [dhd] dhd_wlan_free_gpio: gpio_free(153) for WL_REG_ON
[17:48:23.753] [dhd] _dhd_module_init: Failed to load the driver, try cnt 1
[17:48:23.756] [dhd] ======== Get GPIO from DTS(android,bcmdhd_wlan) ========
[17:48:23.761] [dhd] dhd_wlan_init_gpio: gpio_wl_reg_on=153
[17:48:23.766] [dhd] dhd_wifi_platform_load: Enter
[17:48:23.770] [dhd] Power-up adapter 'DHD generic adapter'
[17:48:23.776] [dhd] wifi_platform_set_power = 1, delay: 200 msec
[17:48:23.902] [dhd] ======== PULL WL_REG_ON(153) HIGH! ========
[17:48:23.907] [dhd] wifi_platform_set_power = 1, sleep done: 200 msec
[17:48:23.911] [dhd] wifi_platform_bus_enumerate device present 1
[17:48:23.914] [dhd] ======== Card detection to detect PCIE card! ========
[17:48:23.922] [dhd] Synaptics or Broadcom PCI device enumerated!
[17:48:23.930] [dhd] dhd_wifi_platform_load_pcie: dhd_bus_register failed err=-1
[17:48:23.936] [dhd] unregister wifi platform drivers
[17:48:23.939] [dhd] wifi_platform_set_power = 0, delay: 10 msec
[17:48:23.946] [dhd] ======== PULL WL_REG_ON(153) LOW! ========
[17:48:23.952] [dhd] wifi_platform_set_power = 0, sleep done: 10 msec
[17:48:23.959] [dhd] wifi_platform_bus_enumerate device present 0
[17:48:23.966] [dhd] ======== Card detection to remove PCIE card! ========
[17:48:23.973] [dhd] dhd_wlan_free_gpio: gpio_free(153) for WL_REG_ON
[17:48:23.980] [dhd] _dhd_module_init: Failed to load the driver, try cnt 0
[17:48:23.988] [dhd] _dhd_module_init: Failed to load driver max retry reached**
[17:48:23.996] [dhd] STATIC-MSG) dhd_static_buf_exit : Enter
[17:48:24.002] [dhd] _dhd_module_init: Exit err=-1
[17:48:24.005] bcmdhd: unknown parameter 'conf_path' ignored
[17:48:24.008] [dhd] _dhd_module_init: in Dongle Host Driver, version 103.20.62.47(20260702-1)(20260708-1)(6792bdc)
[17:48:24.014] /home/djkim/work/sdk/7275x/wifi/syn4384_lin6_crash/component/standalone/wifi/synaptics_4384/bcmdhd.103.20.x compiled on Sep  2 2026 at 11:21:38
[17:48:24.023] [dhd] KERNEL_VERSION = 6.12.49 (64bits)
[17:48:24.027] [dhd] STATIC-MSG) dhd_init_wlan_mem : prealloc ok for index 0: 2071552(2023K)
[17:48:24.032] [dhd] ======== Get GPIO from DTS(android,bcmdhd_wlan) ========
[17:48:24.036] [dhd] dhd_wlan_init_gpio: gpio_wl_reg_on=153
[17:48:24.040] [dhd] dhd_wifi_platform_load: Enter
[17:48:24.043] [dhd] Power-up adapter 'DHD generic adapter'
[17:48:24.157] [dhd] wifi_platform_set_power = 1, delay: 200 msec
[17:48:24.166] [dhd] ======== PULL WL_REG_ON(153) HIGH! ========
[17:48:24.170] [dhd] wifi_platform_set_power = 1, sleep done: 200 msec
[17:48:24.174] [dhd] wifi_platform_bus_enumerate device present 1
[17:48:24.177] [dhd] ======== Card detection to detect PCIE card! ========
[17:48:24.181] [dhd] Synaptics or Broadcom PCI device enumerated!
[17:48:24.185] [dhd] dhd_wifi_platform_load_pcie: dhd_bus_register failed err=-1
[17:48:24.189] [dhd] unregister wifi platform drivers
[17:48:24.192] [dhd] wifi_platform_set_power = 0, delay: 10 msec
[17:48:24.200] [dhd] ======== PULL WL_REG_ON(153) LOW! ========
[17:48:24.203] [dhd] wifi_platform_set_power = 0, sleep done: 10 msec
[17:48:24.207] [dhd] wifi_platform_bus_enumerate device present 0
[17:48:24.212] [dhd] ======== Card detection to remove PCIE card! ========
[17:48:24.216] [dhd] dhd_wlan_free_gpio: gpio_free(153) for WL_REG_ON
[17:48:24.221] [dhd] _dhd_module_init: Failed to load the driver, try cnt 1
[17:48:24.225] [dhd] ======== Get GPIO from DTS(android,bcmdhd_wlan) ========
[17:48:24.230] [dhd] dhd_wlan_init_gpio: gpio_wl_reg_on=153
[17:48:24.233] [dhd] dhd_wifi_platform_load: Enter
[17:48:24.237] [dhd] Power-up adapter 'DHD generic adapter'
[17:48:24.382] [dhd] wifi_platform_set_power = 1, delay: 200 msec
[17:48:24.385] [dhd] ======== PULL WL_REG_ON(153) HIGH! ========
[17:48:24.389] [dhd] wifi_platform_set_power = 1, sleep done: 200 msec
[17:48:24.396] [dhd] wifi_platform_bus_enumerate device present 1
[17:48:24.401] [dhd] ======== Card detection to detect PCIE card! ========
[17:48:24.409] [dhd] Synaptics or Broadcom PCI device enumerated!
[17:48:24.452] [dhd] dhd_wifi_platform_load_pcie: dhd_bus_register failed err=-1
[17:48:24.463] [dhd] unregister wifi platform drivers
[17:48:24.468] [dhd] wifi_platform_set_power = 0, delay: 10 msec
[17:48:24.474] [dhd] ======== PULL WL_REG_ON(153) LOW! ========
[17:48:24.481] [dhd] wifi_platform_set_power = 0, sleep done: 10 msec
[17:48:24.488] [dhd] wifi_platform_bus_enumerate device present 0
[17:48:24.494] [dhd] ======== Card detection to remove PCIE card! ========
[17:48:24.498] [dhd] dhd_wlan_free_gpio: gpio_free(153) for WL_REG_ON
[17:48:24.622] [dhd] _dhd_module_init: Failed to load the driver, try cnt 0
[17:48:24.627] [dhd] _dhd_module_init: Failed to load driver max retry reached**
[17:48:24.631] [dhd] STATIC-MSG) dhd_static_buf_exit : Enter
[17:48:24.635] [dhd] _dhd_module_init: Exit err=-1
[17:48:24.638] insmod: can't insert '/lib/modules/6.12.49/updates/bcmdhd.ko': Operation not permitted
[17:48:24.644] Could not read interface wlan0 flags: No such device
[17:48:24.648] nl80211: Driver does not support authentication/association or connect commands
[17:48:24.652] nl80211: deinit ifname=wlan0 disabled_11b_rates=0
[17:48:24.656] Could not read interface wlan0 flags: No such device
[17:48:24.728] nl80211 driver initialization failed.
[17:48:24.732] wlan0: interface state UNINITIALIZED->DISABLED
[17:48:24.736] wlan0: AP-DISABLED 
[17:48:24.739] wlan0: CTRL-EVENT-TERMINATING 
[17:48:24.742] hostapd_free_hapd_data: Interface wlan0 wasn't started
[17:48:24.746] ifconfig: SIOCSIFADDR: No such device
[17:48:24.750] Loading simple NAT configuration..
[17:48:24.989] INTF=br0, WANINTF=nr0pdu3
[17:48:24.993] register ip_conntrack_cb
[17:48:24.997] <message>[NV] CRIT(cotra:1380): file=nv_7275x.c(304) cmn2_nv_read
[17:48:25.002] [NV] [cotra] invalid CMN2_PORT(id=1) magic
[17:48:25.009] [NV] +nv_write [cotra] CMN2_PORT(36) data=0x416010 part=36 size=0xa09
[17:48:25.060] [NV] cotra CMNNV2 Write Skip (3:CMN2_PORT, 0x0, 2569)
[17:48:25.066] [NV] -nv_write [cotra] CMN2_PORT(36) data=0x416010 part=36 size=0xa09
[17:48:25.072] Fail to Check DMZ Setting. Please, restart Command</message>
[17:48:25.132] 1970-01-01 00:00:08: (../../src/configfile.c.387) Warning: please add "mod_authn_file" to server.modules list in lighttpd.conf.  A future release of lighttpd 1.4.x will not automatically load mod_authn_file and lighttpd will fail to start up since your lighttpd.conf uses auth.backend = "htpasswd".
[17:48:25.169] Run usb_configfs.sh
[17:48:25.173] usbeth ENABLE=1, mode=0, serial cfg: gs0=0 gs1=0 dm0=0 dm1=0
[17:48:25.181] configfs-gadget.g1 gadget.0: HOST MAC 00:0a:3b:ff:ff:02
[17:48:25.189] configfs-gadget.g1 gadget.0: MAC 00:0a:3b:ff:ff:01
[17:48:25.196] set hostif=usb0 cnt=0
[17:48:25.199] net_mode=0
[17:48:25.203] udc: gadget start
[17:48:25.206] c00: gdm_irq_set_type: cpu=0 hwirq=208 type=4
[17:48:25.325] c00: set_affinity: no online irq=50(DWC3) cpu=2
[17:48:25.330] USB gadget configured: ETH=rndis.usb0, ACM count=0, UDC=13500000.dwc3
[17:48:25.336] IPV6Q LOG(00000004):
[17:48:25.340] ipv6q_enabled=0
[17:48:25.343] NET EMUL LOG(00000000):
[17:48:25.348]  NULL
[17:48:25.351] net_emul_mask=00000000
[17:48:25.356] net.core.rmem_max = 16777216
[17:48:25.430] net.core.wmem_max = 16777216
[17:48:25.452] net.ipv4.tcp_rmem = 4096 131072 16777216
[17:48:25.456] net.ipv4.tcp_wmem = 4096 131072 16777216
[17:48:25.460] net.ipv4.tcp_moderate_rcvbuf = 1
[17:48:25.465] mrd: mrd_lplog_start 
[17:48:25.468] [mrd_lplog] listening on 0.0.0.0:1011 (id=0, idx=0)
[17:48:25.475] [mrd_lplog] listening on 0.0.0.0:1012 (id=1, idx=1)
[17:48:25.482] [mrd_lplog] listening on 0.0.0.0:1013 (id=2, idx=2)
[17:48:25.490] [mrd_lplog] listening on 0.0.0.0:1014 (id=3, idx=3)
[17:48:25.494] [mrd_lplog] listening on 0.0.0.0:1015 (id=4, idx=4)
[17:48:25.499] [mrd_lplog] listening on 0.0.0.0:1016 (id=5, idx=5)
[17:48:25.504] [mrd_lplog] listening on 0.0.0.0:1017 (id=6, idx=6)
[17:48:25.507] [mrd_lplog] listening on 0.0.0.0:1018 (id=7, idx=7)
[17:48:25.511] [mrd_lplog] listening on 0.0.0.0:1019 (id=8, idx=8)
[17:48:25.514] [mrd_lplog] LP_LOG_ID_ULP0 telnet port:1011
[17:48:25.521] [mrd_lplog] LP_LOG_ID_ULP1 telnet port:1012
[17:48:25.527] [mrd_lplog] LP_LOG_ID_ULP2 telnet port:1013
[17:48:25.533] [mrd_lplog] LP_LOG_ID_ULP3 telnet port:1014
[17:48:25.536] [mrd_lplog] LP_LOG_ID_DLP0 telnet port:1015
[17:48:25.541] [mrd_lplog] LP_LOG_ID_DLP1 telnet port:1016
[17:48:25.546] [mrd_lplog] LP_LOG_ID_DLP2 telnet port:1017
[17:48:25.551] [mrd_lplog] LP_LOG_ID_DLP3 telnet port:1018
[17:48:25.554] [mrd_lplog] LP_LOG_ID_SLP  telnet port:1019
[17:48:25.558] mrd: nrd started
[17:48:25.564] Open shared map and Init mutex in mrd_main!!
[17:48:25.574] mrd: ***************************************
[17:48:25.581] mrd: *          NR DAEMON START           *
[17:48:25.585] mrd: ***************************************
[17:48:25.592] mrd: operator_id=0
[17:48:25.596] lowd open nr=1
[17:48:25.658] gif_open mrd 1/0
[17:48:25.685] [mrd] bentry delayed copy: b336(4)
[17:48:25.693] udc: connect: conn=1 discon=0 rtc=000624e7
[17:48:25.699] Disable GPS Module ...
[17:48:25.721] Not Used
[17:48:25.724] RNDIS multi_pkt_tx_size: host=16384 nv=0 actual=16384 nr=10
[17:48:25.734] br0: port 1(usb0) entered blocking state
[17:48:25.751] br0: port 1(usb0) entered disabled state
[17:48:25.765] configfs-gadget.g1 gadget.0 usb0: entered allmulticast mode
[17:48:25.786] configfs-gadget.g1 gadget.0 usb0: entered promiscuous mode
[17:48:25.806] eth_open
[17:48:25.814] eth_start
[17:48:25.817] NIF: up(usb0)
[17:48:25.821] gif_mmap va=0x7fa881f000 pa=0x83382000 sz=8192
[17:48:25.827] usb0 set host mac: 00:0a:3b:ff:ff:02
[17:48:25.835] mrautocm: ucfg_retry : 0
[17:48:25.840] mrd: TID list initialized.
[17:48:25.844] mrd: T-ID Feature Activation is Done.
[17:48:25.850] mrautocm: [LTE UCFG] cfun(0), manual(0)
[17:48:25.856] mrautocm: NR Search(Core:0, Selection Mode: 0, cellTypeMode: 0, Roam: 0)
[17:48:25.864] mrautocm: RAT (LTE NV: 0, NR NV: 0)
[17:48:25.872] mrautocm: [PLMN LTE] Core(0), Mode(0), CellType(0), Roam(0), List Num(0)
[17:48:25.881] mrautocm: [PLMN LTE] searchMode(0), MCC[0]=0, MCC[1]=0, MCC[2]=0
[17:48:25.888] mrautocm: [PLMN NR] Core(0), Mode(0), CellType(0), Roam(0), List Num(4)
[17:48:25.897] mrautocm: [PLMN NR] searchMode(0), MCC[0]=0, MCC[1]=0, MCC[2]=0
[17:48:25.904] mrautocm: [PLMN NR][MRU] Count(5)
[17:48:25.909] mrautocm: [PLMN NR][ARFCN](1/1), Band(26), ARFCN(172370)
[17:48:25.916] mrautocm: [PLMN NR][Band](1/1), Band(26)
[17:48:25.923] mrautocm: [PLMN NR][ARFCN Range](1/1), Band(26) ARFCN(from: 171800 to: 178800)
[17:48:25.932] mrautocm: CORE NET (LTE NV: 0, NR NV: 0)
[17:48:25.939] mrautocm: LTE PDN[1] Enable(1), Connect Order(1) Label(ims), Type(2), APN(IMS) PCO()
[17:48:25.949] mrautocm: LTE PDN[2] Enable(1), Connect Order(0) Label(admin), Type(2), APN(VZWADMIN) PCO()
[17:48:25.961] mrautocm: LTE PDN[3] Enable(1), Connect Order(2) Label(internet), Type(2), APN(V5GA01INTERNET) PCO()
[17:48:25.971] mrautocm: LTE PDN[4] Enable(1), Connect Order(0) Label(app), Type(2), APN(VZWAPP) PCO()
[17:48:26.002] mrautocm: LTE PDN[5] Enable(1), Connect Order(0) Label(emergency), Type(2), APN() PCO()
[17:48:26.016] mrautocm: LTE PDN[6] Enable(0), Connect Order(0) Label(enterprise), Type(2), APN(VZWCLASS6) PCO()
[17:48:26.029] mrautocm: LTE PDN[7] Enable(0), Connect Order(0) Label(b2b), Type(0), APN(VZWCLASS7) PCO()
[17:48:26.046] mrautocm: LTE PDN[8] Enable(0), Connect Order(0) Label(reserved3), Type(0), APN() PCO()
[17:48:26.059] mrautocm: NR PDU[1] Enable(0), Connect Order(0) Label(ims), Type(3), DNN(), PCO(), S-NSSAI(len:0 sst:00 sd:000000 mapped_sst:00 mapped_sd:000000)
[17:48:26.113] mrautocm: NR PDU[2] Enable(0), Connect Order(0) Label(admin), Type(3), DNN(), PCO(), S-NSSAI(len:0 sst:00 sd:000000 mapped_sst:00 mapped_sd:000000)
[17:48:26.158] mrautocm: NR PDU[3] Enable(1), Connect Order(1) Label(internet), Type(1), DNN(), PCO(), S-NSSAI(len:0 sst:00 sd:000000 mapped_sst:00 mapped_sd:000000)
[17:48:26.220] mrautocm: NR PDU[4] Enable(0), Connect Order(0) Label(app), Type(3), DNN(), PCO(), S-NSSAI(len:0 sst:00 sd:000000 mapped_sst:00 mapped_sd:000000)
[17:48:26.246] mrautocm: NR PDU[5] Enable(0), Connect Order(0) Label(emergency), Type(3), DNN(), PCO(), S-NSSAI(len:0 sst:00 sd:000000 mapped_sst:00 mapped_sd:000000)
[17:48:26.299] mrautocm: NR PDU[6] Enable(0), Connect Order(0) Label(enterprise), Type(3), DNN(), PCO(), S-NSSAI(len:0 sst:00 sd:000000 mapped_sst:00 mapped_sd:000000)
[17:48:26.357] mrautocm: NR PDU[7] Enable(0), Connect Order(0) Label(b2b), Type(3), DNN(), PCO(), S-NSSAI(len:0 sst:00 sd:000000 mapped_sst:00 mapped_sd:000000)
[17:48:26.416] mrautocm: NR PDU[8] Enable(0), Connect Order(0) Label(reserved), Type(3), DNN(), PCO(), S-NSSAI(len:0 sst:00 sd:000000 mapped_sst:00 mapped_sd:000000)
[17:48:26.466] mrautocm: [mrcm_ucfg_get_overheat] Overheat is disable. 
[17:48:26.478] mrautocm: [mrcm_process_temperature_set] Executing command: kern temp uintv 0
[17:48:26.489] gif_to_ipc: delayed req 3335(2044)
[17:48:26.498] gif_to_ipc: delayed req 3335(2044)
[17:48:26.504] enabled=1
[17:48:26.510] interval_sec=1(sec)
[17:48:26.519] user_interval_ticks=0/0(sec)
[17:48:26.525] log_enabled=0
[17:48:26.530] mrautocm: [IMS] Enable(0)
[17:48:26.537] gif_to_ipc: delayed req 3335(2044)
[17:48:26.545] mrautocm: [EAP] PDU auth bypass pdu1 (0)
[17:48:26.552] mrautocm: [EAP] PDU auth bypass pdu2 (0)
[17:48:26.557] mrautocm: [EAP] PDU auth bypass pdu3 (0)
[17:48:26.568] mrautocm: [EAP] PDU auth bypass pdu4 (0)
[17:48:26.580] mrautocm: [EAP] PDU auth bypass pdu5 (0)
[17:48:26.587] mrautocm: [EAP] PDU auth bypass pdu6 (0)
[17:48:26.594] mrautocm: [EAP] PDU auth bypass pdu7 (0)
[17:48:26.603] mrautocm: [EAP] PDU auth bypass pdu8 (0)
[17:48:26.610] mrd: get_lted_keep_alive_setting, lted_keep_alive setting (enable=0, expired_time=0, max_retry_val=0)
[17:48:26.649] mrd: [SERVER] new connection request
[17:48:26.656] mrd: lted_srv_alloc_client id=0
[17:48:26.668] gif_to_ipc: delayed req 3335(2044)
[17:48:26.682] mrd: [SERVER] assigns client index 0 proc=mratcm(1455)
[17:48:26.698] mrd: [SERVER] new connection request
[17:48:26.713] mrd: lted_srv_alloc_client id=1
[17:48:26.732] mrbip: lted_client_init_ex success (id: 1, client_identity : 0x00000000, pid (1472-mrbip) 
[17:48:26.750] mrbip: Wait LTE PS INIT..
[17:48:26.759] mrd: [SERVER] assigns client index 1 proc=mrbip(1472)
[17:48:26.784] mrd: [SERVER] new connection request
[17:48:26.803] mrd: lted_srv_alloc_client id=2
[17:48:26.822] mrd: [SERVER] assigif_to_ipc: delayed req 3335(2044)
[17:48:26.849] gns client index 2 proc=cli(1512)
[17:48:26.879] mrd: [SERVERgif_to_ipc: delayed req 3335(2044)
[17:48:26.899] ] new connection request
[17:48:26.903] mrd: lted_srv_alloc_client id=3
[17:48:26.909] mrd: [SERVER] assigns client index 3 proc=mrcm(1513)
[17:48:26.921] mrautocm: lted_client_init_ex succgif_to_ipc: delayed req 3335(2044)
[17:48:26.931] ess (id: 3, client_identity : 0x00000040, pid (1513-mrcm) 
[17:48:26.945] gif_to_ipc: delayed req 3335(2044)
[17:48:26.951] gif_to_ipc: delayed req 3335(2044)
[17:48:26.956] gif_to_ipc: delayed req 3335(2044)
[17:48:26.977] gif_to_ipc: delayed req 3335(2044)
[17:48:26.983] DM> DM> DM> DM> mrd: clearing start - eps_id = 0xffef
[17:48:26.992] mrd: clearing done
[17:48:27.005] $ shell
[17:48:28.015] ess(/etc/sysconfig/script/lte_scr/rf/x_6)=-1
[17:48:28.024] mrd: NR  DEVICE INSERT(DEV_IDX(1))
[17:48:28.029] [NV_HCI] nv checksum is valid(0xc83f56f5/0xc83f56f5)
[17:48:28.038] [NVM] READ Head N_INFO         (7243,10,5a) - Status(0)
[17:48:28.046] [NVM] READ Head N_BCFG         (7243,10,5b) - Status(0)
[17:48:28.053] [NVM] READ Head N_RFCAL        (7243,18,48) - Status(0)
[17:48:28.061] [NVM] READ Head N_TCCAL        (7243,10,2b) - Status(0)
[17:48:28.074] [NVM] READ Head N_NETWORK      (0000,00,00) - Status(0)
[17:48:28.094] [NVM] Default NV Memory Write(4)
[17:48:28.102] [NVM] NV NETWORK DUMP
[17:48:28.113] [NVM] READ Head N_SAFE         (7243,10,31) - Status(0)
[17:48:28.137] [V_SIM]ProcNvBcfgData/gstVsimEnData:0
[17:48:28.157] default tdm log level=2 (NV:2)
[17:48:28.172] [MRM] [CHK]MRM: NVM_INIT_CMPL_IND 
[17:48:28.177] [CHK]UMM: NVM_INIT_CMPL_IND 
[17:48:28.182] [UMM_ERR] [V_SIM]eVSIM_Enabled::5 
[17:48:28.187] [UMM_ERR] (UMM_MODE_EMUL)/Virtual SIM :5 
[17:48:28.193] [UMM_ERR] [V_SIM]UMM_Update_AllCacheItems_forUSIM, eVSIM: :5 
[17:48:28.202] [MRM_UMM][UMM][UMM_UICC_ACT_IND] nMsgSize:24 
[17:48:28.209] [UMM_ERR] [V_SIM]Enter UMM_ACTIVE state  
[17:48:28.212]  LTE L1 initialize...
[17:48:28.216] l1_modem_init(restart=0,init=0)
[17:48:28.221] mrd: NR force_dhcp == 0
[17:48:28.224] mrd: Don't start DHCP procedure for IPv6/NAS mode. pdn_ip_type = 0, ip_alloc = 0
[17:48:28.240] mrd: clearing start - eps_id = 0xfeff
[17:48:28.246] mrd: clearing done
[17:48:28.249] c10: cpu_smc_handler: fid=c1000030 x1=0 x2=0 x3=0 x4=0
[17:48:28.256] c10: OIC_TZPROT: 00000000->ffffffff
[17:48:28.262]  =====   RF NV3  ====== 
[17:48:28.266] [CSI] INIT: STI=10239
[17:48:28.271] [rxm_meas_init] Disable Measuremnt
[17:48:28.275] [RXM_DM_InitDebugOption] INIT (1)
[17:48:28.278] [L1C] INIT2(RFFE=65542)
[17:48:28.281] l1_bb_ctrl(0)
[17:48:28.284] [NAS_CACHE] Access Control Class: 0x0001
[17:48:28.288] [NAS_CACHE] UE Operation Mode: 0x80 Length of MNC: 3
[17:48:28.293] [NAS_CACHE] NOT Available the UAC Access Identities Configuration EF
[17:48:28.302] [NAS_CACHE] Higher Priority PLMN search period (28800 Sec)
[17:48:28.310] Equivalent HPLMN 0: 0x00f110 
[17:48:28.315] Equivalent HPLMN 1: 0x130184 
[17:48:28.319] [NAS_CACHE] SUCI calculation is to be performed by the ME
[17:48:28.326] [NAS_CACHE] NOT Available Subscription identifier privacy support
[17:48:28.332] [NAS_CACHE] NOT Available the 5GS Operator PLMN List EF
[17:48:28.336] [NAS_CACHE] NOT Available the Routing Indicator EF
[17:48:28.339] [NAS_CACHE] [ERR] Read Failed for PNN EF <IN cacheReadEFPNN 5203>
[17:48:28.346] [NAS_CACHE] [ERR] Read Failed for OPL EF <IN cacheReadEFOPL 5227>
[17:48:28.354] [NAS_CACHE] NOT Available the Operator controlled signal threshold per access technology EF
[17:48:28.361] [NAS_CACHE] Requested the File Count: 29
[17:48:28.365] [FSM] [H] Cell DB:halfBank 317, blockFree 634, blockNo 634, blockSz 252
[17:48:28.374] L1_BandInfoNV: B1 B2 B3 B4 B5 B6 B7 B8 B10 B12 B13 B14 B17 B18 B19 B20 B25 B26 B28 B29 B30 B34 B38 B39 B40 B41 B42 B43 B48 B52 B66 B71 B77(x) B78(x)
[17:48:28.382] [L3API][H]  user FreqTable's init'd: 856AD8F8
[17:48:28.387] [IMC] [H]Supported Band: B1 B2 B3 B4 B5 B6 B7 B8 B10 B12 B13 B14 B17 B18 B19 B20 B25 B26 B28 B29 B30 B34 B38 B39 B40 B41 B42 B43 B48 B52 B66 B71
[17:48:28.395] [L3API] 	Max Layer: B71:4/1 B66:4/1
[17:48:28.398] [L3API] 	Max Layer: B52:4/2 B48:4/2 B43:4/2 B42:4/2 B41:4/1 B40:4/1 B39:4/1 B38:4/1 B34:4/1 B30:4/1
[17:48:28.407] [L3API][H] 	B29: not support UL
[17:48:28.452] [L3API] 	Max Layer: B29:4/0 B28:4/1 B26:4/1 B25:4/1 B20:4/1 B19:4/1 B18:4/1 B17:4/1 B14:4/1 B13:4/1
[17:48:28.459] [L3API] 	Max Layer: B12:4/1 B10:4/1 B8:4/1 B7:4/1 B6:4/1 B5:4/1 B4:4/1 B3:4/1 B2:4/1 B1:4/1
[17:48:28.469] [L3API][H] Init BC List - mode:0, count:32
[17:48:28.477] [L3API][H]  BandPair Count: 32 (640)
[17:48:28.483] [L3API][H]  MakeMimoBandComb:(B1:0x14)
[17:48:28.489] [L3API][H]  MakeMimoBandComb:(B2:0x14)(B3:0x14)(B4:0x14)(B5:0x14)(B6:0x14)(B7:0x14)(B8:0x14)(B10:0x14)(B12:0x14)([L3API][H]  MakeMimoBandComb:(B14:0x14)(B17:0x14)(B18:0x14)(B19:0x14)(B20:0x14)(B25:0x14)(B26:0x14)(B28:0x14)(B29[L3API][H]  MakeMimoBandComb:(B34:0x14)(B38:0x14)(B39:0x14)(B40:0x14)(B41:0x14)(B42:0x24)(B43:0x24)(B48:0x24)(B52[L3API][H]  MakeMimoBandComb:(B71:0x14)
[17:48:28.548] [L3API][E]  RRC_UE_EUTRA_Capability_v9a0_IEs is NULL
[17:48:28.561] [L3API][H] Set PHY Capability Parameters
[17:48:28.568] [L3API][H] 	multiClusterPUSCH_WithinCC (1)
[17:48:28.574] [L3API][H]  Support  B1 B2 B3[NV] +nv_write [mrd] SAFE(5) data=0x7fa876f010 offs=0x139a8 size=0x1
[17:48:28.585]  B4 B5 B6 B7 B8 B10 B12 B13 B14 B17 B18 B19 B20 B25 B26 B28 B29 B30 B34 B38 B39 B40 [L3API][H] Set modifiedMPR_Behavior_r10 : 60 00 00 00 (32)
[17:48:28.595] [L3API][H] 	freqBandRetrieval (1)
[17:48:28.599] [L3API] 	Set dl_256QAM_r12: 1
[17:48:28.602] [L3API] 	Set ul_64QAM_r12 1
[17:48:28.605] [L3API][H]  set_db_capability_r12_rf : DL256-1, UL64-1 (32)
[17:48:28.611] [L3API][H]  set_db_capability_r13_rf : MaxCCs-1, ReducedINCComb-1, SkipFallbackComb-1
[17:48:28.619] [L3API][H] Default BCL cnt 32
[17:48:28.623] [L3API][H] 	[0] - 1(1) *
[17:48:28.627] [L3API][H] 	[1] - 1(2) *
[17:48:28.632] [L3API][H] 	[2] - 1(3) *
[17:48:28.636] [L3API][H] 	[3] - 1(4) *
[17:48:28.640] [L3API][H] 	[4] - 1(5) *
[17:48:28.645] [L3API][H] 	[5] - 1(6) *
[17:48:28.648] [L3API][H] 	[6] - 1(7) *
[17:48:28.652] [L3API][H] 	[7] - 1(8) *
[17:48:28.655] [L3API][H] 	[8] - 1(10) *
[17:48:28.661] [L3API][H] 	[9] - 1(12) *
[17:48:28.663] [L3API][H] 	[10] - 1(13) *
[17:48:28.667] [L3API][H] 	[11] - 1(14) *
[17:48:28.672] [L3API][H] 	[12] - 1(17) *
[17:48:28.677] [L3API][H] 	[13] - 1(18) *
[17:48:28.682] [L3API][H] 	[14] - 1(19) *
[17:48:28.685] [L3API][H] 	[15] - 1(20) *
[17:48:28.688] [L3API][H] 	[16] - 1(25) *
[17:48:28.692] [L3API][H] 	[17] - 1(26) *
[17:48:28.695] [L3API][H] 	[18] - 1(28) *
[17:48:28.703] [L3API][H] 	[19] - 1(29) [NV] [LTE_NV] mrd Write Skip id=5(SAFE)
[17:48:28.709] [NV] -nv_write [mrd] SAFE(5) data=0x7fa876f010 offs=0x139a8 size=0x1
[17:48:28.715] :DB 64
[17:48:28.718] [L3API][H] 	[20] - 1(30) *
[17:48:28.722] [L3API][H] 	[21] - 1(34) *
[17:48:28.725] [L3API][H] 	[22] - 1(38) *
[17:48:28.730] [L3API][H] 	[23] - 1(39) *
[17:48:28.734] [L3API][H] 	[24] - 1(40) *
[17:48:28.739] [L3API][H] 	[25] - 1(41) *
[17:48:28.743] [L3API][H] 	[26] - 1(42) *
[17:48:28.748] [L3API][H] 	[27] - 1(43) *
[17:48:28.754] [L3API][H] 	[28] - 1(48) *
[17:48:28.757] [L3API][H] 	[29] - 1(52) *
[17:48:28.760] [L3API][H] 	[30] - 1(66) *
[17:48:28.763] [L3API][H] 	[31] - 1(71) *
[17:48:28.766] [L3API][H] Set modifiedMPR_Behavior_r10 : 60 00 00 00 (32)
[17:48:28.772] [L3API][H]  Making band combination list (31)
[17:48:28.779] [L3API][H]  supportedBandCombination_r10 malloc - 0x856AE758 (1984 * 31)
[17:48:28.790] [L3API] Set BC: 1(1), 0(0)
[17:48:28.794] [L3API] Set BC: 1(2), 0(0)
[17:48:28.799] [L3API] Set BC: 1(3), 0(0)
[17:48:28.804] [L3API] Set BC: 1(4), 0(0)
[17:48:28.808] [L3API] Set BC: 1(5), 0(0)
[17:48:28.813] [L3API] Set BC: 1(6), 0(0)
[17:48:28.816] [L3API] Set BC: 1(7), 0(0)
[17:48:28.820] [L3API] Set BC: 1(8), 0(0)
[17:48:28.823] [L3API] Set BC: 1(10), 0(0)
[17:48:28.829] [L3API] Set BC: 1(12), 0(0)
[17:48:28.834] [L3API] Set BC: 1(13), 0(0)
[17:48:28.839] [L3API] Set BC: 1(14), 0(0)
[17:48:28.844] [L3API] Set BC: 1(17), 0(0)
[17:48:28.847] [L3API] Set BC: 1(18), 0(0)
[17:48:28.850] [L3API] Set BC: 1(19), 0(0)
[17:48:28.853] [L3API] Set BC: 1(20), 0(0)
[17:48:28.857] [L3API] Set BC: 1(25), 0(0)
[17:48:28.860] [L3API] Set BC: 1(26), 0(0)
[17:48:28.864] [L3API] Set BC: 1(28), 0(0)
[17:48:28.868] [L3API] Set BC: 1(30), 0(0)
[17:48:28.870] [L3API] Set BC: 1(34), 0(0)
[17:48:28.875] [L3API] Set BC: 1(38), 0(0)
[17:48:28.879] [L3API] Set BC: 1(39), 0(0)
[17:48:28.882] [L3API] Set BC: 1(40), 0(0)
[17:48:28.886] [L3API] Set BC: 1(41), 0(0)
[17:48:28.891] [L3API] Set BC: 1(42), 0(0)
[17:48:28.897] [L3API] Set BC: 1(43), 0(0)
[17:48:28.907] [L3API] Set BC: 1(48), 0(0)
[17:48:28.910] [L3API] Set BC: 1(52), 0(0)
[17:48:28.916] [L3API] Set BC: 1(66), 0(0)
[17:48:28.921] [L3API] Set BC: 1(71), 0(0)
[17:48:28.925] [L3API][H]  Set SupportedBandCombination R10 (31 of 31)
[17:48:28.934] [L3API][H]  Set maxLayersMIMO_Indication_r12
[17:48:28.942] [L3API][H] Enable UL MIMO
[17:48:28.947] [L3API][H] TDD UL MIMO
[17:48:28.952] [L3API][H] Disable CA
[17:48:28.956] [L3API][H] Set modifiedMPR_Behavior_r10 : 60 00 00 00 (32)
[17:48:28.962] [L3API][H] Bit 13 : disabled
[17:48:28.967] [L3API][H] Bit 18 : disabled
[17:48:28.971] [L3API][H] Bit 13 : disabled
[17:48:28.977] [L3API][H] Bit 18 : disabled
[17:48:28.981] [L3API][H]  SetFgi: 1E9805FE 00000000 0000C1FF / 1E9805FE 00000000 0000C1FF
[17:48:28.990] [L3API][H]  SetFgi: FDD/TDD configured
[17:48:28.999] [L3API][H] Bit 13 : disabled
[17:48:29.008] [L3API][H] Bit 18 : disabled
[17:48:29.012] [L3API][H]  Set FGI Common (1E9805FE 00000000 0000C1FF)
[17:48:29.019] [L3API][H]  Set FGI FDD only (00000000 00000000 00000000)
[17:48:29.027] [L3API][H]  Set FGI TDD only (00000000 00000000 00000000)
[17:48:29.034] [L3API][H] Bit 13 : disabled
[17:48:29.042] [L3API][H] Bit 18 : disabled
[17:48:29.048] [L3API][H] Bit 13 : disabled
[17:48:29.054] [L3API][H] Bit 18 : disabled
[17:48:29.060] [L3API][H]  SetFgi: 1E9805FE 00000000 0000C1FF / 1E9805FE 00000000 0000C1FF
[17:48:29.073] [L3API][H]  SetFgi: FDD/TDD configured
[17:48:29.079] [L3API][H] Bit 13 : disabled
[17:48:29.084] [L3API][H] Bit 18 : disabled
[17:48:29.088] [L3API][H]  Set FGI Common (1E9805FE 00000000 0000C1FF)
[17:48:29.095] [L3API][H]  Set FGI FDD only (00000000 00000000 00000000)
[17:48:29.103] [L3API][H]  Set FGI TDD only (00000000 00000000 00000000)
[17:48:29.113] [L3API][H] BandNR: 0 (NR list not ready)
[17:48:29.119] [L3API][H]  set v1540:0  No NR supported band
[17:48:29.127] [L3API][H]  Set ul_RRC_Segmentation_r16
[17:48:29.132] [L3API][H] reset all default bcl
[17:48:29.138] [L3API][H]  default supportedBandCombination_v10i0 - 0x856BD7A8
[17:48:29.147] [L3API][H]  default supportedBandCombination_r10 - 0x856AE758
[17:48:29.155] [L3API][H] eutra seed: RunSrc=CFG
[17:48:29.162] [FSM] [L3>S][FSM_IMC_WaitInitialize__NASRRC_RRC_INITIALIZE_REQ] NASRRC_RRC_INITIALIZE_CNF
[17:48:29.174] [NL3] [H] Cell DB:halfBank 209, blockFree 418, blockNo 418, blockSz 764
[17:48:29.184] [32mNR_DB_SERV_CELL_DDCT(34) : 8780
[17:48:29.202] [0mL1_NrBandInfoNV:34
[17:48:29.210] filtering:
[17:48:29.213] [N3API]  user FreqTable's init'd: 856C8FD8
[17:48:29.219] [N3API] [CAPA-MEM][op-pre] pInfo=00000000 SBL(own=0 alloc=00000000) BCL.trk=0 FS.trk=0
[17:48:29.232] [N3API] [CAPA-MEM][cfg-cache] reset: empty
[17:48:29.237] [OTA RX:10240] 31:NRCAPA [2486]->
[17:48:29.241] E1A23000 47465A03 1F8D8387 20000160 93170001 83F0D802 6EFF8204 41020174
[17:48:29.250] 48005005 810A6260 04800000 86400035 68300018 01E81C79 0E7C0000 82FFE3F8
[17:48:29.258] FE3FF8FE 3F854408 000EDD00 01000100 01D00010 00100000 0140A626 01480000
[17:48:29.265] 08640003 56830001 801E81C7 90E7C000 082FFE3F 8FE3FF8F E3F85440 8000EDD8
[17:48:29.276] 00180018 001D8001 80018000 00140A62 60248000 00864000 35683000 1801E81C
[17:48:29.281] 790E7C00 0082DF03 C0DE0380 54008000 140A6260 34800000 86400035 68300018
[17:48:29.287] 01E81C79 0E7C0000 82FFE3F8 FE3FF8FE 3F854408 000EDC80 00800080 01C80008
[17:48:29.292] 00080000 0140A626 03C80000 08640003 56830001 801E81C7 90E7C000 082DE038
[17:48:29.304] 0DE03805 44080007 9C800080 00800001 40A62609 C8000008 64000356 83000180
[17:48:29.314] 1E81C790 E7C00008 2DE0380D E0380540 08000140 A6260CC8 00000864 00035683
[17:48:29.323] 0001801E 81C790E7 C000082D F83E0DE0 38054008 000140A6 260DC800 00086400
[17:48:29.329] 03568300 01801E81 C790E7C0 00082DF8 3E0DF83E 05400800 0140A636 12C80000
[17:48:29.334] 08640003 56830001 801E81C7 90E7C000 082BFF0F C3F0FFC3 F0FC1500 20000502
[17:48:29.346] 98D84F20 00002190 000D5A0C 0006007A 071E439F 000020AF FE3FEFFB FF8FFBFE
[17:48:29.357] 54408000 ACE40024 000E4002 40000014 0E636140 84800000 86400035 68300018
[17:48:29.369] 01E81C79 0E7C0000 82BFF8FF BFEFFE3F EFF95142 0003B760 00E000E0 0076000E
[17:48:29.382] 000E0000 01000200 00005029 89883200 00021900 00D5A0C0 006007A0 71E439F0
[17:48:29.393] 00020BFF 0FC3F0FF C3F0FC15 1020003B 76000600 06000760 00600060 00000502
[17:48:29.403] 98988D20 00002190 000D5A0C 0006007A 071E439F 000020B7 E0F83780 E0151020
[17:48:29.451] 002B6200 02000620 00200000 05029898 95200000 2190000D 5A0C0006 007A071E
[17:48:29.462] 439F0000 20BFF8FE 3F8FFE3F 8FE15002 00005029 89897200 00021900 00D5A0C0
[17:48:29.469] 006007A0 71E439F0 00020A40 09001500 20000503 98D89901 20000021 90000D5A
[17:48:29.476] 0C000600 7A071E43 9F000020 AEFE3FEF FBBF8FFB FE545080 00ACE000 20000E00
[17:48:29.483] 02000000 40008000 00140A63 626C8000 00864000 35683000 1801E81C 790E7C00
[17:48:29.491] 0082BBF8 FFBFEEFE 3FEFF951 420002B3 80008000 38000800 00010002 00000050
[17:48:29.495] 1E800E00 00000000 38040000 0000E020 00001003 80C00000 000E0380 00020038
[17:48:29.502] 2600000C 00E0C800 00200383 60000100 0E128000 0508384E 00001820 E1400000
[17:48:29.509] 60038820 0001400E 23000004 08389800 001820E2 68000061 07800001 C0200000
[17:48:29.517] E5EC41E0 00007010 00003963 10780000 1C060000 0E5CC41E 00000701 C0000387
[17:48:29.523] 10780000 1C130000 0E58C41E 00000706 C0000387 10780000 18250004 0220E000
[17:48:29.530] 0E128000 090441E0 0000709C 00003973 10780000 1C280000 0E1C41E0 00006118
[17:48:29.535] 00100883 8000388C 00002411 07800001 84A00041 63107800 00184B00 040220F0
[17:48:29.542] 00003898 00001CB1 883C0000 0E268000 072FE20F 00800380 800001C1 10780400
[17:48:29.548] 1C060000 0E5CC41E 01000701 C0000397 31078040 01C13000 00E58C41 E0100070
[17:48:29.557] 6C000039 7F107804 001C2500 000E0883 C02000E1 38000072 F620F008 00385000
[17:48:29.561] 001CBF88 3C02000C 23000201 10700407 11800004 8220F008 00309400 082C620F
[17:48:29.570] 00800389 800001CB 9883C020 00E26800 0072E620 F0100038 0C00001C B1883C04
[17:48:29.579] 000C1280 02011070 08070940 00048220 F0100038 4E00001C 11078080 01C28000
[17:48:29.587] 00E0883C 04000E26 0000072C 620F0100 0389A000 01CB9883 C06000E0 38000070
[17:48:29.593] 441E0300 0704C000 03943107 80C001C1 B00000E0 883C0600 0C128002 0110700C
[17:48:29.598] 07094000 048220F0 1800384E 00001C11 0780C001 82800040 220E0180 E1400000
[17:48:29.603] 90441E03 00061180 01058C41 C0301C46 00001258 C41E0300 06128001 058C41E0
[17:48:29.611] 3000612C 00100883 C06000E2 60000072 C620F018 00389A00 001CB988 3C07000C
[17:48:29.620] 12800201 10700E07 09400004 8220F01C 00384E00 001CB188 3C07000E 14000007
[17:48:29.629] 2E620F01 C0038980 0001C110 780E001C 4D00000E 5CC41E09 80060940 01008838
[17:48:29.639] 130384A0 00024110 78260018 27000402 20E04C0E 13800009 0441E098 0060A000
[17:48:29.648] 10088381 30385000 00241107 82600184 C0004022 0E04C0E2 60000090 441E0980
[17:48:29.657] 07134000 03963107 836001C2 700000E5 CC41E0D8 0070A000 00397310 78360018
[17:48:29.663] 4A00040B 883C1B00 0C258002 01107836 001C4C00 000E5CC4 1E0D8007 13400003
[17:48:29.670] 97310784 A0018270 0040220E 0940E138 00009044 1E128006 11800100 88382503
[17:48:29.679] 88C00002 4110784A 00184A00 040220F0 94003096 00080441 E1280061 30001008
[17:48:29.688] 83825038 98000024 110784A0 01C4D000 00E5CC41 E1380070 A0000039 7310784E
[17:48:29.699] 00184600 040220E0 9C0E2300 00090441 E1380061 28001008 83C27000 C2580020
[17:48:29.708] 110784E0 01C4C000 00E0883C 27000E26 8000072E 620F0A00 0388C000 01CB9883
[17:48:29.716] C28000C2 50002011 07850001 84B00040 220F0A00 03898000 01CB9883 C28000E2
[17:48:29.725] 68000072 E620F118 00389800 001CB188 3C46000E 26800007 2C620E12 80E26800
[17:48:29.730] 0092C620 F1300030 9A00082C 620E1300 E2680000 92C620F0 00003000 00080441
[17:48:29.736] E0100060 0800101C 41E03000 60180010 0883C280 00C14000 207E20F1 1800308C
[17:48:29.740] 00080441 E2600061 3000101C 41E26800 61340010 2E2070A0 208050B8 81C4C082
[17:48:29.746] 0141C40E 2684100A 0E5A4000 0404C4F4 00000000 00000000 00023011 8000008C
[17:48:29.755] 04608020 08020080 20080200 80200802 00802008 02008020 08020080 20080200
[17:48:29.761] 80200802 00802008 02008020 08020080 20080200 80200802 00802008 02008020
[17:48:29.770] 08020080 20080200 80200802 00802008 02008020 08020080 20080200 80200802
[17:48:29.776] 00802008 02008020 08020080 20080200 80200802 00802008 02008020 08020080
[17:48:29.785] 20080200 0000036C 7A000000 00000000 00004000 02040000 00000000 00000000
[17:48:29.792] 00000000 00000000 00000000 00000000 00000000 00000000 00000000 00000000
[17:48:29.796] 00000000 00000000 00000000 00000000 00000000 00000000 00000000 00000000
[17:48:29.800] 00000000 00000000 00000000 00000000 00000000 07EFFFFF C6600007 00050382
[17:48:29.805] 80381804 200C03C0 D0000000 00000000 04000000 04000000 03000000 02000000
[17:48:29.809] 01400000 00C00000 00700000 00400000 00240000 00140000 000B0000 00060000
[17:48:29.814] 000340D6 4ED60ED6 8ED648D6 08D64AD6 0AD646D6 06D64CD6 0CD68CD6 54D694D0
[17:48:29.818] 30100000 6DB6D040 0005B6DB 41000026 DB6D0400 00DB6DB4 1000046D B6D04000
[17:48:29.823] 15B6DB41 000066DB 6D040001 DB6DB410 00086DB6 D0400025 B6DB4100 00A6DB6D
[17:48:29.827] 040002DB 6DB41000 0C6DB6D0 3149EAA8 3D5547AA A475540E AA92D550 5AAA4D55
[17:48:29.832] 41AAAA35 552AAAA9 55548EA0 14005002 00600801 40180300 18040090 0A014006
[17:48:29.837] 01802403 80500180 80090120 14006018 03403807 00280A01 10160260 30050014
[17:48:29.841] 0680B802 00501C03 02020200 68080801 A1010100 34040400 00808080 00020200
[17:48:29.846] 68004040 0D1AA030 401032F6 70000000 014A2000 0420
[17:48:29.849] [N3API] init_BCL param - 122
[17:48:29.853] [N3API] RF bit_mask : a2 00 00 00 00
[17:48:29.856] [N3API] [CAPA-MEM][post-decode] pInfo=00000000 SBL(own=0 alloc=00000000) BCL.trk=0 FS.trk=0
[17:48:29.862] [N3API] nr pdu filter hw=26 sbl 17->15 bcl 122->108
[17:48:29.866] [N3API] [CAPA-MEM][DB-set] pInfo=856c9dd8 SBL(own=0 alloc=00000000) BCL.trk=0 FS.trk=0
[17:48:29.878] [N3API]   SBL.val=85795858 cnt=15 BCL.main=857ab578 cnt=108 ABLF(dec=0/00000000/0 own=0/00000000)
[17:48:29.884] [N3API]   FS outer: decode-graph (B), trk=0
[17:48:29.888] [L3API][H] Set BandNR[15]:  1, 3, 5, 7, 8, 20, 26, 28, 38, 40, 41, 66, 71, 77, 78,
[17:48:29.893] [L3API][H] BandNR: 0 (NR list not ready)
[17:48:29.896] [L3API][H]  set v1540:15  n1 n3 n5 n7 n8 n20 n26 n28 n38 n40 n41 n66 n71 n77 n78
[17:48:29.903] [N3API]  EUTRA band[32]:
[17:48:29.907] [N3API] 	 B1 B2 B3 B4 B5 B6 B7 B8 B10 B12 B13 B14 B17 B18 B19 B20
[17:48:29.910] [N3API] 	 B25 B26 B28 B29 B30 B34 B38 B39 B40 B41 B42 B43 B48 B52 B66 B71
[17:48:29.914] [N3API] 
[17:48:29.917] Set bit-mask: 856CB4E4(000000E0) - 0 00000010
[17:48:29.922] [N3API] [MPR][PC] band:n38 pc:1 v1610:0 isPc1dot5:0 mpr_present:0 mpr_val:0x00
[17:48:29.933] [N3API] [MPR][PC] done band:n38 mpr_present:0 mpr_val:0x00
[17:48:29.936] [N3API] [MPR][PC] band:n40 pc:1 v1610:0 isPc1dot5:0 mpr_present:0 mpr_val:0x00
[17:48:29.941] [N3API] [MPR][PC] done band:n40 mpr_present:0 mpr_val:0x00
[17:48:29.953] [N3API] [MPR][PC] band:n41 pc:1 v1610:1 isPc1dot5:1 mpr_present:1 mpr_val:0x10
[17:48:29.963] [N3API] [MPR][PC] set n41 modifiedMPR_Behaviour=0x10
[17:48:29.972] [N3API] [MPR][PC] done band:n41 mpr_present:1 mpr_val:0x10
[17:48:29.978] [N3API] [MPR][PC] band:n77 pc:1 v1610:1 isPc1dot5:1 mpr_present:1 mpr_val:0x80
[17:48:29.985] [N3API] [MPR][PC] set n77 modifiedMPR_Behaviour=0x80
[17:48:29.993] [N3API] [MPR][PC] done band:n77 mpr_present:1 mpr_val:0x80
[17:48:29.997] [N3API] [MPR][PC] band:n78 pc:1 v1610:1 isPc1dot5:1 mpr_present:0 mpr_val:0x00
[17:48:30.004] [N3API] [MPR][PC] set n78 modifiedMPR_Behaviour=0x80
[17:48:30.012] [N3API] [MPR][PC] done band:n78 mpr_present:1 mpr_val:0x80
[17:48:30.017] [N3API] === reset UE Capa PDU
[17:48:30.021] [N3API] [CAPA-MEM][reset-done] pInfo=856c9dd8 SBL(own=0 alloc=00000000) BCL.trk=0 FS.trk=0
[17:48:30.033] [N3API]   SBL.val=85795858 cnt=15 BCL.main=857ab578 cnt=108 ABLF(dec=0/00000000/0 own=0/00000000)
[17:48:30.042] [N3API]   FS outer: decode-graph (B), trk=0
[17:48:30.048] [N3API] [CAPA-MEM][op-post] pInfo=856c9dd8 SBL(own=0 alloc=00000000) BCL.trk=0 FS.trk=0
[17:48:30.059] [N3API]   SBL.val=85795858 cnt=15 BCL.main=857ab578 cnt=108 ABLF(dec=0/00000000/0 own=0/00000000)
[17:48:30.065] [N3API]   FS outer: decode-graph (B), trk=0
[17:48:30.068] [NL3:   0][>S][nrrc_send_NNASRRC_RRC_INITIALIZE_CNF] NNASRRC_RRC_INITIALIZE_CNF
[17:48:30.074] [NAS_NSM] nsmSetPduAuthControlByUpperEnabled()
[17:48:30.078] [NAS_NSM] 	 flag(1)
[17:48:30.082] [NAS_INSIG] EPLMN|NASRRC_RRC_INITIALIZE_CNF(18)|PLMN_NULL(0)
[17:48:30.087] [NAS_INSIG] NPLMN|NNASRRC_RRC_INITIALIZE_CNF(18)|PLMN_NULL(0)
[17:48:30.091] [NAS_INSIG] CACHE|NASNVM_READ_CNF(8)|CACHE_WAIT_FOR_CACHE_INIT(0)
[17:48:30.095] [NAS_INSIG] CACHE|NASNVM_READ_CNF(8)|CACHE_WAIT_FOR_CACHE_INIT(0)
[17:48:30.100] [NAS_INSIG] CACHE|NASNVM_READ_CNF(8)|CACHE_WAIT_FOR_CACHE_INIT(0)
[17:48:30.106] [NAS_CACHE] [WAR] Invalid 5GSLOCI in the NV (0xffffff)!!!
[17:48:30.110] [NAS_INSIG] CACHE|NASNVM_READ_CNF(8)|CACHE_WAIT_FOR_CACHE_INIT(0)
[17:48:30.116] [NAS_INSIG] CACHE|NASNVM_READ_CNF(8)|CACHE_WAIT_FOR_CACHE_INIT(0)
[17:48:30.122] [NAS_INSIG] CACHE|NASNVM_READ_CNF(8)|CACHE_WAIT_FOR_CACHE_INIT(0)
[17:48:30.131] [NAS_INSIG] CACHE|NASNVM_READ_CNF(8)|CACHE_WAIT_FOR_CACHE_INIT(0)
[17:48:30.139] [NAS_INSIG] CACHE|NASNVM_READ_CNF(8)|CACHE_WAIT_FOR_CACHE_INIT(0)
[17:48:30.147] [NAS_INSIG] CACHE|NASNVM_READ_CNF(8)|CACHE_WAIT_FOR_CACHE_INIT(0)
[17:48:30.153] [NAS_INSIG] CACHE|NASNVM_READ_CNF(8)|CACHE_WAIT_FOR_CACHE_INIT(0)
[17:48:30.158] [NAS_CACHE] Read UTC Time: 0
[17:48:30.162] [NAS_INSIG] CACHE|NASNVM_READ_CNF(8)|CACHE_WAIT_FOR_CACHE_INIT(0)
[17:48:30.167] [NAS_INSIG] CACHE|NASNVM_READ_CNF(8)|CACHE_WAIT_FOR_CACHE_INIT(0)
[17:48:30.171] [NAS_INSIG] CACHE|NASNVM_READ_CNF(8)|CACHE_WAIT_FOR_CACHE_INIT(0)
[17:48:30.177] [NAS_INSIG] CACHE|NASNVM_READ_CNF(8)|CACHE_WAIT_FOR_CACHE_INIT(0)
[17:48:30.185] [NAS_CACHE] [ERR] Invalid IMEI: 0x000000000000000000 <IN cacheReadNVMCnf 528>
[17:48:30.195] [NAS_INSIG] CACHE|NASNVM_READ_CNF(8)|CACHE_WAIT_FOR_CACHE_INIT(0)
[17:48:30.202] [NAS_CACHE] [ERR] Invalid IMEI2: 0x000000000000000000 <IN cacheReadNVMCnf 550>
[17:48:30.210] [NAS_INSIG] CACHE|NASNVM_READ_CNF(8)|CACHE_WAIT_FOR_CACHE_INIT(0)
[17:48:30.215] [NAS_INSIG] CACHE|NASNVM_READ_CNF(8)|CACHE_WAIT_FOR_CACHE_INIT(0)
[17:48:30.224] [NAS_INSIG] CACHE|NASNVM_READ_CNF(8)|CACHE_WAIT_FOR_CACHE_INIT(0)
[17:48:30.234] [NAS_CACHE] Read T3245 lte:0 nr: 0
[17:48:30.237] [NAS_INSIG] CACHE|NASNVM_READ_CNF(8)|CACHE_WAIT_FOR_CACHE_INIT(0)
[17:48:30.243] [NAS_INSIG] CACHE|NASNVM_READ_CNF(8)|CACHE_WAIT_FOR_CACHE_INIT(0)
[17:48:30.247] [NAS_INSIG] CACHE|NASNVM_READ_CNF(8)|CACHE_WAIT_FOR_CACHE_INIT(0)
[17:48:30.252] [NAS_INSIG] CACHE|NASNVM_READ_CNF(8)|CACHE_WAIT_FOR_CACHE_INIT(0)
[17:48:30.260] [NAS_INSIG] CACHE|NASNVM_READ_CNF(8)|CACHE_WAIT_FOR_CACHE_INIT(0)
[17:48:30.270] [NAS_INSIG] CACHE|NASNVM_READ_CNF(8)|CACHE_WAIT_FOR_CACHE_INIT(0)
[17:48:30.277] [NAS_INSIG] CACHE|NASNVM_READ_CNF(8)|CACHE_WAIT_FOR_CACHE_INIT(0)
[17:48:30.287] [NAS_INSIG] CACHE|NASNVM_READ_CNF(8)|CACHE_WAIT_FOR_CACHE_INIT(0)
[17:48:30.298] [NAS_INSIG] CACHE|NASNVM_READ_CNF(8)|CACHE_WAIT_FOR_CACHE_INIT(0)
[17:48:30.307] [NAS_INSIG] CACHE|NASNVM_READ_CNF(8)|CACHE_WAIT_FOR_CACHE_INIT(0)
[17:48:30.318] [NAS_INSIG] CACHE|NASNVM_READ_CNF(8)|CACHE_WAIT_FOR_CACHE_INIT(0)
[17:48:30.326] [NAS_CACHE] ICCID Matched: No USIM change detected
[17:48:30.333] [NAS_CACHE] State Change (CACHE_WAIT_FOR_CACHE_INIT => CACHE_VALID_USIM)
[17:48:30.345] [NAS_INSIG] EMM|EMM_INT_USIM_INSERTED_IND(2)|EMM_NULL(0)
[17:48:30.354] [FSM] [ERR]EHPLMN list cnt:2
[17:48:30.363] [FSM] EHPLMN :[0] F110
[17:48:30.368] [FSM] EHPLMN :[1] 130184
[17:48:30.373] [L3API][H] Init CSG DB: 0
[17:48:30.377] [FSM] [L3>S][RRC_send_NASRRC_USIM_INSERTED_CNF] NASRRC_USIM_INSERTED_CNF
[17:48:30.393] [NAS_INSIG] EPLMN|EPLMN_USIM_INSERTED_IND(5)|PLMN_NULL(0)
[17:48:30.411] [NAS_EPLMN] PLMN_PERIODIC_HPLMN_SEARCH_TIMER Timer value Changed: 28800000 ms
[17:48:30.452] [NAS_EPLMN] State Change (PLMN_NULL => PLMN_IDLE)
[17:48:30.464] [NAS_INSIG] NMM|NMM_INT_USIM_INSERTED_IND(3)|NMM_NULL(0)
[17:48:30.474] [NL3:   0]<- NNASRRC_USIM_INSERTED_REQ
[17:48:30.482] [NL3:   0]EHPLMN :[0] F110
[17:48:30.489] [NL3:   0]EHPLMN :[1] 130184
[17:48:30.495] [NL3:   0][>S][NRRC_Read_NVM_DRX] NVM_READ_REQ
[17:48:30.502] [NL3:   0][>S][NRRC_Read_NVM_User_DRX] NVM_READ_REQ
[17:48:30.511] [NAS_INSIG] NPLMN|NPLMN_USIM_INSERTED_IND(5)|PLMN_NULL(0)
[17:48:30.521] [NAS_NPLMN] PLMN_PERIODIC_HPLMN_SEARCH_TIMER Timer value Changed: 28800000 ms
[17:48:30.532] [NAS_NPLMN] State Change (PLMN_NULL => PLMN_IDLE)
[17:48:30.539] [NAS_INSIG] EMM|NASRRC_USIM_INSERTED_CNF(45)|EMM_NULL(0)
[17:48:30.549] [NAS_EMM] FSM_EMM_NULL__NASRRC_USIM_INSERTED_CNF
[17:48:30.553] [FSM] [L3<-][RMCI][0] NASRRC_COUNT_UPDATE_IND
[17:48:30.559] [RMC] [H] NAS count:0
[17:48:30.563] NAS_MsgHandler, messageType(0x360014)
[17:48:30.569] [NL3:   0][<-][NL3USI][2][3] NVM_READ_CNF
[17:48:30.575] [N3USI] NV name : LDRX_NV
[17:48:30.583] [N3USI] NV DRX not used: 0
[17:48:30.590] [NL3:   0][<-][NL3USI][2][3] NVM_READ_CNF
[17:48:30.597] [N3USI] NV name : NDRX_NV
[17:48:30.607] [N3USI] NV User DRX not used :0
[17:48:30.612] [NL3:   0][>S][FSM_NL3USI_Read__NVM_READ_CNF] NNASRRC_USIM_INSERTED_CNF
[17:48:30.624] [NAS_INSIG] NMM|NASRRC_USIM_INSERTED_CNF(44)|NMM_NULL(0)
[17:48:30.635] [NAS_NMM] FSM_NMM_NULL__NASRRC_USIM_INSERTED_CNF
[17:48:30.642] [NAS_INSIG] NSM_CONNECTION_MANAGEMENT|NMMNSM_UICC_USIM_CACHE_END_IND(22)|NSM_CONNECTION_MANAGEMENT(0)
[17:48:30.656] L1 initialize...
[17:48:30.659] nr_slp_shmem : 28500000
[17:48:30.664] nr_dlp_shmem[0] : 20500000
[17:48:30.669] nr_dlp_shmem[1] : 21500000
[17:48:30.673] nr_dlp_shmem[2] : 22500000
[17:48:30.678] nr_dlp_shmem[3] : 23500000
[17:48:30.683] nr_dlp_shmem[4] : 24500000
[17:48:30.687] nr_dlp_shmem[5] : 25500000
[17:48:30.691] nr_dlp_shmem[6] : 26500000
[17:48:30.697] nr_dlp_shmem[7] : 27500000
[17:48:30.702] nr_ulp_shmem[0] : 20d00000
[17:48:30.709] nr_ulp_shmem[1] : 21d00000
[17:48:30.714] nr_ulp_shmem[2] : 22d00000
[17:48:30.717] nr_ulp_shmem[3] : 23d00000
[17:48:30.721]  =====   RF NV3  ====== 
[17:48:30.733] $ ifconfig
[17:48:30.737] x) adc_metal_fix 1
[17:48:30.740] [MRM] Read MRM Mode: 0
[17:48:30.744] [MRM] NOT Enabled MRM FSM: 0
[17:48:30.748] [MRM] 0x6c Connected assigned ConnId: 0x1
[17:48:30.754] [SMS] ENAS SMS INIT REQ rxed
[17:48:30.758] [MRM] 0x55 Connected assigned ConnId: 0x2
[17:48:30.764] [ATM] ATMManager_RegisterUMM(evt:35, nPortId:0)...
[17:48:30.772] SMSMGR : bSmsFormat(3GPP)
[17:48:30.776] [SMS] SMSMGR : UICC FILE INFO rxed(FID = 0x0)
[17:48:30.779] mrd: UICC Activation done : driver open fail(-1)
[17:48:30.785] mrd: 
[17:48:30.788] UICC INDICATION(DEV_IDX(1))
[17:48:30.792] mrd: UICC ACTIVATED INDICATION
[17:48:30.797] mrautocm: [mrcm_ind_uicc_ind]
[17:48:30.801] mrautocm: UICC ACTIVATED INDICATION
[17:48:30.808] mrd: 
[17:48:30.814] INITIALIZATION PROTOCOL STACK RESPONSE(DEV_IDX(1))
[17:48:30.818] mrd: Result : 0
[17:48:30.823] mrd: WTD: LAPI_NotiArm1Reset : Hold[0]
[17:48:30.830] mrd: ucfg Scramble (0)
[17:48:30.835] mrd: NRAPI_DeviceCfgSetReq Scramble (0)
[17:48:30.839] mrd: SET SCRAMBLE LOG : DISABLE
[17:48:30.844] LTE LOG(000001c4): NOTI WARN2 WARN3 ERR
[17:48:30.852] mrd: cm_set_smsCfgWriteReq()
[17:48:30.856] [MRM] Disable Scrumble Log
[17:48:30.861] [NAS_INSIG] CACHE|NAS_PROTOCOL_CONFIG_WRITE_REQ(3)|CACHE_VALID_USIM(1)
[17:48:30.869] [NAS_CACHE] Scrumble Log: 0
[17:48:30.874] mrd: cm_set_RaDeploymentReq()
[17:48:30.881] [MRM] 5G NR SA: 1 NSA: 0 LTE SA: 0
[17:48:30.885] [MRM] Set NR SA Mode for RRC: 1
[17:48:30.889] [L3API][H] Set BandNR[15]:  n1 n3 n5 n7 n8 n20 n26 n28 n38 n40 n41 n66 n71 n77 n78
[17:48:30.897] [MRM] Set Endc Enable for RRC: 0
[17:48:30.902] [L3API][H] 	Set EN-DC Enable:0
[17:48:30.907] [L3API][H]  set v1540:15  n1 n3 n5 n7 n8 n20 n26 n28 n38 n40 n41 n66 n71 n77 n78
[17:48:30.912] [MRM] Set LTE Only Mode for RRC: 1
[17:48:30.916] [L3API][H] Enable UL MIMO
[17:48:30.920] [L3API][H] TDD UL MIMO
[17:48:30.924] [L3API][H] Disable CA
[17:48:30.927] [L3API][H] Bit 13 : disabled
[17:48:30.932] [L3API][H] Bit 18 : disabled
[17:48:30.935] [L3API][H] Bit 13 : disabled
[17:48:30.939] [L3API][H] Bit 18 : disabled
[17:48:30.942] [L3API][H]  SetFgi: 1E9805FE 00000000 0000C1FF / 1E9805FE 00000000 0000C1FF
[17:48:30.947] mrd: get_load_capa_pdu_uper_file(1) - isFirstChunk=1
[17:48:30.952] mrd: read_rrc_capa_pdu_chunk(/var/nr/param/capa/UE_MRDC_Capability.uper) - (0~10224)/fileSize(12134)
[17:48:30.959] 81 01 41 ED 88 2C 08 03 80 40 00 00 01 10 58 20 ....
[17:48:30.963] mrd: cm_set_NRUERadioCapaReq()
[17:48:30.966] mrd: get_load_capa_pdu_uper_file(1) - isFirstChunk=0
[17:48:30.970] mrd: read_rrc_capa_pdu_chunk(/var/nr/param/capa/UE_MRDC_Capability.uper) - (10224~12134)/fileSize(12134)
[17:48:30.978] 03 80 00 01 C0 60 00 01 60 88 6C 08 01 89 80 70 ....
[17:48:30.983] mrd: cm_set_NRUERadioCapaReq()
[17:48:30.987] mrd: get_load_capa_pdu_uper_file(0) - isFirstChunk=1
[17:48:30.991] mrd: read_rrc_capa_pdu_chunk(/var/nr/param/capa/UE_NR_Capability.uper) - (0~1686)/fileSize(1686)
[17:48:30.998] E1 A2 30 00 47 46 5A 03 1F 8D 83 85 20 00 16 09 ....
[17:48:31.007] mrd: cm_set_NRUERadioCapaReq()
[17:48:31.015] mrd: get_load_capa_pdu_uper_file(2) - isFirstChunk=1
[17:48:31.023] mrd: read_rrc_capa_pdu_chunk(/var/nr/param/capa/UE_EUTRA_Capability.uper) - (0~1853)/fileSize(1853)
[17:48:31.033] E0 19 80 57 00 10 30 81 43 07 12 44 91 33 26 CF ....
[17:48:31.039] mrd: cm_set_LTEUERadioCapaReq()
[17:48:31.044] [L3API][H]  SetFgi: FDD/TDD configured
[17:48:31.047] [L3API][H] Bit 13 : disabled
[17:48:31.051] [L3API][H] Bit 18 : disabled
[17:48:31.055] [L3API][H]  Set FGI Common (1E9805FE 00000000 0000C1FF)
[17:48:31.061] [L3API][H]  Set FGI FDD only (00000000 00000000 00000000)
[17:48:31.066] [L3API][H]  Set FGI TDD only (00000000 00000000 00000000)
[17:48:31.074] [L3API][H] 	[Y]Set interRAT_BandList(0) in BCL(31)
[17:48:31.081] [NAS_INSIG] CACHE|NAS_PROTOCOL_CONFIG_WRITE_REQ(3)|CACHE_VALID_USIM(1)
[17:48:31.086] [NAS_CACHE] 5G NR SA: 1 5G NR NSA: 0 LTE SA: 0
[17:48:31.093] [MRM] Set UE MRDC Capability PDU - mode: 1 length: 10224
[17:48:31.098] [N3API]  mrdcCapaPdu mode:1, size:10224
[17:48:31.104] [N3API][E] mrdcCapaPdu: too big PDU size:10224
[17:48:31.112] [N3API]  mrdcCapaPdu mode:3, size:10224
[17:48:31.117] [N3API] MRDC reset: load default into DB (hasPdu:0)
[17:48:31.123] [N3API] del default MRDC Capa DB
[17:48:31.129] [N3API] MRDC update: gen BCL 128 from gMrdcSupportedBcTable[128] (sbl e:32 n:15 nrBcl:108 skipFb:0)
[17:48:31.136] [N3API] MRDC tbl[0] e:1+3 n:1+78
[17:48:31.140] [N3API] [0]tbl0-4,0  MRDC tbl[1] e:1+7 n:1+78
[17:48:31.144] [N3API] [1]tbl1-4,0  MRDC tbl[2] e:1+28 n:1+78
[17:48:31.147] [N3API] [2]tbl2-4,0  MRDC tbl[3] e:1+40 n:1+78
[17:48:31.153] [N3API] [3]tbl3-4,0  MRDC tbl[4] e:3+7 n:1+78
[17:48:31.158] [N3API] MRDC: [4]tbl4-4,0  
[17:48:31.162] [N3API] MRDC tbl[5] e:3+28 n:1+78
[17:48:31.167] [N3API] [5]tbl5-4,0  MRDC tbl[6] e:3+40 n:1+78
[17:48:31.173] [N3API] [6]tbl6-4,0  MRDC tbl[7] e:7+28 n:1+78
[17:48:31.176] [N3API] [7]tbl7-4,0  MRDC tbl[8] e:7+40 n:1+78
[17:48:31.182] [N3API] [8]tbl8-4,0  MRDC tbl[9] e:28+40 n:1+78
[17:48:31.185] [N3API] MRDC: [9]tbl9-4,0  
[17:48:31.189] [N3API] MRDC tbl[10] e:1+3+7 n:1+78
[17:48:31.193] [N3API] [10]tbl10-5,1  MRDC tbl[11] e:1+3+28 n:1+78
[17:48:31.197] [N3API] [11]tbl11-5,1  MRDC tbl[12] e:1+3+40 n:1+78
[17:48:31.200] [N3API] [12]tbl12-5,1  MRDC tbl[13] e:1+7+28 n:1+78
[17:48:31.203] [N3API] [13]tbl13-5,1  MRDC tbl[14] e:1+7+40 n:1+78
[17:48:31.207] [N3API] MRDC: [14]tbl14-5,1  
[17:48:31.210] [N3API] MRDC tbl[15] e:1+28+40 n:1+78
[17:48:31.214] [N3API] [15]tbl15-5,1  MRDC tbl[16] e:3+7+28 n:1+78
[17:48:31.218] [N3API] [16]tbl16-5,1  MRDC tbl[17] e:3+7+40 n:1+78
[17:48:31.222] [N3API] [17]tbl17-5,1  MRDC tbl[18] e:3+28+40 n:1+78
[17:48:31.226] [N3API] [18]tbl18-5,1  MRDC tbl[19] e:7+28+40 n:1+78
[17:48:31.231] [N3API] MRDC: [19]tbl19-5,1  
[17:48:31.235] [N3API] MRDC tbl[20] e:1+3 n:5+78
[17:48:31.239] [N3API] [20]tbl20-4,0  MRDC tbl[21] e:1+7 n:5+78
[17:48:31.242] [N3API] [21]tbl21-4,0  MRDC tbl[22] e:1+28 n:5+78
[17:48:31.246] [N3API] [22]tbl22-4,0  MRDC tbl[23] e:1+40 n:5+78
[17:48:31.250] [N3API] [23]tbl23-4,0  MRDC tbl[24] e:3+7 n:5+78
[17:48:31.255] [N3API] MRDC: [24]tbl24-4,0  
[17:48:31.260] [N3API] MRDC tbl[25] e:3+28 n:5+78
[17:48:31.263] [N3API] [25]tbl25-4,0  MRDC tbl[26] e:3+40 n:5+78
[17:48:31.269] [N3API] [26]tbl26-4,0  MRDC tbl[27] e:7+28 n:5+78
[17:48:31.276] [N3API] [27]tbl27-4,0  MRDC tbl[28] e:7+40 n:5+78
[17:48:31.279] [N3API] [28]tbl28-4,0  MRDC tbl[29] e:28+40 n:5+78
[17:48:31.282] [N3API] MRDC: [29]tbl29-4,0  
[17:48:31.286] [N3API] MRDC tbl[30] e:1+3+7 n:5+78
[17:48:31.289] [N3API] [30]tbl30-5,1  MRDC tbl[31] e:1+3+28 n:5+78
[17:48:31.293] [N3API] [31]tbl31-5,1  MRDC tbl[32] e:1+3+40 n:5+78
[17:48:31.297] [N3API] [32]tbl32-5,1  MRDC tbl[33] e:1+7+28 n:5+78
[17:48:31.301] [N3API] [33]tbl33-5,1  MRDC tbl[34] e:1+7+40 n:5+78
[17:48:31.305] [N3API] MRDC: [34]tbl34-5,1  
[17:48:31.309] [N3API] MRDC tbl[35] e:1+28+40 n:5+78
[17:48:31.313] [N3API] [35]tbl35-5,1  MRDC tbl[36] e:3+7+28 n:5+78
[17:48:31.316] [N3API] [36]tbl36-5,1  MRDC tbl[37] e:3+7+40 n:5+78
[17:48:31.320] [N3API] [37]tbl37-5,1  MRDC tbl[38] e:3+28+40 n:5+78
[17:48:31.326] [N3API] [38]tbl38-5,1  MRDC tbl[39] e:7+28+40 n:5+78
[17:48:31.331] [N3API] MRDC: [39]tbl39-5,1  
[17:48:31.335] [N3API] MRDC tbl[40] e:1+3 n:1+40
[17:48:31.338] [N3API] [40]tbl40-4,0  MRDC tbl[41] e:1+7 n:1+40
[17:48:31.341] [N3API] [41]tbl41-4,0  MRDC tbl[42] e:1+28 n:1+40
[17:48:31.345] [N3API] [42]tbl42-4,0  MRDC tbl[43] e:1+40 n:1+40
[17:48:31.349] [N3API] [43]tbl43-4,0  MRDC tbl[44] e:3+7 n:1+40
[17:48:31.353] [N3API] MRDC: [44]tbl44-4,0  
[17:48:31.357] [N3API] MRDC tbl[45] e:3+28 n:1+40
[17:48:31.361] [N3API] [45]tbl45-4,0  MRDC tbl[46] e:3+40 n:1+40
[17:48:31.364] [N3API] [46]tbl46-4,0  MRDC tbl[47] e:7+28 n:1+40
[17:48:31.368] [N3API] [47]tbl47-4,0  MRDC tbl[48] e:7+40 n:1+40
[17:48:31.372] [N3API] [48]tbl48-4,0  MRDC tbl[49] e:28+40 n:1+40
[17:48:31.376] [N3API] MRDC: [49]tbl49-4,0  
[17:48:31.379] [N3API] MRDC tbl[50] e:1+3+7 n:1+40
[17:48:31.382] [N3API] [50]tbl50-5,1  MRDC tbl[51] e:1+3+28 n:1+40
[17:48:31.385] [N3API] [51]tbl51-5,1  MRDC tbl[52] e:1+3+40 n:1+40
[17:48:31.389] [N3API] [52]tbl52-5,1  MRDC tbl[53] e:1+7+28 n:1+40
[17:48:31.393] [N3API] [53]tbl53-5,1  MRDC tbl[54] e:1+7+40 n:1+40
[17:48:31.396] [N3API] MRDC: [54]tbl54-5,1  
[17:48:31.400] [NVLAN: all hmac cleared
[17:48:31.404] br0: port 1(usb0) entered blocking state
[17:48:31.452] br0: port 1(usb0) entered forwarding state
[17:48:31.456] 3API] MRDC tbl[55] e:1+28+40 n:1+40
[17:48:31.460] [N3API] [55]tbl55-5,1  MRDC tbl[56] e:3+7+28 n:1+40
[17:48:31.471] [N3API] [56]tbl56-5,1  MRDC tbl[57] e:3+7+40 n:1+40
[17:48:31.476] [N3API] [57]tbl57-5,1  MRDC tbl[58] e:3+28+40 n:1+40
[17:48:31.480] [N3API] [58]tbl58-5,1  MRDC tbl[59] e:7+28+40 n:1+40
[17:48:31.486] [N3API] MRDC: [59]tbl59-5,1  
[17:48:31.491] [N3API] MRDC tbl[60] e:1+3 n:5+40
[17:48:31.496] [N3API] [60]tbl60-4,0  MRDC tbl[61] e:1+7 n:5+40
[17:48:31.503] [N3API] [61]tbl61-4,0  MRDC tbl[62] e:1+28 n:5+40
[17:48:31.510] [N3API] [62]tbl62-4,0  MRDC tbl[63] e:1+40 n:5+40
[17:48:31.517] [N3API] [63]tbl63-4,0  MRDC tbl[64] e:3+7 n:5+40
[17:48:31.520] [N3API] MRDC: [64]tbl64-4,0  
[17:48:31.524] [N3API] MRDC tbl[65] e:3+28 n:5+78
[17:48:31.528] [N3API] [65]tbl65-4,0  MRDC tbl[66] e:3+40 n:5+40
[17:48:31.535] [N3API] [66]tbl66-4,0  MRDC tbl[67] e:7+28 n:5+40
[17:48:31.540] [N3API] [67]tbl67-4,0  MRDC tbl[68] e:7+40 n:5+40
[17:48:31.547] [N3API] [68]tbl68-4,0  MRDC tbl[69] e:28+40 n:5+40
[17:48:31.553] [N3API] MRDC: [69]tbl69-4,0  
[17:48:31.557] [N3API] MRDC tbl[70] e:1+3+7 n:5+40
[17:48:31.560] [N3API] [70]tbl70-5,1  MRDC tbl[71] e:1+3+28 n:5+40
[17:48:31.564] [N3API] [71]tbl71-5,1  MRDC tbl[72] e:1+3+40 n:5+40
[17:48:31.568] [N3API] [72]tbl72-5,1  MRDC tbl[73] e:1+7+28 n:5+40
[17:48:31.572] [N3API] [73]tbl73-5,1  MRDC tbl[74] e:1+7+40 n:5+40
[17:48:31.576] [N3API] MRDC: [74]tbl74-5,1  
[17:48:31.580] [N3API] MRDC tbl[75] e:1+28+40 n:5+40
[17:48:31.584] [N3API] [75]tbl75-5,1  MRDC tbl[76] e:3+7+28 n:5+40
[17:48:31.587] [N3API] [76]tbl76-5,1  MRDC tbl[77] e:3+7+40 n:5+40
[17:48:31.591] [N3API] [77]tbl77-5,1  MRDC tbl[78] e:3+28+40 n:5+40
[17:48:31.595] [N3API] [78]tbl78-5,1  MRDC tbl[79] e:7+28+40 n:5+40
[17:48:31.598] [N3API] MRDC: [79]tbl79-5,1  
[17:48:31.602] [N3API] MRDC tbl[80] e:1+3 n:78
[17:48:31.605] [N3API] [80]tbl80-3,2  MRDC tbl[81] e:1+7 n:78
[17:48:31.608] [N3API] [81]tbl81-3,2  MRDC tbl[82] e:1+28 n:78
[17:48:31.613] [N3API] [82]tbl82-3,2  MRDC tbl[83] e:1+40 n:78
[17:48:31.617] [N3API] [83]tbl83-3,2  MRDC tbl[84] e:3+7 n:78
[17:48:31.621] [N3API] MRDC: [84]tbl84-3,2  
[17:48:31.624] [N3API] MRDC tbl[85] e:3+28 n:78
[17:48:31.628] [N3API] [85]tbl85-3,2  MRDC tbl[86] e:3+40 n:78
[17:48:31.631] [N3API] [86]tbl86-3,2  MRDC tbl[87] e:7+28 n:78
[17:48:31.634] [N3API] [87]tbl87-3,2  MRDC tbl[88] e:7+40 n:78
[17:48:31.638] [N3API] [88]tbl88-3,2  MRDC tbl[89] e:28+40 n:78
[17:48:31.644] [N3API] MRDC: [89]tbl89-3,2  
[17:48:31.649] [N3API] MRDC tbl[90] e:1+3+7 n:78
[17:48:31.654] [N3API] [90]tbl90-4,3  MRDC tbl[91] e:1+3+28 n:78
[17:48:31.660] [N3API] [91]tbl91-4,3  MRDC tbl[92] e:1+3+40 n:78
[17:48:31.664] [N3API] [92]tbl92-4,3  MRDC tbl[93] e:1+7+28 n:78
[17:48:31.670] [N3API] [93]tbl93-4,3  MRDC tbl[94] e:1+7+40 n:78
[17:48:31.677] [N3API] MRDC: [94]tbl94-4,3  
[17:48:31.682] [N3API] MRDC tbl[95] e:1+28+40 n:78
[17:48:31.685] [N3API] [95]tbl95-4,3  MRDC tbl[96] e:3+7+28 n:78
[17:48:31.692] [N3API] [96]tbl96-4,3  MRDC tbl[97] e:3+7+40 n:78
[17:48:31.697] [N3API] [97]tbl97-4,3  MRDC tbl[98] e:3+28+40 n:78
[17:48:31.703] [N3API] [98]tbl98-4,3  MRDC tbl[99] e:7+28+40 n:78
[17:48:31.710] [N3API] MRDC: [99]tbl99-4,3  
[17:48:31.715] [N3API] MRDC tbl[100] e:1+3+7+28 n:78
[17:48:31.720] [N3API] [100]tbl100-5,4  MRDC tbl[101] e:1+3+7+40 n:78
[17:48:31.726] [N3API] [101]tbl101-5,4  MRDC tbl[102] e:1+7+28+40 n:78
[17:48:31.729] [N3API] [102]tbl102-5,4  MRDC tbl[103] e:3+7+28+40 n:78
[17:48:31.736] [N3API] [103]tbl103-5,4  MRDC tbl[104] e:1+3 n:40
[17:48:31.739] [N3API] MRDC: [104]tbl104-3,2  
[17:48:31.743] [N3API] MRDC tbl[105] e:1+7 n:40
[17:48:31.747] [N3API] [105]tbl105-3,2  MRDC tbl[106] e:1+28 n:40
[17:48:31.751] [N3API] [106]tbl106-3,2  MRDC tbl[107] e:1+40 n:40
[17:48:31.755] [N3API] [107]tbl107-3,2  MRDC tbl[108] e:3+7 n:40
[17:48:31.758] [N3API] [108]tbl108-3,2  MRDC tbl[109] e:3+28 n:40
[17:48:31.761] [N3API] MRDC: [109]tbl109-3,2  
[17:48:31.765] [N3API] MRDC tbl[110] e:3+40 n:40
[17:48:31.767] [N3API] [110]tbl110-3,2  MRDC tbl[111] e:7+28 n:40
[17:48:31.771] [N3API] [111]tbl111-3,2  MRDC tbl[112] e:7+40 n:40
[17:48:31.774] [N3API] [112]tbl112-3,2  MRDC tbl[113] e:28+40 n:40
[17:48:31.778] [N3API] [113]tbl113-3,2  MRDC tbl[114] e:1+3+7 n:40
[17:48:31.781] [N3API] MRDC: [114]tbl114-4,3  
[17:48:31.786] [N3API] MRDC tbl[115] e:1+3+28 n:40
[17:48:31.790] [N3API] [115]tbl115-4,3  MRDC tbl[116] e:1+3+40 n:40
[17:48:31.794] [N3API] [116]tbl116-4,3  MRDC tbl[117] e:1+7+28 n:40
[17:48:31.797] [N3API] [117]tbl117-4,3  MRDC tbl[118] e:1+7+40 n:40
[17:48:31.802] [N3API] [118]tbl118-4,3  MRDC tbl[119] e:1+28+40 n:40
[17:48:31.805] [N3API] MRDC: [119]tbl119-4,3  
[17:48:31.809] [N3API] MRDC tbl[120] e:3+7+28 n:40
[17:48:31.812] [N3API] [120]tbl120-4,3  MRDC tbl[121] e:3+7+40 n:40
[17:48:31.816] [N3API] [121]tbl121-4,3  MRDC tbl[122] e:3+28+40 n:40
[17:48:31.819] [N3API] [122]tbl122-4,3  MRDC tbl[123] e:7+28+40 n:40
[17:48:31.823] [N3API] [123]tbl123-4,3  MRDC tbl[124] e:1+3+7+28 n:40
[17:48:31.826] [N3API] MRDC: [124]tbl124-5,4  
[17:48:31.830] [N3API] MRDC tbl[125] e:1+3+7+40 n:40
[17:48:31.833] [N3API] [125]tbl125-5,4  MRDC tbl[126] e:1+7+28+40 n:40
[17:48:31.836] [N3API] [126]tbl126-5,4  MRDC tbl[127] e:3+7+28+40 n:40
[17:48:31.841] [N3API] MRDC: [127]tbl127-5,4  
[17:48:31.845] [N3API] MRDC BCL:128, FSCL:5
[17:48:31.849] [ASN]  [OSS DB] enc PDU sz: 1873
[17:48:31.852] [OTA DB] 29:MRDC [1873]
[17:48:31.855] [N3API] MRDC update: reset UE capability DB
[17:48:31.858] [MRM] Set UE MRDC Capability PDU - mode: 2 length: 1910
[17:48:31.861] [N3API]  mrdcCapaPdu mode:2, size:1910
[17:48:31.866] [MRM] Set UE NR Capability PDU - mode: 1 length: 1686
[17:48:31.871] [N3API]  ueCapaPdu mode:1, size:1686
[17:48:31.877] [N3API]  ueCapaPdu mode:3, size:1686
[17:48:31.880] [N3API] [CAPA-MEM][op-pre] pInfo=856c9dd8 SBL(own=0 alloc=00000000) BCL.trk=0 FS.trk=0
[17:48:31.889] [N3API]   SBL.val=85795858 cnt=15 BCL.main=857ab578 cnt=108 ABLF(dec=0/00000000/0 own=0/00000000)
[17:48:31.902] [N3API]   FS outer: decode-graph (B), trk=0
[17:48:31.905] [N3API] [CAPA-MEM][pre-ASNFreePdu] pInfo=856c9dd8 SBL(own=0 alloc=00000000) BCL.trk=0 FS.trk=0
[17:48:31.911] [N3API]   SBL.val=85795858 cnt=15 BCL.main=857ab578 cnt=108 ABLF(dec=0/00000000/0 own=0/00000000)
[17:48:31.917] [N3API]   FS outer: decode-graph (B), trk=0
[17:48:31.920] [N3API] L3_NR_FREE_BCL: supportedBandCombinationList, num: 108
[17:48:31.925] [N3API] BCL: free dec 857ab578 (detach untrk)
[17:48:31.928] [N3API] L3_NR_FREE_BCL: supportedBandCombinationList_v1540, num: 108
[17:48:31.933] [N3API] BCL: free dec 857b3358 (detach untrk)
[17:48:31.937] [N3API] L3_NR_FREE_BCL: supportedBandCombinationList_v1610, num: 108
[17:48:31.942] [N3API] BCL: free dec 85815258 (detach untrk)
[17:48:31.947] [N3API] [CAPA-MEM][post-ASNFreePdu] pInfo=856c9dd8 SBL(own=0 alloc=00000000) BCL.trk=0 FS.trk=0
[17:48:31.954] [N3API]   SBL.val=85795858 cnt=15 BCL.main=00000000 cnt=0 ABLF(dec=0/00000000/0 own=0/00000000)
[17:48:31.961] [N3API]   FS outer: decode-graph (B), trk=0
[17:48:31.965] [N3API] [CAPA-MEM][cfg-cache] reset: empty
[17:48:31.971] [OTA RX:10240] 31:NRCAPA [1686]->
[17:48:31.978] E1A23000 47465A03 1F8D8385 20001609 31700018 3F0B804D DFF04088 20402E89
[17:48:31.985] 000A00B0 1F4C4C00 90000010 88006AD0 60003003 D038F21C F8000105 FFC7F1FC
[17:48:31.990] 7FF1FC7F 0708100E DD000100 010001D0 00100010 00000140 A6260148 00000844
[17:48:31.996] 00356830 001801E8 1C790E7C 000082FF E3F8FE3F F8FE3F83 8408076E C000C000
[17:48:32.001] C000EC00 0C000C00 0000A053 13012400 00042200 1AB41800 0C00F40E 3C873E00
[17:48:32.011] 00416F81 E06F01C0 1C004005 0298980D 20000021 1000D5A0 C0006007 A071E439
[17:48:32.022] F000020B FF8FE3F8 FFE3F8FE 0E10201D B9000100 01000390 00100010 00000281
[17:48:32.031] 4C4C0790 00001088 006AD060 003003D0 38F21CF8 000105BC 0701BC07 00708100
[17:48:32.041] 79C80008 00080000 140A6260 6C800000 84400356 83000180 1E81C790 E7C00008
[17:48:32.051] 2D80200D 80200380 0800A053 1304E400 00042200 1AB41800 0C00F40E 3C873E00
[17:48:32.058] 00416F01 C06F01C0 1C004005 02989833 20000021 1000D5A0 C0006007 A071E439
[17:48:32.066] F000020B 7E0F8378 0E00E002 002814C4 C1B90000 01088006 AD060003 003D038F
[17:48:32.071] 21CF8000 105BF07C 1BF07C07 00100140 A63612C8 00000844 00356830 001801E8
[17:48:32.078] 1C790E7C 000082BF F0FC3F0F FC3F0FC0 E0020028 14C6C279 00000108 8006AD06
[17:48:32.085] 0003003D 038F21CF 80001057 FF1FF7FD FFC7FDFF 1C20402B 39000900 03900090
[17:48:32.094] 00000503 98D85021 20000021 1000D5A0 C0006007 A071E439 F000020A FFE3FEFF
[17:48:32.101] BFF8FFBF E3850807 6EC001C0 01C000EC 001C001C 00000200 04000000 A0130212
[17:48:32.110] A0000000 88006AD0 60003003 D038F21C F8000105 FFC7F1FC E6362640 48000008
[17:48:32.117] 44003568 30001801 E81C790E 7C000082 BBF8FFBF EEFE3FEF F8E14201 59C00040
[17:48:32.126] 001C0004 00000080 01000000 2814C6C4 D9000001 088006AD 06000300 3D038F21
[17:48:32.131] CF800010 577F1FF7 FDDFC7FD FF1C2840 2B380008 00038000 80000010 00200000
[17:48:32.141] 05029888 A7200000 211000D5 A0C00060 07A071E4 39F00002 0BFF8FE3 F8380080
[17:48:32.145] 0A010801 C0000000 00070080 0000001C 04000002 00701800 000001C0 70000040
[17:48:32.155] 07034000 01801C13 00000800 70640000 1001C1B0 0000A107 09400003 001C2700
[17:48:32.163] 000E1070 9C000040 41C28000 01010713 00000404 1C4D0000 1000F134 0028A600
[17:48:32.172] 09007800 001C0400 001400F0 0000384E 00002C01 E0000071 34000058 03C04000
[17:48:32.178] E1380000 C0078080 01C4D000 01801700 00038080 01827000 6805C000 00C0201C
[17:48:32.183] 2700001C 0160000E 02000709 C0000780 5C00000E 02000613 4001A017 00000300
[17:48:32.189] 80713400 00700580 00380800 1C4D0000 1E017000 00384E00 184D0008 005C0000
[17:48:32.196] 0C1381C4 D0000220 160000E1 38007134 00009005 C04000E1 38006134 00260170
[17:48:32.202] 1000304E 07134000 0A005804 0384E001 C4D00002 A3A40017 44200000 00000000
[17:48:32.207] 00000023 011808C0 46023011 82008020 08020080 40040040 04004004 00400400
[17:48:32.211] 40040040 04000FC2 10000000 00000000 00000010 20400000 00000000 00000000
[17:48:32.217] 00000000 00007EFF FFFC4600 07000503 82803818 04200C03 C0F00000 00000000
[17:48:32.222] 00040000 00040000 00030000 00020000 00014000 0000C000 00007000 00004000
[17:48:32.227] 00002400 00001400 00000B00 00000600 00000340 000001C0 000000F0 3D93B583
[17:48:32.233] B5A3B592 35823592 B582B590 B580B591 B581B593 358335A3 359535A5 34100000
[17:48:32.240] 00000000 10000008 00000300 00010000 00500000 18000007 00000200 00009000
[17:48:32.245] 00280000 0B000003 000000D0 00003800 000F0000 04010127 820F051E 091C1038
[17:48:32.251] 24304060 9341068A 4D5141AA 2A35412A 829514AA A283D454 AA80A801 40080180
[17:48:32.259] 20050060 0C006010 02402805 00180600 900E0140 06020034 04807001 80A00901
[17:48:32.265] 60140060 30044068 0900280C 01501A02 E0380600 140780D8 02005020 03800A03
[17:48:32.273] C07C0101 08100221 0501E03E 00808408 01105000 00600001 40000308 28010030
[17:48:32.278] 0400A00C 01818040 0900A014 20A00400 C0100280 30060A03 C06C0100 281001C1
[17:48:32.287] 03008012 01402828 0F01B004 00A04007 08140080 18020050 0600C0C0 20048050
[17:48:32.295] 0A0A03C0 04010008 10000205 00200600 80140180 30300800 20140002 80F01B00
[17:48:32.300] 400A0400 70814008 00802001 0060000C 02004805 00A0A03C 06C01002 81001C20
[17:48:32.305] 50020060 08014018 03050020 06008014 01803050 1E002008 00408000 10280100
[17:48:32.310] 300400A0 0C018280 F0010040 02040000 28010030 0400A00C 01881400 80080200
[17:48:32.316] 10060001 40780D80 20050200 38140080 18020050 0600C406 01002402 80505002
[17:48:32.321] 00600801 40180305 01E00200 80040800 01018040 0900A014 14078008 02001020
[17:48:32.325] 00014008 01802005 00600C40 60100040 28000501 E0360080 140800E0 50020060
[17:48:32.330] 08014018 031AA030 401032F6 70000000 014A2000 0420
[17:48:32.334] [N3API] init_BCL param - 33
[17:48:32.338] [N3API] RF bit_mask : a2 00 00 00 00
[17:48:32.341] [N3API] [CAPA-MEM][post-decode] pInfo=00000000 SBL(own=0 alloc=00000000) BCL.trk=0 FS.trk=0
[17:48:32.348] [N3API] nr pdu filter hw=26 sbl 16->14 bcl 33->32
[17:48:32.353] [N3API] [CAPA-MEM][DB-set] pInfo=856c9dd8 SBL(own=0 alloc=00000000) BCL.trk=0 FS.trk=0
[17:48:32.360] [N3API]   SBL.val=85599458 cnt=14 BCL.main=85594428 cnt=32 ABLF(dec=0/00000000/0 own=0/00000000)
[17:48:32.368] [N3API]   FS outer: decode-graph (B), trk=0
[17:48:32.372] [L3API][H] Enable UL MIMO
[17:48:32.376] [L3API][H] TDD UL MIMO
[17:48:32.380] [L3API][H] Disable CA
[17:48:32.384] [L3API][H] Bit 13 : disabled
[17:48:32.390] [L3API][H] Bit 18 : disabled
[17:48:32.394] [L3API][H] Bit 13 : disabled
[17:48:32.399] [L3API][H] Bit 18 : disabled
[17:48:32.404] [L3API][H]  SetFgi: 1E9805FE 00000000 0000C1FF / 1E9805FE 00000000 0000C1FF
[17:48:32.451] [L3API][H]  SetFgi: FDD/TDD configured
[17:48:32.456] [L3API][H] Bit 13 : disabled
[17:48:32.459] [L3API][H] Bit 18 : disabled
[17:48:32.463] [L3API][H]  Set FGI Common (1E9805FE 00000000 0000C1FF)
[17:48:32.470] [L3API][H]  Set FGI FDD only (00000000 00000000 00000000)
[17:48:32.475] [L3API][H]  Set FGI TDD only (00000000 00000000 00000000)
[17:48:32.481] [L3API][H] 	[Y]Set interRAT_BandList(0) in BCL(31)
[17:48:32.486] [N3API]  EUTRA band[32]:
[17:48:32.491] [N3API] 	 B1 B2 B3 B4 B5 B6 B7 B8 B10 B12 B13 B14 B17 B18 B19 B20
[17:48:32.494] [N3API] 	 B25 B26 B28 B29 B30 B34 B38 B39 B40 B41 B42 B43 B48 B52 B66 B71
[17:48:32.506] [N3API] 
[17:48:32.510] Set bit-mask: 856CB4E4(000000E0) - 0 00000010
[17:48:32.514] [N3API] [MPR][PC] band:n38 pc:1 v1610:0 isPc1dot5:0 mpr_present:0 mpr_val:0x00
[17:48:32.521] [N3API] [MPR][PC] done band:n38 mpr_present:0 mpr_val:0x00
[17:48:32.527] [N3API] [MPR][PC] band:n40 pc:1 v1610:0 isPc1dot5:0 mpr_present:0 mpr_val:0x00
[17:48:32.533] [N3API] [MPR][PC] done band:n40 mpr_present:0 mpr_val:0x00
[17:48:32.539] [N3API] [MPR][PC] band:n41 pc:1 v1610:1 isPc1dot5:1 mpr_present:1 mpr_val:0x10
[17:48:32.546] [N3API] [MPR][PC] set n41 modifiedMPR_Behaviour=0x10
[17:48:32.551] [N3API] [MPR][PC] done band:n41 mpr_present:1 mpr_val:0x10
[17:48:32.560] [N3API] [MPR][PC] band:n77 pc:1 v1610:1 isPc1dot5:1 mpr_present:1 mpr_val:0x80
[17:48:32.571] [N3API] [MPR][PC] set n77 modifiedMPR_Behaviour=0x80
[17:48:32.578] [N3API] [MPR][PC] done band:n77 mpr_present:1 mpr_val:0x80
[17:48:32.586] [N3API] [MPR][PC] band:n78 pc:1 v1610:1 isPc1dot5:1 mpr_present:0 mpr_val:0x00
[17:48:32.597] [N3API] [MPR][PC] set n78 modifiedMPR_Behaviour=0x80
[17:48:32.605] [N3API] [MPR][PC] done band:n78 mpr_present:1 mpr_val:0x80
[17:48:32.610] [N3API] === reset UE Capa PDU
[17:48:32.614] [N3API] [CAPA-MEM][reset-done] pInfo=856c9dd8 SBL(own=0 alloc=00000000) BCL.trk=0 FS.trk=0
[17:48:32.630] [N3API]   SBL.val=85599458 cnt=14 BCL.main=85594428 cnt=32 ABLF(dec=0/00000000/0 own=0/00000000)
[17:48:32.642] [N3API]   FS outer: decode-graph (B), trk=0
[17:48:32.648] [N3API] [CAPA-MEM][op-post] pInfo=856c9dd8 SBL(own=0 alloc=00000000) BCL.trk=0 FS.trk=0
[17:48:32.659] [N3API]   SBL.val=85599458 cnt=14 BCL.main=85594428 cnt=32 ABLF(dec=0/00000000/0 own=0/00000000)
[17:48:32.671] [N3API]   FS outer: decode-graph (B), trk=0
[17:48:32.677] [MRM] Set UE EUTRA Capability PDU - mode: 1 length: 1853
[17:48:32.684] [L3API][H]  eutraCapaPdu mode:1, size:1853
[17:48:32.690] [L3API][H]  eutraCapaPdu mode:3, size:1853
[17:48:32.693] [L3API][H] eutra reset: hasPdu:1 RunSrc=CFG
[17:48:32.697] [OTA RX][0] 30:UECAPA [1853]->
[17:48:32.700] E0198057 00103081 43071244 913326CF A54EA14A A5EFDFBF 7E5EBFFF FFF83D7F
[17:48:32.705] FFFFF07A FFFFFFE0 F5FFFFFF C1EBFFFF FF83D7FF FFFF07AF FFFFFE0F 5FFFFFFC
[17:48:32.711] 1EBFFFFF F83D7FFF FFF07AFF FFFFE0F5 FFFFFFC1 EBFFFFFF 83D7FFFF FF07AFFF
[17:48:32.716] FFFE0F5F FFFFFC1E BFFFFFF8 3D7FFFFF F07AFFFF FFE0F5FF FFFFC1EB FFFFFF83
[17:48:32.721] D7FFFFFF 07AFFFFF FE0F5FFF FFFC1FF8 3FE26800 E6DE039E 40000000 1FEB8000
[17:48:32.728] 04060D0A 8597F000 00005F78 01801801 80180180 18018018 01801801 80180180
[17:48:32.732] 18018018 01801801 80180180 18018018 018210C0 0C108600 60843003 04218018
[17:48:32.736] 210C00C1 08600608 43003042 18018210 C00C1086 00608430 03042180 18210C00
[17:48:32.741] C1086006 08430030 42180182 10C00C10 86006084 30030421 8018210C 00C10860
[17:48:32.746] 06084300 30421801 8210C00C 10860060 84300304 21801821 0C00C108 60060843
[17:48:32.750] 00304218 018210C0 0C108600 60843003 04218018 210C00C1 08600608 43003042
[17:48:32.759] 18018210 C00C1086 00608430 03042180 18210C00 C1086006 08430030 4212D3E2
[17:48:32.765] 82EE0600 00208184 00082061 80020818 80008206 28002081 8C000820 63800208
[17:48:32.772] 19200082 06880020 81A40008 20698002 081B2000 8206D800 2081BE00 08207280
[17:48:32.780] 02081CE0 00820740 002081D2 00082075 0002081D E0008207 F8002081 FE000820
[17:48:32.788] 7F800208 1FE00082 06000024 83800008 2801040C 20004907 08001050 82081860
[17:48:32.793] 00920E18 0020A184 10310001 141C4000 41440820 62800248 38A00082 8A1040C6
[17:48:32.797] 00049071 80010518 20818E00 08A0E380 020A3841 03240012 41C90004 14908206
[17:48:32.802] 88002483 A200082A 21040D20 00490748 00105482 081A6000 920E9800 20A98410
[17:48:32.809] 36400124 1D900041 5908206D 8002483B 600082B6 1040DF00 049077C0 01057C20
[17:48:32.814] 81CA0009 20F28002 0B284103 9C001241 E7000416 70820740 002483D0 00082D01
[17:48:32.822] 040E9000 4907A400 105A4208 1D400092 0F500020 B504103B C001241E F000416F
[17:48:32.827] 08207F80 02483FE0 0082FE10 40FF0004 907FC001 05FC2081 FE000920 FF80020B
[17:48:32.836] F84103FC 001241FF 000417F0 82060008 24838000 08380000 82061008 24838400
[17:48:32.843] 08384000 82061808 24838600 08386000 82062004 22838800 08388000 82062808
[17:48:32.850] 24838A00 0838A000 82063008 24838C00 0838C000 82063804 22838E00 0838E000
[17:48:32.855] 82064808 24839200 08392000 82068808 2483A200 083A2000 82069008 2483A400
[17:48:32.866] 083A4000 82069808 2483A600 083A6000 8206C808 2483B200 083B2000 8206D808
[17:48:32.871] 2483B600 083B6000 8206F808 2483BE00 083BE000 82072808 2483CA00 083CA000
[17:48:32.881] 82073808 2483CE00 083CE000 82074008 2483D000 083D0000 82074808 2483D200
[17:48:32.887] 083D2000 82075008 2483D400 083D4000 82077808 2483DE00 083DE000 8207F808
[17:48:32.895] 2483FE00 083FE000 8207F808 2483FE00 083FE000 8207F808 2483FE00 083FE000
[17:48:32.901] 8207F808 2483FE00 083FE000 83DEBFFF FFF8397F FFFFF2FF FFFFE5FF FFFFCBFF
[17:48:32.906] FFFF97FF FFFF2FFF FFFE5FFF FFFCBFFF FFF97FFF FFF2FFFF FFE5FFFF FFCBFFFF
[17:48:32.916] FF97FFFF FF2FFFFF FE5FFFFF FCBFFFFF F97FFFFF F2FFFFFF E5FFFFFF CBFFFFFF
[17:48:32.925] 97FFFFFF 2FFFFFFE 5FFFFFFC BFFFFFF9 7FFFFFF2 FFFFFFE5 FFFFFFCB FFFFFF97
[17:48:32.929] FFFFFF2F FFFFFE5F FFFFFCBF FFFFF97F FFFFF2FF FFFFE5FF FFFFCBFF FFFF97FF
[17:48:32.936] FFFF2FFF FFFE5FFF FFFCBFFF FFF97FFF FFF2FFFF FFE5FFFF FFCBFFFF FF97FFFF
[17:48:32.942] FF2FFFFF FE5FFFFF FCBFFFFF F97FFFFF F2FFFFFF E5FFFFFF CBFFFFFF 97FFFFFF
[17:48:32.947] 2FFFFFFE 5FFFFFFC BFFFFFF9 7FFFFFF2 FFFFFFE5 FFFFFFCB FFFFFF97 FFFFFF2F
[17:48:32.952] FFFFFE5F FFFFFCBF FFFFF97F FFFFF2FF FFFFE5FF FFFFCBFF FFFF97FF FFFF2FFF
[17:48:32.965] FFFE5FFF FFFCBFFF FFF97FFF FFF2FFFF FFE5FFFF FFCBFFFF FF97FFFF FF2FFFFF
[17:48:32.970] FE5FFFFF FCBFFFFF F97FFFFF F2FFFFFF E5FFFFFF CBFFFFFF 97FFFFFF 2FFFFFFE
[17:48:32.975] 5FFFFFFC BFFFFFF9 7FFFFFF2 FFFFFFE5 FFFFFFCB FFFFFF97 FFFFFF2F FFFFFE5F
[17:48:32.980] FFFFFCBF FFFFF97F FFFFF2FF FFFFE5FF FFFFCBFF FFFF97FF FFFF2FFF FFFE5FFF
[17:48:32.985] FFFCBFFF FFF97FFF FFF2FFFF FFE5FFFF FFCBFFFF FF97FFFF FF2FFFFF FE5FFFFF
[17:48:32.990] FCBFFFFF F97FFFFF F2FFFFFF E5FFFFFF CBFFFFFF 97FFFFFF 2FFFFFFE 5FFFFFFD
[17:48:32.997] FFC80002 D083B800 0000FF80 000001FE 00000007 F8000000 03FE0000 000FFC00
[17:48:33.002] 00000000 0FF00000 003FC000 0000FFC0 000003FC 0000000F F0000000 00003FE0
[17:48:33.007] 0000007F 80000001 FE000000 00FF8000 0003FF00 00000000 03FC0000 000FF000
[17:48:33.012] 00003FF0 000000FF 00000003 FC000000 00007EE0 00000000 00000000 00000000
[17:48:33.018] 00000000 00000000 202020C0 21402160 00800020 00080002 00008000 20000800
[17:48:33.027] 02000080 00200008 00020000 80002000 08000200 00800020 00080002 002020A0
[17:48:33.036] 28080830 28320C02 140A1485 00858285 A1600080 00200008 00020000 80002000
[17:48:33.046] 08000200 00800020 00080002 00008000 20000800 02000080 00200008 00020020
[17:48:33.055] 20A02808 08302832 0C02140A 14850085 8285A172 8401E32D 300C2FFF FFFFDFFF
[17:48:33.060] F59B9420 08E00452 40000800 00412E68 022605EF 05001040 00100008 00000C10
[17:48:33.067] 41040043 94008000 82087220 01000021 830C0113 02F41022 00004080 64
[17:48:33.075] [L3API][H] pdu filter hw sbl 24->21 bcl10 120->105 add 0->0 red 0->0
[17:48:33.079] [L3API][H]  supportedBandCombination_v10i0 free - 0x856BD7A8
[17:48:33.083] [L3API][H]  supportedBandCombination_r10 free - 0x856AE758
[17:48:33.086] [L3API][H] eutra RunSrc:CFG->PDU
[17:48:33.090] [L3API][H] eutra reset: skip cfg overlay (OSS_DECODE)
[17:48:33.094] [L3API][H] eutra reset: cfg ca_mode=0 (NON_CA=0)
[17:48:33.100] [L3API][H] eutra reset: NON_CA - strip CA from run DB
[17:48:33.108] [L3API][H] eutra keep Non-CA BCL (ca_mode=0) r10 105->21 add 0->0 red 0->0
[17:48:33.113] [L3API][H] eutra reset: DB from PDU (sz=1853) RunSrc=PDU (no overlay)
[17:48:33.117] mrd: ca_band_combination_list()
[17:48:33.121] mrd: CA user_version : 0
[17:48:33.125] mrd: CA Band combination List file_ver:0, ucfg_user_ver:0
[17:48:33.130] mrd: /var/nr/param/capa/rrc_ca_combination_list_mode_none.bin : version match
[17:48:33.138] mrd: File(/var/nr/param/capa/rrc_ca_combination_list_working.bin) size : 330
[17:48:33.149] mrd: Create New CA Band Combination List File(/var/nr/param/capa/rrc_ca_combination_list_working.bin)
[17:48:33.160] mrd: ca disable index : 0
[17:48:33.163] mrd: Enable/Disable Enable_field among CA Band Combination List
[17:48:33.169] mrd: The Supported CA Band combination list not set.(user_ver(0)
[17:48:33.173] Modem IPC mode:
[17:48:33.177]   master_proc_idle=1
[17:48:33.182]   assert_level=3
[17:48:33.186]   sdu_prio=1
[17:48:33.189] Linux IPC mode:
[17:48:33.192]   proc_idle enabled=1(cpu=0)
[17:48:33.195]   assert_level=3(3)
[17:48:33.199]   sdu_prio=1(1)
[17:48:33.204] mrd: [mrd_db_device_info] MCC[001] MNC[012], MNC len(3), SVN(0)
[17:48:33.211] mrd: NR UICC INFORMATION INDICATION(DEV_IDX(1)
[17:48:33.219] mrd: USIM Status 1
[17:48:33.223] mrd: USIM Slot	0
[17:48:33.229] mrd: IMSI : 001012345678901
[17:48:33.232] mrd: IMEI : 123456798213141
[17:48:33.236] mrd: SV : 0
[17:48:33.239] mrd: ICCID : 89014103255041700619
[17:48:33.245] mrd: EID : 00000000000000000000000000000000
[17:48:33.250] mrautocm: [mrcm_uicc_info_ind] status from (0) to (1)
[17:48:33.258] mrd: [mrd_db_device_info] MCC[001] MNC[012], MNC len(3), SVN(0)
[17:48:33.268] mrd: NR UICC INFORMATION INDICATION(DEV_IDX(1)
[17:48:33.276] mrd: USIM Status 1
[17:48:33.279] mrd: USIM Slot	0
[17:48:33.283] mrd: IMSI : 001012345678901
[17:48:33.288] mrd: IMEI : 123456798213141
[17:48:33.293] mrd: SV : 0
[17:48:33.297] mrd: ICCID : 8[NV] +nv_write [mrd] NET(4) data=0x7fa876f010 offs=0xc7 size=0x1
[17:48:33.308] 9014103255041700619
[17:48:33.312] mrd: EID : 00000000000000000000000000000000
[17:48:33.315] mrautocm: [mrcm_uicc_info_ind] status from (0) to (1)
[17:48:33.319] mrd: DEVICE CONFIG SET RESPONSE(DEV_IDX(1) Result(0)
[17:48:33.322] mrd: [mrd_db_device_info] MCC[001] MNC[012], MNC len(3), SVN(0)
[17:48:33.327] mrd: NR UICC INFORMATION INDICATION(DEV_IDX(1)
[17:48:33.331] mrd: USIM Status 1
[17:48:33.334] mrd: USIM Slot	0
[17:48:33.338] mrd: IMSI : 001012345678901
[17:48:33.341] mrd: IMEI : 123456798213141
[17:48:33.345] mrd: SV : 0
[17:48:33.348] mrd: ICCID : 89014103255041700619
[17:48:33.352] mrd: EID : 00000000000000000000000000000000
[17:48:33.356] mrautocm: [mrcm_uicc_info_ind] status from (0) to (1)
[17:48:33.360] [NV] [LTE_NV] mrd Write Skip id=4(NET)
[17:48:33.363] [NV] -nv_write [mrd] NET(4) data=0x7fa876f010 offs=0xc7 size=0x1
[17:48:33.369] mrd: DEVICE CONFIG SET RESPONSE(DEV_IDX(1) Result(0)
[17:48:33.373] mrd: NR RRC CAPA SET RESPONSE(DEV_IDX(1))
[17:48:33.376] mrd: Result : 0
[17:48:33.380] mrd: NR RRC CAPA SET RESPONSE(DEV_IDX(1))
[17:48:33.383] mrd: Result : 0
[17:48:33.387] mrd: NR RRC CAPA SET RESPONSE(DEV_IDX(1))
[17:48:33.393] mrd: Result : 0
[17:48:33.397] mrd: LTE RRC CAPA SET RESPONSE(DEV_ID[NV] +nv_write [mrd] NET(4) data=0x7fa876f010 offs=0xc9 size=0x1
[17:48:33.404] X(1))
[17:48:33.449] mrd: Result : 0
[17:48:33.454] [NV] [LTE_NV] mrd Write Skip id=4(NET)
[17:48:33.458] [NV] -nv_write [mrd] NET(4) data=0x7fa876f010 offs=0xc9 size=0x1
[17:48:33.465] mrd: SMS STORAGE CONFIG WRITE RESPONSE
[17:48:33.472] shell
[17:48:33.476] # mrd: ONLINE REQUEST ret=110
[17:48:33.483] mrd: run_lte_scr nr=0
[17:48:33.488] mrd: run_cm_online_request_thread() - init_complete
[17:48:33.500] mrd: [online_request]Watchdog First start
[17:48:33.508] mrbip: LTE PS INIT Completed
[17:48:33.512] mrbip: Start
[17:48:33.516] mrautocm: MRAPI_UiccIdReadReq midType (0)
[17:48:33.523] mrautocm: [MRAPI_UiccIdReadReq]
[17:48:33.527] mrd: [SERVER] new connection request
[17:48:33.531] mrd: lted_srv_alloc_client id=4
[17:48:33.536] mrd: [SERVER] assigns client index 4 proc=mratcm(1455)
[17:48:33.545] c00: gdm_irq_set_type: cpu=0 hwirq=99 type=4
[17:48:33.552] c00: set_affinity: irq=46(UART RX) cpu=0
[17:48:33.558] c00: gdm_irq_set_type: cpu=0 hwirq=98 type=4
[17:48:33.562] c00: set_affinity: irq=47(UART TX) cpu=0
[17:48:33.565] uart port[1] fc=0 cr=0000002b
[17:48:33.569] highd open nr=1
[17:48:33.573] gif_open mratcm 1/0
[17:48:33.576] mrd: [mrd_db_device_info] MCC[001] MNC[012], MNC len(3), SVN(0)
[17:48:33.581] mrd: NR UICC INFORMATION INDICATION(DEV_IDX(1)
[17:48:33.585] mrd: USIM Status 1
[17:48:33.588] mrd: USIM Slot	0
[17:48:33.592] mrd: IMSI : 001012345678901
[17:48:33.595] mrd: IMEI : 123456798213141
[17:48:33.600] mrd: SV : 0
[17:48:33.604] mrd: ICCID : 89014103255041700619
[17:48:33.607] mrd: EID : 00000000000000000000000000000000
[17:48:33.614] mrautocm: [mrcm_uicc_info_ind] status from (0) to (1)
[17:48:33.618] mrautocm: [MRAPI_S_GET_UsimOperator]
[17:48:33.622] mrautocm: [mrcm_uicc_info_ind] USIM Operator From (E_USIM_OPER_UNKNOWN) To(E_USIM_OPER_UNKNOWN)
[17:48:33.634] ifconfig
[17:48:33.638] br0       Link encap:Ethernet  HWaddr 00:0A:3B:FF:FF:01  
[17:48:33.642]           inet addr:192.168.0.1  Bcast:192.168.0.255  Mask:255.255.255.0
[17:48:33.652]           inet6 addr: fe80::c0a8:5bff:fe12:615c/64 Scope:Link
[17:48:33.660]           UP BROADCAST RUNNING MULTICAST  MTU:1500  Metric:1
[17:48:33.668]           RX packets:132 errors:0 dropped:0 overruns:0 frame:0
[17:48:33.679]           TX packets:44 errors:0 dropped:0 overruns:0 carrier:0
[17:48:33.686]           collisions:0 txqueuelen:1000 
[17:48:33.692]           RX bytes:20329 (19.8 KiB)  TX bytes:3848 (3.7 KiB)
[17:48:33.700] lo        Link encap:Local Loopback  
[17:48:33.705]           inet addr:127.0.0.1  Mask:255.0.0.0
[17:48:33.708]           inet6 addr: ::1/128 Scope:Host
[17:48:33.715]           UP LOOPBACK RUNNING  MTU:65536  Metric:1
[17:48:33.719]           RX packets:0 errors:0 dropped:0 overruns:0 frame:0
[17:48:33.728]           TX packets:0 errors:0 dropped:0 overruns:0 carrier:0
[17:48:33.733]           collisions:0 txqueuelen:1000 
[17:48:33.737]           RX bytes:0 (0.0 B)  TX bytes:0 (0.0 B)
[17:48:33.740] usb0      Link encap:Ethernet  HWaddr 00:0A:3B:FF:FF:01  
[17:48:33.744]           inet6 addr: fe80::20a:3bff:feff:ff01/64 Scope:Link
[17:48:34.059] $ ping 192.168.0.1
[17:48:34.064] ULTICAST  MTU:1500  Metric:1
[17:48:34.067]           RX packets:140 errors:0 dropped:0 overruns:0 frame:0
[17:48:34.071]           TX packets:40 errors:0 dropped:0 overruns:0 carrier:0
[17:48:34.075]           collisions:0 txqueuelen:1000 
[17:48:35.084]           RX bytes:23354 (22.8 KiB)  TX bytes:5564 (5.4 KiB)
[17:48:35.096] # ping 192.168.0.1
[17:48:35.100] PING 192.168.0.1 (192.168.0.1): 56 data bytes
[17:48:35.107] 64 bytes from 192.168.0.1: seq=0 ttl=64 time=0.201 ms
[17:48:35.114] 64 bytes from 192.168.0.1: seq=1 ttl=64 time=0.065 ms
[17:48:36.132] i2c 2-0047: deferred probe pending: (reason unknown)
[17:48:36.135] 64 bytes from 192.168.0.1: seq=2 ttl=64 time=0.095 ms
[17:48:37.139] 64 bytes from 192.168.0.1: seq=3 ttl=64 time=0.050 ms
[17:48:37.452] $ (ctrl) Ctrl+C
[17:48:38.458] ^C
[17:48:38.464] --- 192.168.0.1 ping statistics ---
[17:48:38.468] 4 packets transmitted, 4 packets received, 0% packet loss
[17:48:38.472] round-trip min/avg/max = 0.050/0.102/0.201 ms
[17:48:39.781] $ ifconfig
[17:48:39.792] ifconfig
[17:48:39.797] br0       Link encap:Ethernet  HWaddr 00:0A:3B:FF:FF:01  
[17:48:39.804]           inet addr:192.168.0.1  Bcast:192.168.0.255  Mask:255.255.255.0
[17:48:39.811]           inet6 addr: fe80::c0a8:5bff:fe12:615c/64 Scope:Link
[17:48:39.817]           UP BROADCAST RUNNING MULTICAST  MTU:1500  Metric:1
[17:48:39.820]           RX packets:198 errors:0 dropped:0 overruns:0 frame:0
[17:48:39.824]           TX packets:63 errors:0 dropped:0 overruns:0 carrier:0
[17:48:39.828]           collisions:0 txqueuelen:1000 
[17:48:39.832]           RX bytes:25692 (25.0 KiB)  TX bytes:5361 (5.2 KiB)
[17:48:39.835] lo        Link encap:Local Loopback  
[17:48:39.838]           inet addr:127.0.0.1  Mask:255.0.0.0
[17:48:39.842]           inet6 addr: ::1/128 Scope:Host
[17:48:39.845]           UP LOOPBACK RUNNING  MTU:65536  Metric:1
[17:48:39.849]           RX packets:8 errors:0 dropped:0 overruns:0 frame:0
[17:48:39.852]           TX packets:8 errors:0 dropped:0 overruns:0 carrier:0
[17:48:39.856]           collisions:0 txqueuelen:1000 
[17:48:39.861]           RX bytes:672 (672.0 B)  TX bytes:672 (672.0 B)
[17:48:39.864] usb0      Link encap:Ethernet  HWaddr 00:0A:3B:FF:FF:01  
[17:48:39.871]           inet6 addr: fe80::20a:3bff:feff:ff01/64 Scope:Link
[17:48:39.875]           UP BROADCAST RUNNING MULTICAST  MTU:1500  Metric:1
[17:48:39.879]           RX packets:210 errors:0 dropped:4 overruns:0 frame:0
[17:48:39.885]           TX packets:60 errors:0 dropped:0 overruns:0 carrier:0
[17:48:39.888]           collisions:0 txqueuelen:1000 
[17:48:40.894]           RX bytes:28893 (28.2 KiB)  TX bytes:8156 (7.9 KiB)
[17:48:42.200] $ lspci
[17:48:43.210] lspci
[17:48:44.525] $ cat /proc/interrupt
[17:48:45.529] cat /proc/interrupt
[17:48:45.535] cat: can't open '/proc/interrupt': No such file or directory
